85.194.8.70 - - [20/Oct/2017:09:05:52 +0200] "GET /forum/styles/dbwebb_v2.0/imageset/announce_read.gif HTTP/1.1" 200 1167 "https://dbwebb.se/forum/viewforum.php?f=42" "Mozilla/5.0 (X11; Ubuntu; Linux x86_64; rv:56.0) Gecko/20100101 Firefox/56.0"
85.194.8.70 - - [20/Oct/2017:09:05:52 +0200] "GET /forum/styles/dbwebb_v2.0/imageset/topic_read_locked.gif HTTP/1.1" 200 1161 "https://dbwebb.se/forum/viewforum.php?f=42" "Mozilla/5.0 (X11; Ubuntu; Linux x86_64; rv:56.0) Gecko/20100101 Firefox/56.0"
85.194.8.70 - - [20/Oct/2017:09:05:52 +0200] "GET /forum/styles/dbwebb_v2.0/imageset/topic_read.gif HTTP/1.1" 200 1230 "https://dbwebb.se/forum/viewforum.php?f=42" "Mozilla/5.0 (X11; Ubuntu; Linux x86_64; rv:56.0) Gecko/20100101 Firefox/56.0"
85.194.8.70 - - [20/Oct/2017:09:05:52 +0200] "GET /forum/styles/dbwebb_v2.0/imageset/topic_read_hot.gif HTTP/1.1" 200 2021 "https://dbwebb.se/forum/viewforum.php?f=42" "Mozilla/5.0 (X11; Ubuntu; Linux x86_64; rv:56.0) Gecko/20100101 Firefox/56.0"
85.194.8.70 - - [20/Oct/2017:09:05:52 +0200] "GET //forum/styles/dbwebb_v2.0/imageset/sv/button_topic_new.gif HTTP/1.1" 304 280 "https://dbwebb.se/css/forum.min.css" "Mozilla/5.0 (X11; Ubuntu; Linux x86_64; rv:56.0) Gecko/20100101 Firefox/56.0"
85.194.8.70 - - [20/Oct/2017:09:05:52 +0200] "GET /forum/styles/dbwebb_v2.0/imageset/sticky_read.gif HTTP/1.1" 304 280 "https://dbwebb.se/forum/viewforum.php?f=42" "Mozilla/5.0 (X11; Ubuntu; Linux x86_64; rv:56.0) Gecko/20100101 Firefox/56.0"
85.194.8.70 - - [20/Oct/2017:09:05:57 +0200] "GET /forum/viewtopic.php?f=42&t=6572 HTTP/1.1" 200 6824 "https://dbwebb.se/forum/viewforum.php?f=42" "Mozilla/5.0 (X11; Ubuntu; Linux x86_64; rv:56.0) Gecko/20100101 Firefox/56.0"
85.194.8.70 - - [20/Oct/2017:09:05:57 +0200] "GET /forum/styles/dbwebb_v2.0/imageset/icon_post_target.gif HTTP/1.1" 304 279 "https://dbwebb.se/forum/viewtopic.php?f=42&t=6572" "Mozilla/5.0 (X11; Ubuntu; Linux x86_64; rv:56.0) Gecko/20100101 Firefox/56.0"
164.132.161.45 - - [20/Oct/2017:09:06:04 +0200] "GET /forum/feed.php?f=23&t=6530 HTTP/1.1" 200 17158 "-" "Mozilla/5.0 (compatible; AhrefsBot/5.2; +http://ahrefs.com/robot/)"
2.64.139.12 - - [20/Oct/2017:09:06:10 +0200] "GET /forum/viewtopic.php?p=56556 HTTP/1.1" 200 10469 "-" "Mozilla/5.0 (Linux; Android 7.0; VTR-L29 Build/HUAWEIVTR-L29) AppleWebKit/537.36 (KHTML, like Gecko) Chrome/61.0.3163.98 Mobile Safari/537.36"
217.182.132.95 - - [20/Oct/2017:09:06:39 +0200] "GET /forum/viewtopic.php?f=9&t=1946 HTTP/1.1" 200 9616 "-" "Mozilla/5.0 (compatible; AhrefsBot/5.2; +http://ahrefs.com/robot/)"
85.194.8.70 - - [20/Oct/2017:09:06:54 +0200] "GET /forum/posting.php?mode=reply&f=42&t=6572 HTTP/1.1" 200 9305 "https://dbwebb.se/forum/viewtopic.php?f=42&t=6572" "Mozilla/5.0 (X11; Ubuntu; Linux x86_64; rv:56.0) Gecko/20100101 Firefox/56.0"
85.194.8.70 - - [20/Oct/2017:09:07:36 +0200] "POST /forum/posting.php?mode=reply&f=42&t=6572 HTTP/1.1" 200 4430 "https://dbwebb.se/forum/posting.php?mode=reply&f=42&t=6572" "Mozilla/5.0 (X11; Ubuntu; Linux x86_64; rv:56.0) Gecko/20100101 Firefox/56.0"
85.194.8.70 - - [20/Oct/2017:09:07:38 +0200] "GET /forum/viewtopic.php?f=42&t=6572&p=56557 HTTP/1.1" 200 7710 "https://dbwebb.se/forum/posting.php?mode=reply&f=42&t=6572" "Mozilla/5.0 (X11; Ubuntu; Linux x86_64; rv:56.0) Gecko/20100101 Firefox/56.0"
85.194.8.70 - - [20/Oct/2017:09:07:45 +0200] "GET /forum/posting.php?mode=edit&f=42&p=56557 HTTP/1.1" 200 9000 "https://dbwebb.se/forum/viewtopic.php?f=42&t=6572&p=56557" "Mozilla/5.0 (X11; Ubuntu; Linux x86_64; rv:56.0) Gecko/20100101 Firefox/56.0"
83.253.134.10 - - [20/Oct/2017:09:07:46 +0200] "GET / HTTP/1.1" 200 10571 "-" "Mozilla/5.0 (X11; Linux x86_64) AppleWebKit/537.36 (KHTML, like Gecko) Ubuntu Chromium/61.0.3163.100 Chrome/61.0.3163.100 Safari/537.36"
83.253.134.10 - - [20/Oct/2017:09:07:48 +0200] "GET /kurser HTTP/1.1" 200 5675 "https://dbwebb.se/" "Mozilla/5.0 (X11; Linux x86_64) AppleWebKit/537.36 (KHTML, like Gecko) Ubuntu Chromium/61.0.3163.100 Chrome/61.0.3163.100 Safari/537.36"
137.74.201.100 - - [20/Oct/2017:09:07:49 +0200] "GET /forum/viewtopic.php?p=21209 HTTP/1.1" 200 19955 "-" "Mozilla/5.0 (compatible; AhrefsBot/5.2; +http://ahrefs.com/robot/)"
83.253.134.10 - - [20/Oct/2017:09:07:50 +0200] "GET /htmlphp/kmom10 HTTP/1.1" 302 544 "https://dbwebb.se/kurser" "Mozilla/5.0 (X11; Linux x86_64) AppleWebKit/537.36 (KHTML, like Gecko) Ubuntu Chromium/61.0.3163.100 Chrome/61.0.3163.100 Safari/537.36"
83.253.134.10 - - [20/Oct/2017:09:07:50 +0200] "GET /kurser/htmlphp/kmom10 HTTP/1.1" 200 7303 "https://dbwebb.se/kurser" "Mozilla/5.0 (X11; Linux x86_64) AppleWebKit/537.36 (KHTML, like Gecko) Ubuntu Chromium/61.0.3163.100 Chrome/61.0.3163.100 Safari/537.36"
85.194.8.70 - - [20/Oct/2017:09:07:58 +0200] "POST /forum/posting.php?mode=edit&f=42&t=6572&p=56557 HTTP/1.1" 200 4430 "https://dbwebb.se/forum/posting.php?mode=edit&f=42&p=56557" "Mozilla/5.0 (X11; Ubuntu; Linux x86_64; rv:56.0) Gecko/20100101 Firefox/56.0"
85.194.8.70 - - [20/Oct/2017:09:08:02 +0200] "GET /forum/viewtopic.php?f=42&t=6572&p=56557 HTTP/1.1" 200 7707 "-" "Mozilla/5.0 (X11; Ubuntu; Linux x86_64; rv:56.0) Gecko/20100101 Firefox/56.0"
157.55.39.1 - - [20/Oct/2017:09:08:23 +0200] "GET /robots.txt HTTP/1.1" 200 4005 "-" "Mozilla/5.0 (compatible; bingbot/2.0; +http://www.bing.com/bingbot.htm)"
66.249.75.154 - - [20/Oct/2017:09:08:38 +0200] "GET /forum/viewtopic.php?f=18&t=4884&view=print HTTP/1.1" 200 5321 "-" "Mozilla/5.0 (Linux; Android 6.0.1; Nexus 5X Build/MMB29P) AppleWebKit/537.36 (KHTML, like Gecko) Chrome/41.0.2272.96 Mobile Safari/537.36 (compatible; Googlebot/2.1; +http://www.google.com/bot.html)"
85.194.8.70 - - [20/Oct/2017:09:08:44 +0200] "GET /forum/posting.php?mode=reply&f=42&t=6572 HTTP/1.1" 200 10348 "https://dbwebb.se/forum/viewtopic.php?f=42&t=6572&p=56557" "Mozilla/5.0 (X11; Ubuntu; Linux x86_64; rv:56.0) Gecko/20100101 Firefox/56.0"
194.132.228.35 - - [20/Oct/2017:09:08:45 +0200] "GET /kurser HTTP/1.1" 200 8847 "-" "Mozilla/5.0 (Windows NT 10.0; Win64; x64) AppleWebKit/537.36 (KHTML, like Gecko) Chrome/61.0.3163.100 Safari/537.36"
194.132.228.35 - - [20/Oct/2017:09:08:47 +0200] "GET /community HTTP/1.1" 200 4810 "https://dbwebb.se/kurser" "Mozilla/5.0 (Windows NT 10.0; Win64; x64) AppleWebKit/537.36 (KHTML, like Gecko) Chrome/61.0.3163.100 Safari/537.36"
194.132.228.35 - - [20/Oct/2017:09:08:48 +0200] "GET /forum HTTP/1.1" 301 550 "https://dbwebb.se/community" "Mozilla/5.0 (Windows NT 10.0; Win64; x64) AppleWebKit/537.36 (KHTML, like Gecko) Chrome/61.0.3163.100 Safari/537.36"
194.132.228.35 - - [20/Oct/2017:09:08:48 +0200] "GET /forum/ HTTP/1.1" 200 7551 "https://dbwebb.se/community" "Mozilla/5.0 (Windows NT 10.0; Win64; x64) AppleWebKit/537.36 (KHTML, like Gecko) Chrome/61.0.3163.100 Safari/537.36"
194.132.228.35 - - [20/Oct/2017:09:08:48 +0200] "GET /image/tema/trad/blad.jpg HTTP/1.1" 200 3469 "https://dbwebb.se/forum/" "Mozilla/5.0 (Windows NT 10.0; Win64; x64) AppleWebKit/537.36 (KHTML, like Gecko) Chrome/61.0.3163.100 Safari/537.36"
194.132.228.35 - - [20/Oct/2017:09:08:48 +0200] "GET /image/tema/trad/blad_40x38.png HTTP/1.1" 200 2574 "https://dbwebb.se/forum/" "Mozilla/5.0 (Windows NT 10.0; Win64; x64) AppleWebKit/537.36 (KHTML, like Gecko) Chrome/61.0.3163.100 Safari/537.36"
194.132.228.35 - - [20/Oct/2017:09:08:48 +0200] "GET /image/tema/trad/tree2.jpg?w=1100&h=96&cf&a=40,0,0,0 HTTP/1.1" 200 23285 "https://dbwebb.se/forum/" "Mozilla/5.0 (Windows NT 10.0; Win64; x64) AppleWebKit/537.36 (KHTML, like Gecko) Chrome/61.0.3163.100 Safari/537.36"
194.132.228.35 - - [20/Oct/2017:09:08:48 +0200] "GET /forum/styles/dbwebb_v2.0/imageset/forum_unread.gif HTTP/1.1" 200 1244 "https://dbwebb.se/forum/" "Mozilla/5.0 (Windows NT 10.0; Win64; x64) AppleWebKit/537.36 (KHTML, like Gecko) Chrome/61.0.3163.100 Safari/537.36"
194.132.228.35 - - [20/Oct/2017:09:08:48 +0200] "GET /fonts/fontawesome-webfont.woff2?v=4.5.0 HTTP/1.1" 200 67132 "https://dbwebb.se/css/forum.min.css" "Mozilla/5.0 (Windows NT 10.0; Win64; x64) AppleWebKit/537.36 (KHTML, like Gecko) Chrome/61.0.3163.100 Safari/537.36"
85.194.8.70 - - [20/Oct/2017:09:08:49 +0200] "GET /forum/posting.php?mode=edit&f=42&p=56557 HTTP/1.1" 200 8861 "https://dbwebb.se/forum/viewtopic.php?f=42&t=6572&p=56557" "Mozilla/5.0 (X11; Ubuntu; Linux x86_64; rv:56.0) Gecko/20100101 Firefox/56.0"
194.132.228.35 - - [20/Oct/2017:09:08:49 +0200] "GET /forum/search.php?search_id=newposts HTTP/1.1" 200 6933 "https://dbwebb.se/forum/" "Mozilla/5.0 (Windows NT 10.0; Win64; x64) AppleWebKit/537.36 (KHTML, like Gecko) Chrome/61.0.3163.100 Safari/537.36"
194.132.228.35 - - [20/Oct/2017:09:08:49 +0200] "GET /forum/styles/dbwebb_v2.0/imageset/topic_unread.gif HTTP/1.1" 200 1091 "https://dbwebb.se/forum/search.php?search_id=newposts" "Mozilla/5.0 (Windows NT 10.0; Win64; x64) AppleWebKit/537.36 (KHTML, like Gecko) Chrome/61.0.3163.100 Safari/537.36"
194.132.228.35 - - [20/Oct/2017:09:08:49 +0200] "GET /forum/styles/dbwebb_v2.0/imageset/announce_unread.gif HTTP/1.1" 200 1169 "https://dbwebb.se/forum/search.php?search_id=newposts" "Mozilla/5.0 (Windows NT 10.0; Win64; x64) AppleWebKit/537.36 (KHTML, like Gecko) Chrome/61.0.3163.100 Safari/537.36"
194.132.228.35 - - [20/Oct/2017:09:08:49 +0200] "GET /forum/styles/dbwebb_v2.0/imageset/announce_read_mine.gif HTTP/1.1" 200 1301 "https://dbwebb.se/forum/search.php?search_id=newposts" "Mozilla/5.0 (Windows NT 10.0; Win64; x64) AppleWebKit/537.36 (KHTML, like Gecko) Chrome/61.0.3163.100 Safari/537.36"
194.132.228.35 - - [20/Oct/2017:09:08:49 +0200] "GET /forum/styles/dbwebb_v2.0/imageset/topic_read.gif HTTP/1.1" 200 1092 "https://dbwebb.se/forum/search.php?search_id=newposts" "Mozilla/5.0 (Windows NT 10.0; Win64; x64) AppleWebKit/537.36 (KHTML, like Gecko) Chrome/61.0.3163.100 Safari/537.36"
194.132.228.35 - - [20/Oct/2017:09:08:53 +0200] "GET /forum/viewtopic.php?f=42&t=6572 HTTP/1.1" 200 7716 "https://dbwebb.se/forum/search.php?search_id=newposts" "Mozilla/5.0 (Windows NT 10.0; Win64; x64) AppleWebKit/537.36 (KHTML, like Gecko) Chrome/61.0.3163.100 Safari/537.36"
194.132.228.35 - - [20/Oct/2017:09:08:53 +0200] "GET /forum/styles/dbwebb_v2.0/imageset/sv/icon_user_online.png HTTP/1.1" 200 1879 "https://dbwebb.se/forum/viewtopic.php?f=42&t=6572" "Mozilla/5.0 (Windows NT 10.0; Win64; x64) AppleWebKit/537.36 (KHTML, like Gecko) Chrome/61.0.3163.100 Safari/537.36"
194.132.228.35 - - [20/Oct/2017:09:08:53 +0200] "GET /forum/styles/dbwebb_v2.0/imageset/icon_post_target_unread.gif HTTP/1.1" 200 551 "https://dbwebb.se/forum/viewtopic.php?f=42&t=6572" "Mozilla/5.0 (Windows NT 10.0; Win64; x64) AppleWebKit/537.36 (KHTML, like Gecko) Chrome/61.0.3163.100 Safari/537.36"
194.132.228.35 - - [20/Oct/2017:09:08:53 +0200] "GET //forum/styles/dbwebb_v2.0/imageset/sv/icon_post_quote.gif HTTP/1.1" 200 1701 "https://dbwebb.se/css/forum.min.css" "Mozilla/5.0 (Windows NT 10.0; Win64; x64) AppleWebKit/537.36 (KHTML, like Gecko) Chrome/61.0.3163.100 Safari/537.36"
85.194.8.70 - - [20/Oct/2017:09:09:04 +0200] "POST /forum/posting.php?mode=edit&f=42&t=6572&p=56557 HTTP/1.1" 200 4430 "https://dbwebb.se/forum/posting.php?mode=edit&f=42&p=56557" "Mozilla/5.0 (X11; Ubuntu; Linux x86_64; rv:56.0) Gecko/20100101 Firefox/56.0"
194.132.228.35 - - [20/Oct/2017:09:09:05 +0200] "GET /forum/viewtopic.php?f=60&t=6596 HTTP/1.1" 200 7184 "https://dbwebb.se/forum/search.php?search_id=newposts" "Mozilla/5.0 (Windows NT 10.0; Win64; x64) AppleWebKit/537.36 (KHTML, like Gecko) Chrome/61.0.3163.100 Safari/537.36"
194.132.228.35 - - [20/Oct/2017:09:09:05 +0200] "GET /forum/styles/dbwebb_v2.0/imageset/icon_post_target.gif HTTP/1.1" 200 550 "https://dbwebb.se/forum/viewtopic.php?f=60&t=6596" "Mozilla/5.0 (Windows NT 10.0; Win64; x64) AppleWebKit/537.36 (KHTML, like Gecko) Chrome/61.0.3163.100 Safari/537.36"
194.132.228.35 - - [20/Oct/2017:09:09:05 +0200] "GET //forum/styles/dbwebb_v2.0/imageset/sv/icon_post_edit.gif HTTP/1.1" 200 1548 "https://dbwebb.se/css/forum.min.css" "Mozilla/5.0 (Windows NT 10.0; Win64; x64) AppleWebKit/537.36 (KHTML, like Gecko) Chrome/61.0.3163.100 Safari/537.36"
85.194.8.70 - - [20/Oct/2017:09:09:08 +0200] "GET /forum/viewtopic.php?f=42&t=6572&p=56557 HTTP/1.1" 200 7701 "-" "Mozilla/5.0 (X11; Ubuntu; Linux x86_64; rv:56.0) Gecko/20100101 Firefox/56.0"
151.177.177.11 - - [20/Oct/2017:09:09:39 +0200] "GET /kurser HTTP/1.1" 200 8847 "https://dbwebb.se/" "Mozilla/5.0 (Windows NT 10.0; Win64; x64) AppleWebKit/537.36 (KHTML, like Gecko) Chrome/61.0.3163.100 Safari/537.36"
151.177.177.11 - - [20/Oct/2017:09:09:46 +0200] "GET /kurser/python/kmom10 HTTP/1.1" 200 8458 "https://dbwebb.se/kurser" "Mozilla/5.0 (Windows NT 10.0; Win64; x64) AppleWebKit/537.36 (KHTML, like Gecko) Chrome/61.0.3163.100 Safari/537.36"
90.224.199.237 - - [20/Oct/2017:09:10:31 +0200] "GET /kurser/python-v1/kmom10 HTTP/1.1" 200 11500 "https://applications.itslearning.com/Resource/View.aspx?Accessibility=False&allowedhtmlcodelevel=LessRestricted&ApiSessionId=cxdbw445m143js554kxdiprv&ContextRole=Learner&countrycode=SE&CustomerId=640&educationsegment=0&Encoding=utf8&FirstName=SIMON+JABER+BINYAMIN&isextensionmanager=False&itslearningversion=3.91.0.234&Language=sv-SE&LastName=BINYAMIN&LearningObjectId=21094092&LearningObjectInstanceId=39497718&Locale=sv-SE&OlsonTimeZoneId=Europe%2fStockholm&openedforpreview=False&OpenedFromCourse=True&OpenedFromVersionUpdate=False&Permissions=Read%2c+Participate&personid=410774&ReadOnly=False&Role=Learner&supportsversioning=False&Use12HTimeFormat=False&UserId=9637961&UserName=sibi17&Version=Published&WindowsTimeZoneId=W.+Europe+Standard+Time&Timestamp=2017-10-20T07:10:25&Signature=92f345d351d94034b3654601ad0cb6d6" "Mozilla/5.0 (Windows NT 10.0; WOW64) AppleWebKit/537.36 (KHTML, like Gecko) Chrome/61.0.3163.100 Safari/537.36 OPR/48.0.2685.39"
66.249.76.38 - - [20/Oct/2017:09:11:34 +0200] "GET /forum/viewtopic.php?t=2253&p=28049 HTTP/1.1" 200 12663 "-" "Mozilla/5.0 (Linux; Android 6.0.1; Nexus 5X Build/MMB29P) AppleWebKit/537.36 (KHTML, like Gecko) Chrome/41.0.2272.96 Mobile Safari/537.36 (compatible; Googlebot/2.1; +http://www.google.com/bot.html)"
217.182.132.50 - - [20/Oct/2017:09:12:03 +0200] "GET /forum/viewtopic.php?t=5300&p=44041 HTTP/1.1" 200 12128 "-" "Mozilla/5.0 (compatible; AhrefsBot/5.2; +http://ahrefs.com/robot/)"
164.132.161.36 - - [20/Oct/2017:09:12:29 +0200] "GET /img/skitch/20120209-http-dbwebb.se-lydia-04-2.jpg HTTP/1.1" 200 115487 "-" "Mozilla/5.0 (compatible; AhrefsBot/5.2; +http://ahrefs.com/robot/)"
51.255.65.24 - - [20/Oct/2017:09:12:37 +0200] "GET /forum/viewtopic.php?p=11670 HTTP/1.1" 200 9465 "-" "Mozilla/5.0 (compatible; AhrefsBot/5.2; +http://ahrefs.com/robot/)"
66.249.75.154 - - [20/Oct/2017:09:13:04 +0200] "GET /forum/viewtopic.php?f=32&t=2491 HTTP/1.1" 200 8381 "-" "Mozilla/5.0 (compatible; Googlebot/2.1; +http://www.google.com/bot.html)"
85.194.8.70 - - [20/Oct/2017:09:13:34 +0200] "GET /kurser HTTP/1.1" 200 8847 "https://dbwebb.se/coachen/kom-igang-snabbt-med-html-css-och-javascript" "Mozilla/5.0 (X11; Ubuntu; Linux x86_64; rv:56.0) Gecko/20100101 Firefox/56.0"
85.194.8.70 - - [20/Oct/2017:09:13:38 +0200] "GET /design/kmom01 HTTP/1.1" 302 542 "https://dbwebb.se/kurser" "Mozilla/5.0 (X11; Ubuntu; Linux x86_64; rv:56.0) Gecko/20100101 Firefox/56.0"
85.194.8.70 - - [20/Oct/2017:09:13:38 +0200] "GET /kurser/design/kmom01 HTTP/1.1" 200 6642 "https://dbwebb.se/kurser" "Mozilla/5.0 (X11; Ubuntu; Linux x86_64; rv:56.0) Gecko/20100101 Firefox/56.0"
207.46.13.188 - - [20/Oct/2017:09:14:10 +0200] "GET /forum/viewtopic.php?f=23&t=2441 HTTP/1.1" 200 8406 "-" "Mozilla/5.0 (compatible; bingbot/2.0; +http://www.bing.com/bingbot.htm)"
207.46.13.188 - - [20/Oct/2017:09:14:15 +0200] "GET /image/snapshot/sql-ovning-functioner.jpg HTTP/1.1" 200 181350 "-" "Mozilla/5.0 (compatible; bingbot/2.0; +http://www.bing.com/bingbot.htm)"
66.249.75.156 - - [20/Oct/2017:09:14:30 +0200] "GET /forum/viewtopic.php?f=30&t=103&hilit=file+permissions+777 HTTP/1.1" 200 7195 "-" "Mozilla/5.0 (Linux; Android 6.0.1; Nexus 5X Build/MMB29P) AppleWebKit/537.36 (KHTML, like Gecko) Chrome/41.0.2272.96 Mobile Safari/537.36 (compatible; Googlebot/2.1; +http://www.google.com/bot.html)"
40.77.167.34 - - [20/Oct/2017:09:14:57 +0200] "GET /img/kunskap/kokbok-databasmodellering/image03.jpg HTTP/1.1" 200 97185 "-" "Mozilla/5.0 (compatible; bingbot/2.0; +http://www.bing.com/bingbot.htm)"
66.249.76.40 - - [20/Oct/2017:09:15:35 +0200] "GET /img/kunskap/javascript/utcheckning-med-kreditkort.png HTTP/1.1" 200 82728 "-" "Googlebot-Image/1.0"
94.255.253.228 - - [20/Oct/2017:09:16:07 +0200] "GET /favicon.ico HTTP/1.1" 200 36612 "-" "okhttp/2.5.0"
216.244.66.239 - - [20/Oct/2017:09:16:51 +0200] "GET /robots.txt HTTP/1.1" 200 3317 "-" "Mozilla/5.0 (compatible; DotBot/1.1; http://www.opensiteexplorer.org/dotbot, help@moz.com)"
217.182.132.71 - - [20/Oct/2017:09:17:07 +0200] "GET /kod-exempel/cimage_/webroot/img/issue36/me-180.jpg HTTP/1.1" 301 3578 "-" "Mozilla/5.0 (compatible; AhrefsBot/5.2; +http://ahrefs.com/robot/)"
141.8.142.23 - - [20/Oct/2017:09:17:07 +0200] "GET /robots.txt HTTP/1.1" 200 3568 "-" "Mozilla/5.0 (compatible; YandexBot/3.0; +http://yandex.com/bots)"
217.182.132.77 - - [20/Oct/2017:09:17:09 +0200] "GET /kurser/htmlphp/repo/example/notes-from-lectures/151019-mixed/ HTTP/1.1" 404 14326 "-" "Mozilla/5.0 (compatible; AhrefsBot/5.2; +http://ahrefs.com/robot/)"
141.8.142.23 - - [20/Oct/2017:09:17:11 +0200] "GET /forum/download/file.php?id=379&sid=d39b7cceaeebdb5372b96d83235fad1d HTTP/1.1" 200 27752 "-" "Mozilla/5.0 (compatible; YandexImages/3.0; +http://yandex.com/bots)"
83.252.58.85 - - [20/Oct/2017:09:17:19 +0200] "GET /kurser/python/kmom05 HTTP/1.1" 200 9128 "-" "Mozilla/5.0 (X11; Linux x86_64; rv:57.0) Gecko/20100101 Firefox/57.0"
83.252.58.85 - - [20/Oct/2017:09:17:23 +0200] "GET /uppgift/analysera-text-och-ord HTTP/1.1" 200 6652 "https://dbwebb.se/kurser/python/kmom05" "Mozilla/5.0 (X11; Linux x86_64; rv:57.0) Gecko/20100101 Firefox/57.0"
66.249.76.40 - - [20/Oct/2017:09:17:25 +0200] "GET /forum/viewtopic.php?f=23&t=5314&view=print HTTP/1.1" 200 5696 "-" "Mozilla/5.0 (Linux; Android 6.0.1; Nexus 5X Build/MMB29P) AppleWebKit/537.36 (KHTML, like Gecko) Chrome/41.0.2272.96 Mobile Safari/537.36 (compatible; Googlebot/2.1; +http://www.google.com/bot.html)"
164.132.161.39 - - [20/Oct/2017:09:18:29 +0200] "GET /forum/viewtopic.php?f=25&t=2027 HTTP/1.1" 200 9356 "-" "Mozilla/5.0 (compatible; AhrefsBot/5.2; +http://ahrefs.com/robot/)"
94.191.149.216 - - [20/Oct/2017:09:18:38 +0200] "GET /kod-exempel/ HTTP/1.1" 301 3553 "-" "Mozilla/5.0 (iPhone; CPU iPhone OS 11_0_2 like Mac OS X) AppleWebKit/604.1.38 (KHTML, like Gecko) Version/11.0 Mobile/15A421 Safari/604.1"
88.129.200.22 - - [20/Oct/2017:09:18:49 +0200] "GET /uppgift/bygg-en-me-sida-till-ramverk2 HTTP/1.1" 200 9902 "https://dbwebb.se/kurser/ramverk2/kmom01" "Mozilla/5.0 (Windows NT 10.0; Win64; x64) AppleWebKit/537.36 (KHTML, like Gecko) Chrome/61.0.3163.100 Safari/537.36"
51.255.71.121 - - [20/Oct/2017:09:19:02 +0200] "GET /forum/search.php?st=0&sk=t&sd=d&sr=topics&search_id=unanswered&start=300 HTTP/1.1" 200 10606 "-" "Mozilla/5.0 (compatible; AhrefsBot/5.2; +http://ahrefs.com/robot/)"
104.145.231.104 - - [20/Oct/2017:09:19:07 +0200] "GET / HTTP/1.1" 200 32297 "-" "Uptime.com_(http://uptime.com/)"
157.55.39.1 - - [20/Oct/2017:09:19:31 +0200] "GET /robots.txt HTTP/1.1" 200 4005 "-" "Mozilla/5.0 (compatible; bingbot/2.0; +http://www.bing.com/bingbot.htm)"
127.0.0.1 - - [20/Oct/2017:09:20:01 +0200] "POST /forum/ucp.php?mode=login HTTP/1.1" 200 18195 "-" "Mozilla/4.0 (compatible; MSIE 6.0; FreeBSD 8.1)"
127.0.0.1 - - [20/Oct/2017:09:20:01 +0200] "POST /forum/feed.php HTTP/1.1" 200 40894 "-" "Mozilla/4.0 (compatible; MSIE 6.0; FreeBSD 8.1)"
66.249.76.38 - - [20/Oct/2017:09:20:21 +0200] "GET /forum/viewtopic.php?f=18&t=3270&view=print HTTP/1.1" 200 5564 "-" "Mozilla/5.0 (Linux; Android 6.0.1; Nexus 5X Build/MMB29P) AppleWebKit/537.36 (KHTML, like Gecko) Chrome/41.0.2272.96 Mobile Safari/537.36 (compatible; Googlebot/2.1; +http://www.google.com/bot.html)"
51.255.65.11 - - [20/Oct/2017:09:20:46 +0200] "GET /forum/feed.php?f=17&t=2764 HTTP/1.1" 200 6970 "-" "Mozilla/5.0 (compatible; AhrefsBot/5.2; +http://ahrefs.com/robot/)"
66.102.9.139 - - [20/Oct/2017:09:23:04 +0200] "GET /forum/ HTTP/1.1" 200 10796 "-" "Mozilla/5.0 (X11; Linux x86_64) AppleWebKit/537.36 (KHTML, like Gecko) Chrome/49.0.2623.75 Safari/537.36 Google Favicon"
66.102.9.139 - - [20/Oct/2017:09:23:04 +0200] "GET /favicon.ico HTTP/1.1" 200 33477 "-" "Mozilla/5.0 (X11; Linux x86_64) AppleWebKit/537.36 (KHTML, like Gecko) Chrome/49.0.2623.75 Safari/537.36 Google Favicon"
66.249.76.38 - - [20/Oct/2017:09:23:17 +0200] "GET /t/4921 HTTP/1.1" 301 3762 "-" "Mozilla/5.0 (Linux; Android 6.0.1; Nexus 5X Build/MMB29P) AppleWebKit/537.36 (KHTML, like Gecko) Chrome/41.0.2272.96 Mobile Safari/537.36 (compatible; Googlebot/2.1; +http://www.google.com/bot.html)"
66.249.76.36 - - [20/Oct/2017:09:23:18 +0200] "GET /forum/viewtopic.php?t=4921 HTTP/1.1" 200 9162 "-" "Mozilla/5.0 (Linux; Android 6.0.1; Nexus 5X Build/MMB29P) AppleWebKit/537.36 (KHTML, like Gecko) Chrome/41.0.2272.96 Mobile Safari/537.36 (compatible; Googlebot/2.1; +http://www.google.com/bot.html)"
88.129.200.22 - - [20/Oct/2017:09:23:34 +0200] "GET /forum/ucp.php?mode=login HTTP/1.1" 200 5428 "https://dbwebb.se/kurser/ramverk2/kmom01" "Mozilla/5.0 (Windows NT 10.0; Win64; x64) AppleWebKit/537.36 (KHTML, like Gecko) Chrome/61.0.3163.100 Safari/537.36"
88.129.200.22 - - [20/Oct/2017:09:23:34 +0200] "GET /css/forum.min.css HTTP/1.1" 200 19991 "https://dbwebb.se/forum/ucp.php?mode=login" "Mozilla/5.0 (Windows NT 10.0; Win64; x64) AppleWebKit/537.36 (KHTML, like Gecko) Chrome/61.0.3163.100 Safari/537.36"
88.129.200.22 - - [20/Oct/2017:09:23:34 +0200] "GET /forum/styles/dbwebb_v2.0/template/forum_fn.js HTTP/1.1" 200 4005 "https://dbwebb.se/forum/ucp.php?mode=login" "Mozilla/5.0 (Windows NT 10.0; Win64; x64) AppleWebKit/537.36 (KHTML, like Gecko) Chrome/61.0.3163.100 Safari/537.36"
88.129.200.22 - - [20/Oct/2017:09:23:34 +0200] "GET /image/tema/trad/blad.jpg HTTP/1.1" 200 3469 "https://dbwebb.se/forum/ucp.php?mode=login" "Mozilla/5.0 (Windows NT 10.0; Win64; x64) AppleWebKit/537.36 (KHTML, like Gecko) Chrome/61.0.3163.100 Safari/537.36"
88.129.200.22 - - [20/Oct/2017:09:23:34 +0200] "GET /image/tema/trad/blad_40x38.png HTTP/1.1" 200 2574 "https://dbwebb.se/forum/ucp.php?mode=login" "Mozilla/5.0 (Windows NT 10.0; Win64; x64) AppleWebKit/537.36 (KHTML, like Gecko) Chrome/61.0.3163.100 Safari/537.36"
88.129.200.22 - - [20/Oct/2017:09:23:34 +0200] "GET /image/tema/trad/tree2.jpg?w=1100&h=96&cf&a=40,0,0,0 HTTP/1.1" 200 23285 "https://dbwebb.se/forum/ucp.php?mode=login" "Mozilla/5.0 (Windows NT 10.0; Win64; x64) AppleWebKit/537.36 (KHTML, like Gecko) Chrome/61.0.3163.100 Safari/537.36"
88.129.200.22 - - [20/Oct/2017:09:23:34 +0200] "GET /fonts/fontawesome-webfont.woff2?v=4.5.0 HTTP/1.1" 200 67132 "https://dbwebb.se/css/forum.min.css" "Mozilla/5.0 (Windows NT 10.0; Win64; x64) AppleWebKit/537.36 (KHTML, like Gecko) Chrome/61.0.3163.100 Safari/537.36"
88.129.200.22 - - [20/Oct/2017:09:23:34 +0200] "GET /js/mos-theme/responsive-menu.js HTTP/1.1" 200 1864 "https://dbwebb.se/forum/ucp.php?mode=login" "Mozilla/5.0 (Windows NT 10.0; Win64; x64) AppleWebKit/537.36 (KHTML, like Gecko) Chrome/61.0.3163.100 Safari/537.36"
88.129.200.22 - - [20/Oct/2017:09:23:37 +0200] "POST /forum/ucp.php?mode=login&sid=eec1a15a60de8820a685a6f2b8a2e664 HTTP/1.1" 200 4636 "https://dbwebb.se/forum/ucp.php?mode=login" "Mozilla/5.0 (Windows NT 10.0; Win64; x64) AppleWebKit/537.36 (KHTML, like Gecko) Chrome/61.0.3163.100 Safari/537.36"
88.129.200.22 - - [20/Oct/2017:09:23:41 +0200] "GET /forum/index.php?sid=302f0c6bad828e23bad992e7b00e8929 HTTP/1.1" 200 7560 "https://dbwebb.se/forum/ucp.php?mode=login&sid=eec1a15a60de8820a685a6f2b8a2e664" "Mozilla/5.0 (Windows NT 10.0; Win64; x64) AppleWebKit/537.36 (KHTML, like Gecko) Chrome/61.0.3163.100 Safari/537.36"
88.129.200.22 - - [20/Oct/2017:09:23:41 +0200] "GET /forum/styles/dbwebb_v2.0/imageset/forum_unread.gif HTTP/1.1" 200 1106 "https://dbwebb.se/forum/index.php?sid=302f0c6bad828e23bad992e7b00e8929" "Mozilla/5.0 (Windows NT 10.0; Win64; x64) AppleWebKit/537.36 (KHTML, like Gecko) Chrome/61.0.3163.100 Safari/537.36"
88.129.200.22 - - [20/Oct/2017:09:23:41 +0200] "GET /forum/styles/dbwebb_v2.0/imageset/forum_unread_subforum.gif HTTP/1.1" 200 1302 "https://dbwebb.se/forum/index.php?sid=302f0c6bad828e23bad992e7b00e8929" "Mozilla/5.0 (Windows NT 10.0; Win64; x64) AppleWebKit/537.36 (KHTML, like Gecko) Chrome/61.0.3163.100 Safari/537.36"
88.129.200.22 - - [20/Oct/2017:09:23:50 +0200] "GET /forum/viewforum.php?f=70 HTTP/1.1" 200 8739 "https://dbwebb.se/forum/index.php?sid=302f0c6bad828e23bad992e7b00e8929" "Mozilla/5.0 (Windows NT 10.0; Win64; x64) AppleWebKit/537.36 (KHTML, like Gecko) Chrome/61.0.3163.100 Safari/537.36"
88.129.200.22 - - [20/Oct/2017:09:23:50 +0200] "GET /forum/styles/dbwebb_v2.0/theme/images/icon_subscribe.gif HTTP/1.1" 200 809 "https://dbwebb.se/css/forum.min.css" "Mozilla/5.0 (Windows NT 10.0; Win64; x64) AppleWebKit/537.36 (KHTML, like Gecko) Chrome/61.0.3163.100 Safari/537.36"
88.129.200.22 - - [20/Oct/2017:09:23:51 +0200] "GET //forum/styles/dbwebb_v2.0/imageset/sv/button_topic_new.gif HTTP/1.1" 200 2089 "https://dbwebb.se/css/forum.min.css" "Mozilla/5.0 (Windows NT 10.0; Win64; x64) AppleWebKit/537.36 (KHTML, like Gecko) Chrome/61.0.3163.100 Safari/537.36"
88.129.200.22 - - [20/Oct/2017:09:23:53 +0200] "GET /forum/viewforum.php?f=60 HTTP/1.1" 200 5784 "https://dbwebb.se/forum/viewforum.php?f=70" "Mozilla/5.0 (Windows NT 10.0; Win64; x64) AppleWebKit/537.36 (KHTML, like Gecko) Chrome/61.0.3163.100 Safari/537.36"
88.129.200.22 - - [20/Oct/2017:09:23:53 +0200] "GET /forum/styles/dbwebb_v2.0/imageset/announce_unread.gif HTTP/1.1" 200 1169 "https://dbwebb.se/forum/viewforum.php?f=60" "Mozilla/5.0 (Windows NT 10.0; Win64; x64) AppleWebKit/537.36 (KHTML, like Gecko) Chrome/61.0.3163.100 Safari/537.36"
88.129.200.22 - - [20/Oct/2017:09:23:53 +0200] "GET /forum/styles/dbwebb_v2.0/imageset/sticky_unread.gif HTTP/1.1" 200 1199 "https://dbwebb.se/forum/viewforum.php?f=60" "Mozilla/5.0 (Windows NT 10.0; Win64; x64) AppleWebKit/537.36 (KHTML, like Gecko) Chrome/61.0.3163.100 Safari/537.36"
88.129.200.22 - - [20/Oct/2017:09:23:53 +0200] "GET /forum/styles/dbwebb_v2.0/imageset/topic_unread.gif HTTP/1.1" 200 1091 "https://dbwebb.se/forum/viewforum.php?f=60" "Mozilla/5.0 (Windows NT 10.0; Win64; x64) AppleWebKit/537.36 (KHTML, like Gecko) Chrome/61.0.3163.100 Safari/537.36"
88.129.200.22 - - [20/Oct/2017:09:23:53 +0200] "GET /forum/styles/dbwebb_v2.0/imageset/topic_read.gif HTTP/1.1" 200 1092 "https://dbwebb.se/forum/viewforum.php?f=60" "Mozilla/5.0 (Windows NT 10.0; Win64; x64) AppleWebKit/537.36 (KHTML, like Gecko) Chrome/61.0.3163.100 Safari/537.36"
88.129.200.22 - - [20/Oct/2017:09:23:57 +0200] "GET /forum/viewtopic.php?f=60&t=6596 HTTP/1.1" 200 7064 "https://dbwebb.se/forum/viewforum.php?f=60" "Mozilla/5.0 (Windows NT 10.0; Win64; x64) AppleWebKit/537.36 (KHTML, like Gecko) Chrome/61.0.3163.100 Safari/537.36"
88.129.200.22 - - [20/Oct/2017:09:23:57 +0200] "GET /forum/styles/dbwebb_v2.0/imageset/sv/icon_user_online.png HTTP/1.1" 200 1879 "https://dbwebb.se/forum/viewtopic.php?f=60&t=6596" "Mozilla/5.0 (Windows NT 10.0; Win64; x64) AppleWebKit/537.36 (KHTML, like Gecko) Chrome/61.0.3163.100 Safari/537.36"
88.129.200.22 - - [20/Oct/2017:09:23:57 +0200] "GET /forum/styles/dbwebb_v2.0/imageset/icon_post_target_unread.gif HTTP/1.1" 200 551 "https://dbwebb.se/forum/viewtopic.php?f=60&t=6596" "Mozilla/5.0 (Windows NT 10.0; Win64; x64) AppleWebKit/537.36 (KHTML, like Gecko) Chrome/61.0.3163.100 Safari/537.36"
88.129.200.22 - - [20/Oct/2017:09:23:57 +0200] "GET /forum/styles/dbwebb_v2.0/theme/images/icon_print.gif HTTP/1.1" 200 960 "https://dbwebb.se/css/forum.min.css" "Mozilla/5.0 (Windows NT 10.0; Win64; x64) AppleWebKit/537.36 (KHTML, like Gecko) Chrome/61.0.3163.100 Safari/537.36"
88.129.200.22 - - [20/Oct/2017:09:23:57 +0200] "GET /forum/styles/dbwebb_v2.0/theme/images/icon_bookmark.gif HTTP/1.1" 200 2013 "https://dbwebb.se/css/forum.min.css" "Mozilla/5.0 (Windows NT 10.0; Win64; x64) AppleWebKit/537.36 (KHTML, like Gecko) Chrome/61.0.3163.100 Safari/537.36"
88.129.200.22 - - [20/Oct/2017:09:23:57 +0200] "GET /forum/styles/dbwebb_v2.0/theme/images/phpbb.png HTTP/1.1" 200 6619 "https://dbwebb.se/css/forum.min.css" "Mozilla/5.0 (Windows NT 10.0; Win64; x64) AppleWebKit/537.36 (KHTML, like Gecko) Chrome/61.0.3163.100 Safari/537.36"
88.129.200.22 - - [20/Oct/2017:09:23:57 +0200] "GET //forum/styles/dbwebb_v2.0/imageset/sv/icon_post_quote.gif HTTP/1.1" 200 1701 "https://dbwebb.se/css/forum.min.css" "Mozilla/5.0 (Windows NT 10.0; Win64; x64) AppleWebKit/537.36 (KHTML, like Gecko) Chrome/61.0.3163.100 Safari/537.36"
88.129.200.22 - - [20/Oct/2017:09:23:57 +0200] "GET //forum/styles/dbwebb_v2.0/imageset/icon_post_report.png HTTP/1.1" 200 1994 "https://dbwebb.se/css/forum.min.css" "Mozilla/5.0 (Windows NT 10.0; Win64; x64) AppleWebKit/537.36 (KHTML, like Gecko) Chrome/61.0.3163.100 Safari/537.36"
88.129.200.22 - - [20/Oct/2017:09:23:57 +0200] "GET //forum/styles/dbwebb_v2.0/imageset/icon_contact_dbwebb.png HTTP/1.1" 200 6555 "https://dbwebb.se/css/forum.min.css" "Mozilla/5.0 (Windows NT 10.0; Win64; x64) AppleWebKit/537.36 (KHTML, like Gecko) Chrome/61.0.3163.100 Safari/537.36"
88.129.200.22 - - [20/Oct/2017:09:23:57 +0200] "GET //forum/styles/dbwebb_v2.0/imageset/icon_contact_www.png HTTP/1.1" 200 2877 "https://dbwebb.se/css/forum.min.css" "Mozilla/5.0 (Windows NT 10.0; Win64; x64) AppleWebKit/537.36 (KHTML, like Gecko) Chrome/61.0.3163.100 Safari/537.36"
176.121.10.57 - - [20/Oct/2017:09:24:34 +0200] "GET / HTTP/1.1" 200 10320 "http://dbwebb.se" "Go-http-client/1.1"
83.223.9.175 - - [20/Oct/2017:09:24:46 +0200] "GET /image/snapshot/sql-ovning-create.jpg HTTP/1.1" 200 94129 "https://www.google.se/" "Mozilla/5.0 (Windows NT 10.0; Win64; x64) AppleWebKit/537.36 (KHTML, like Gecko) Chrome/61.0.3163.100 Safari/537.36"
217.182.132.15 - - [20/Oct/2017:09:24:46 +0200] "GET /forum/viewtopic.php?p=36784 HTTP/1.1" 200 11217 "-" "Mozilla/5.0 (compatible; AhrefsBot/5.2; +http://ahrefs.com/robot/)"
199.119.124.43 - - [20/Oct/2017:09:25:04 +0200] "GET /forum/feed.php?mode=topics HTTP/1.1" 200 26593 "-" "Mozilla/5.0 (compatible; theoldreader.com; 1 subscribers; feed-id=f4b07d8547e1ec9300c198fc)"
66.249.75.154 - - [20/Oct/2017:09:26:12 +0200] "GET /forum/viewtopic.php?f=23&t=5242&view=print HTTP/1.1" 200 6771 "-" "Mozilla/5.0 (Linux; Android 6.0.1; Nexus 5X Build/MMB29P) AppleWebKit/537.36 (KHTML, like Gecko) Chrome/41.0.2272.96 Mobile Safari/537.36 (compatible; Googlebot/2.1; +http://www.google.com/bot.html)"
88.129.200.22 - - [20/Oct/2017:09:26:30 +0200] "GET /forum/memberlist.php?mode=viewprofile&u=3104 HTTP/1.1" 200 4852 "https://dbwebb.se/forum/viewtopic.php?f=60&t=6596" "Mozilla/5.0 (Windows NT 10.0; Win64; x64) AppleWebKit/537.36 (KHTML, like Gecko) Chrome/61.0.3163.100 Safari/537.36"
66.249.91.218 - - [20/Oct/2017:09:26:33 +0200] "GET /forum/feed.php HTTP/1.1" 200 25901 "-" "FeedFetcher-Google; (+http://www.google.com/feedfetcher.html)"
88.129.200.22 - - [20/Oct/2017:09:26:43 +0200] "GET /ramverk2/kmom01 HTTP/1.1" 302 684 "-" "Mozilla/5.0 (Windows NT 10.0; Win64; x64) AppleWebKit/537.36 (KHTML, like Gecko) Chrome/61.0.3163.100 Safari/537.36"
88.129.200.22 - - [20/Oct/2017:09:26:43 +0200] "GET /kurser/ramverk2/kmom01 HTTP/1.1" 200 6020 "-" "Mozilla/5.0 (Windows NT 10.0; Win64; x64) AppleWebKit/537.36 (KHTML, like Gecko) Chrome/61.0.3163.100 Safari/537.36"
88.129.200.22 - - [20/Oct/2017:09:26:52 +0200] "GET /uppgift/bygg-en-me-sida-till-ramverk2 HTTP/1.1" 200 6868 "https://dbwebb.se/kurser/ramverk2/kmom01" "Mozilla/5.0 (Windows NT 10.0; Win64; x64) AppleWebKit/537.36 (KHTML, like Gecko) Chrome/61.0.3163.100 Safari/537.36"
164.132.161.35 - - [20/Oct/2017:09:26:54 +0200] "GET /forum/viewtopic.php?t=6749&p=54793 HTTP/1.1" 200 11651 "-" "Mozilla/5.0 (compatible; AhrefsBot/5.2; +http://ahrefs.com/robot/)"
81.170.234.228 - - [20/Oct/2017:09:27:15 +0200] "GET /f/56556 HTTP/1.1" 301 3778 "-" "Mozilla/5.0 (Windows NT 10.0; Win64; x64) AppleWebKit/537.36 (KHTML, like Gecko) Chrome/61.0.3163.100 Safari/537.36"
81.170.234.228 - - [20/Oct/2017:09:27:15 +0200] "GET /forum/viewtopic.php?p=56556 HTTP/1.1" 200 10372 "-" "Mozilla/5.0 (Windows NT 10.0; Win64; x64) AppleWebKit/537.36 (KHTML, like Gecko) Chrome/61.0.3163.100 Safari/537.36"
157.55.39.37 - - [20/Oct/2017:09:27:22 +0200] "GET /image/snap/mumin-scrutinizer-codecoverage.png HTTP/1.1" 200 66870 "-" "Mozilla/5.0 (compatible; bingbot/2.0; +http://www.bing.com/bingbot.htm)"
217.182.132.75 - - [20/Oct/2017:09:28:15 +0200] "GET /image/snapvt15/pdo20-connect.png HTTP/1.1" 200 63983 "-" "Mozilla/5.0 (compatible; AhrefsBot/5.2; +http://ahrefs.com/robot/)"
217.182.132.191 - - [20/Oct/2017:09:29:23 +0200] "GET /kurser/htmlphp/repo/example/bmo/img/full-size/minnestavla_eug.jpg HTTP/1.1" 404 14341 "-" "Mozilla/5.0 (compatible; AhrefsBot/5.2; +http://ahrefs.com/robot/)"
83.233.138.154 - - [20/Oct/2017:09:30:41 +0200] "GET /kurser/python/kmom10 HTTP/1.1" 200 11492 "-" "Mozilla/5.0 (Windows NT 10.0; Win64; x64) AppleWebKit/537.36 (KHTML, like Gecko) Chrome/61.0.3163.100 Safari/537.36"
40.77.167.34 - - [20/Oct/2017:09:31:50 +0200] "GET /image/kunskap/filezilla.jpg HTTP/1.1" 200 180943 "-" "Mozilla/5.0 (compatible; bingbot/2.0; +http://www.bing.com/bingbot.htm)"
213.21.71.82 - - [20/Oct/2017:09:31:55 +0200] "GET /kunskap/index-och-prestanda-i-mysql HTTP/1.1" 200 19385 "https://www.google.se/url?sa=t&rct=j&q=&esrc=s&source=web&cd=5&ved=0ahUKEwjeptaL1v7WAhWCI1AKHTuyCEEQFghLMAQ&url=https%3A%2F%2Fdbwebb.se%2Fkunskap%2Findex-och-prestanda-i-mysql&usg=AOvVaw1aik3dTp9DFoZiGaPjJCMR" "Mozilla/5.0 (Windows NT 10.0; WOW64; Trident/7.0; rv:11.0) like Gecko"
66.249.76.40 - - [20/Oct/2017:09:32:03 +0200] "GET /t/1864 HTTP/1.1" 301 3762 "-" "Mozilla/5.0 (compatible; Googlebot/2.1; +http://www.google.com/bot.html)"
66.249.76.36 - - [20/Oct/2017:09:32:04 +0200] "GET /forum/viewtopic.php?t=1864 HTTP/1.1" 200 8182 "-" "Mozilla/5.0 (compatible; Googlebot/2.1; +http://www.google.com/bot.html)"
164.132.161.47 - - [20/Oct/2017:09:33:20 +0200] "GET /forum/viewtopic.php?p=38808 HTTP/1.1" 200 9763 "-" "Mozilla/5.0 (compatible; AhrefsBot/5.2; +http://ahrefs.com/robot/)"
51.255.64.106 - - [20/Oct/2017:09:34:04 +0200] "GET /forum/viewtopic.php?f=13&t=1984 HTTP/1.1" 200 9806 "-" "Mozilla/5.0 (compatible; AhrefsBot/5.2; +http://ahrefs.com/robot/)"
104.145.231.104 - - [20/Oct/2017:09:34:07 +0200] "GET / HTTP/1.1" 200 32297 "-" "Uptime.com_(http://uptime.com/)"
164.132.161.69 - - [20/Oct/2017:09:34:21 +0200] "GET /forum/feed.php?f=13&t=2737 HTTP/1.1" 200 8264 "-" "Mozilla/5.0 (compatible; AhrefsBot/5.2; +http://ahrefs.com/robot/)"
24.135.219.184 - - [20/Oct/2017:09:34:21 +0200] "GET /kurser HTTP/1.1" 200 8652 "https://dbwebb.se/forum/viewtopic.php?f=4&t=6558" "Mozilla/5.0 (Macintosh; Intel Mac OS X 10_13) AppleWebKit/604.1.38 (KHTML, like Gecko) Version/11.0 Safari/604.1.38"
24.135.219.184 - - [20/Oct/2017:09:34:24 +0200] "GET /htmlphp/kmom10 HTTP/1.1" 302 544 "https://dbwebb.se/kurser" "Mozilla/5.0 (Macintosh; Intel Mac OS X 10_13) AppleWebKit/604.1.38 (KHTML, like Gecko) Version/11.0 Safari/604.1.38"
24.135.219.184 - - [20/Oct/2017:09:34:24 +0200] "GET /kurser/htmlphp/kmom10 HTTP/1.1" 200 7303 "https://dbwebb.se/kurser" "Mozilla/5.0 (Macintosh; Intel Mac OS X 10_13) AppleWebKit/604.1.38 (KHTML, like Gecko) Version/11.0 Safari/604.1.38"
213.136.43.189 - - [20/Oct/2017:09:34:47 +0200] "GET /kunskap/kom-igang-med-php-pdo-och-mysql-v2 HTTP/1.1" 200 25546 "https://www.google.se/" "Mozilla/5.0 (Windows NT 10.0; Win64; x64) AppleWebKit/537.36 (KHTML, like Gecko) Chrome/61.0.3163.100 Safari/537.36"
66.249.76.38 - - [20/Oct/2017:09:34:59 +0200] "GET / HTTP/1.1" 200 10571 "-" "Mozilla/5.0 (Linux; Android 6.0.1; Nexus 5X Build/MMB29P) AppleWebKit/537.36 (KHTML, like Gecko) Chrome/41.0.2272.96 Mobile Safari/537.36 (compatible; Googlebot/2.1; +http://www.google.com/bot.html)"
83.226.38.96 - - [20/Oct/2017:09:35:08 +0200] "GET /kurser/dbjs/kmom04 HTTP/1.1" 200 9660 "-" "Mozilla/5.0 (X11; Linux x86_64; rv:57.0) Gecko/20100101 Firefox/57.0"
5.9.80.133 - - [20/Oct/2017:09:35:08 +0200] "GET /robots.txt HTTP/1.1" 200 3563 "-" "Mozilla/5.0 (compatible; MJ12bot/v1.4.7; http://mj12bot.com/)"
5.9.80.133 - - [20/Oct/2017:09:35:09 +0200] "GET /blogg/grillcon-2017-var-i-utokad-version HTTP/1.1" 200 18525 "-" "Mozilla/5.0 (compatible; MJ12bot/v1.4.7; http://mj12bot.com/)"
5.9.80.133 - - [20/Oct/2017:09:35:11 +0200] "GET /forum/memberlist.php?mode=viewprofile&u=3619 HTTP/1.1" 200 3980 "-" "Mozilla/5.0 (compatible; MJ12bot/v1.4.7; http://mj12bot.com/)"
5.9.80.133 - - [20/Oct/2017:09:35:12 +0200] "GET /forum/viewtopic.php?t=6193&p=51139 HTTP/1.1" 200 5388 "-" "Mozilla/5.0 (compatible; MJ12bot/v1.4.7; http://mj12bot.com/)"
5.9.80.133 - - [20/Oct/2017:09:35:14 +0200] "GET /forum/viewtopic.php?t=6193&p=51169 HTTP/1.1" 200 5388 "-" "Mozilla/5.0 (compatible; MJ12bot/v1.4.7; http://mj12bot.com/)"
83.226.38.96 - - [20/Oct/2017:09:35:14 +0200] "GET /kurser/dbjs/kmom04 HTTP/1.1" 200 6626 "https://dbwebb.se/kurser/dbjs/kmom04" "Mozilla/5.0 (X11; Linux x86_64; rv:57.0) Gecko/20100101 Firefox/57.0"
83.226.38.96 - - [20/Oct/2017:09:35:15 +0200] "GET /favicon.ico HTTP/1.1" 200 33477 "-" "Mozilla/5.0 (X11; Linux x86_64; rv:57.0) Gecko/20100101 Firefox/57.0"
5.9.80.133 - - [20/Oct/2017:09:35:15 +0200] "GET /forum/viewtopic.php?t=6193&p=51184 HTTP/1.1" 200 5388 "-" "Mozilla/5.0 (compatible; MJ12bot/v1.4.7; http://mj12bot.com/)"
5.9.80.133 - - [20/Oct/2017:09:35:17 +0200] "GET /forum/viewtopic.php?t=6234&p=51451 HTTP/1.1" 200 5692 "-" "Mozilla/5.0 (compatible; MJ12bot/v1.4.7; http://mj12bot.com/)"
5.9.80.133 - - [20/Oct/2017:09:35:18 +0200] "GET /forum/viewtopic.php?t=6234&p=51454 HTTP/1.1" 200 5692 "-" "Mozilla/5.0 (compatible; MJ12bot/v1.4.7; http://mj12bot.com/)"
5.9.80.133 - - [20/Oct/2017:09:35:20 +0200] "GET /forum/viewtopic.php?t=6234&p=51461 HTTP/1.1" 200 5692 "-" "Mozilla/5.0 (compatible; MJ12bot/v1.4.7; http://mj12bot.com/)"
5.9.80.133 - - [20/Oct/2017:09:35:21 +0200] "GET /robots.txt HTTP/1.1" 200 336 "-" "Mozilla/5.0 (compatible; MJ12bot/v1.4.7; http://mj12bot.com/)"
83.226.38.96 - - [20/Oct/2017:09:35:21 +0200] "GET /kunskap/nodejs-mysql-och-promise HTTP/1.1" 200 7389 "https://dbwebb.se/kurser/dbjs/kmom04" "Mozilla/5.0 (X11; Linux x86_64; rv:57.0) Gecko/20100101 Firefox/57.0"
5.9.80.133 - - [20/Oct/2017:09:35:24 +0200] "GET /kod-exempel/gor-din-egen-filmdatabas/movie_view.php?genre=svenskt&orderby=year&order=desc&hits=2&page=1 HTTP/1.1" 301 719 "-" "Mozilla/5.0 (compatible; MJ12bot/v1.4.7; http://mj12bot.com/)"
5.9.80.133 - - [20/Oct/2017:09:35:28 +0200] "GET /kod-exempel/gor-din-egen-filmdatabas/movie_view.php?genre=svenskt&orderby=year&order=desc&hits=2&page=1 HTTP/1.1" 301 3890 "-" "Mozilla/5.0 (compatible; MJ12bot/v1.4.7; http://mj12bot.com/)"
5.9.80.133 - - [20/Oct/2017:09:35:33 +0200] "GET /kod-exempel/gor-din-egen-filmdatabas/movie_view.php?genre=thriller&hits=2&orderby=title&order=asc&page=1 HTTP/1.1" 301 3892 "-" "Mozilla/5.0 (compatible; MJ12bot/v1.4.7; http://mj12bot.com/)"
5.9.80.133 - - [20/Oct/2017:09:35:36 +0200] "GET /kod-exempel/gor-din-egen-filmdatabas/movie_view.php?genre=thriller&hits=2&orderby=title&order=asc&page=1 HTTP/1.1" 301 3892 "-" "Mozilla/5.0 (compatible; MJ12bot/v1.4.7; http://mj12bot.com/)"
5.9.80.133 - - [20/Oct/2017:09:35:40 +0200] "GET /kod-exempel/gor-din-egen-filmdatabas/movie_view.php?genre=thriller&hits=4&page=1&orderby=year&order=desc HTTP/1.1" 301 3892 "-" "Mozilla/5.0 (compatible; MJ12bot/v1.4.7; http://mj12bot.com/)"
157.55.39.37 - - [20/Oct/2017:09:35:42 +0200] "GET /forum/feed.php?f=21 HTTP/1.1" 200 28881 "-" "Mozilla/5.0 (compatible; bingbot/2.0; +http://www.bing.com/bingbot.htm)"
5.9.80.133 - - [20/Oct/2017:09:35:43 +0200] "GET /kod-exempel/gor-din-egen-filmdatabas/movie_view.php?genre=thriller&hits=4&page=1&orderby=year&order=desc HTTP/1.1" 301 3892 "-" "Mozilla/5.0 (compatible; MJ12bot/v1.4.7; http://mj12bot.com/)"
85.194.8.70 - - [20/Oct/2017:09:35:44 +0200] "GET /javascript1/kmom02 HTTP/1.1" 302 3724 "https://dbwebb.se/kurser" "Mozilla/5.0 (X11; Ubuntu; Linux x86_64; rv:56.0) Gecko/20100101 Firefox/56.0"
85.194.8.70 - - [20/Oct/2017:09:35:44 +0200] "GET /kurser/javascript1/kmom02 HTTP/1.1" 200 6267 "https://dbwebb.se/kurser" "Mozilla/5.0 (X11; Ubuntu; Linux x86_64; rv:56.0) Gecko/20100101 Firefox/56.0"
5.9.80.133 - - [20/Oct/2017:09:35:48 +0200] "GET /kod-exempel/gor-din-egen-filmdatabas/movie_view.php?genre=thriller&hits=8&orderby=id&order=asc&page=2 HTTP/1.1" 301 3886 "-" "Mozilla/5.0 (compatible; MJ12bot/v1.4.7; http://mj12bot.com/)"
199.16.157.180 - - [20/Oct/2017:09:35:51 +0200] "GET /robots.txt HTTP/1.1" 200 3312 "-" "Twitterbot/1.0"
199.16.157.180 - - [20/Oct/2017:09:35:51 +0200] "GET /blogg/schema-introveckan-2016 HTTP/1.1" 200 8589 "-" "Twitterbot/1.0"
5.9.80.133 - - [20/Oct/2017:09:35:51 +0200] "GET /kod-exempel/gor-din-egen-filmdatabas/movie_view.php?genre=thriller&hits=8&orderby=id&order=asc&page=2 HTTP/1.1" 301 3886 "-" "Mozilla/5.0 (compatible; MJ12bot/v1.4.7; http://mj12bot.com/)"
5.9.80.133 - - [20/Oct/2017:09:35:54 +0200] "GET /kod-exempel/gor-din-egen-filmdatabas/movie_view.php?genre=thriller&hits=8&page=1&orderby=id&order=asc HTTP/1.1" 301 3886 "-" "Mozilla/5.0 (compatible; MJ12bot/v1.4.7; http://mj12bot.com/)"
5.9.80.133 - - [20/Oct/2017:09:35:58 +0200] "GET /kod-exempel/gor-din-egen-filmdatabas/movie_view.php?hits=2&genre=action&orderby=title&order=asc&page=2 HTTP/1.1" 301 3888 "-" "Mozilla/5.0 (compatible; MJ12bot/v1.4.7; http://mj12bot.com/)"
5.9.80.133 - - [20/Oct/2017:09:36:01 +0200] "GET /kod-exempel/gor-din-egen-filmdatabas/movie_view.php?hits=4&genre=romance&orderby=title&order=asc HTTP/1.1" 301 3872 "-" "Mozilla/5.0 (compatible; MJ12bot/v1.4.7; http://mj12bot.com/)"
5.9.80.133 - - [20/Oct/2017:09:36:05 +0200] "GET /kod-exempel/gor-din-egen-filmdatabas/movie_view.php?hits=4&genre=romance&orderby=year&order=asc&page=2 HTTP/1.1" 301 3888 "-" "Mozilla/5.0 (compatible; MJ12bot/v1.4.7; http://mj12bot.com/)"
5.9.80.133 - - [20/Oct/2017:09:36:09 +0200] "GET /kod-exempel/gor-din-egen-filmdatabas/movie_view.php?hits=4&genre=romance&orderby=year&order=asc&page=2 HTTP/1.1" 301 3888 "-" "Mozilla/5.0 (compatible; MJ12bot/v1.4.7; http://mj12bot.com/)"
5.9.80.133 - - [20/Oct/2017:09:36:13 +0200] "GET /kod-exempel/gor-din-egen-filmdatabas/movie_view.php?hits=4&genre=romance&page=1&orderby=id&order=desc HTTP/1.1" 301 3886 "-" "Mozilla/5.0 (compatible; MJ12bot/v1.4.7; http://mj12bot.com/)"
83.252.50.39 - - [20/Oct/2017:09:36:14 +0200] "GET / HTTP/1.1" 200 10571 "-" "Mozilla/5.0 (Windows NT 10.0; Win64; x64) AppleWebKit/537.36 (KHTML, like Gecko) Chrome/61.0.3163.100 Safari/537.36"
5.9.80.133 - - [20/Oct/2017:09:36:16 +0200] "GET /kod-exempel/gor-din-egen-filmdatabas/movie_view.php?hits=4&genre=romance&page=1&orderby=id&order=desc HTTP/1.1" 301 3886 "-" "Mozilla/5.0 (compatible; MJ12bot/v1.4.7; http://mj12bot.com/)"
83.252.50.39 - - [20/Oct/2017:09:36:19 +0200] "GET /blogg/en-samling-studentjobb-om-webbprogrammering HTTP/1.1" 200 8306 "https://dbwebb.se/" "Mozilla/5.0 (Windows NT 10.0; Win64; x64) AppleWebKit/537.36 (KHTML, like Gecko) Chrome/61.0.3163.100 Safari/537.36"
5.9.80.133 - - [20/Oct/2017:09:36:21 +0200] "GET /kod-exempel/gor-din-egen-filmdatabas/movie_view.php?hits=4&genre=romance&page=1&orderby=year&order=asc HTTP/1.1" 301 3888 "-" "Mozilla/5.0 (compatible; MJ12bot/v1.4.7; http://mj12bot.com/)"
83.252.50.39 - - [20/Oct/2017:09:36:23 +0200] "GET /article/ht16/Web-Components-Jesper-Johnsson-Tim-Christiansson-Boquist.pdf HTTP/1.1" 200 360122 "https://dbwebb.se/blogg/en-samling-studentjobb-om-webbprogrammering" "Mozilla/5.0 (Windows NT 10.0; Win64; x64) AppleWebKit/537.36 (KHTML, like Gecko) Chrome/61.0.3163.100 Safari/537.36"
5.9.80.133 - - [20/Oct/2017:09:36:24 +0200] "GET /kod-exempel/gor-din-egen-filmdatabas/movie_view.php?hits=4&genre=romance&page=1&orderby=year&order=asc HTTP/1.1" 301 3888 "-" "Mozilla/5.0 (compatible; MJ12bot/v1.4.7; http://mj12bot.com/)"
5.9.80.133 - - [20/Oct/2017:09:36:29 +0200] "GET /kod-exempel/gor-din-egen-filmdatabas/movie_view.php?hits=4&genre=romance&page=1&orderby=year&order=desc HTTP/1.1" 301 3890 "-" "Mozilla/5.0 (compatible; MJ12bot/v1.4.7; http://mj12bot.com/)"
5.9.80.133 - - [20/Oct/2017:09:36:32 +0200] "GET /kod-exempel/gor-din-egen-filmdatabas/movie_view.php?hits=4&genre=romance&page=1&orderby=year&order=desc HTTP/1.1" 301 3890 "-" "Mozilla/5.0 (compatible; MJ12bot/v1.4.7; http://mj12bot.com/)"
5.9.80.133 - - [20/Oct/2017:09:36:37 +0200] "GET /kod-exempel/gor-din-egen-filmdatabas/movie_view.php?hits=4&genre=svenskt&orderby=id&order=desc&page=1 HTTP/1.1" 301 3886 "-" "Mozilla/5.0 (compatible; MJ12bot/v1.4.7; http://mj12bot.com/)"
5.9.80.133 - - [20/Oct/2017:09:36:40 +0200] "GET /kod-exempel/gor-din-egen-filmdatabas/movie_view.php?hits=4&genre=svenskt&orderby=id&order=desc&page=1 HTTP/1.1" 301 3886 "-" "Mozilla/5.0 (compatible; MJ12bot/v1.4.7; http://mj12bot.com/)"
217.182.132.64 - - [20/Oct/2017:09:37:45 +0200] "GET /forum/viewtopic.php?t=104&p=320 HTTP/1.1" 200 9246 "-" "Mozilla/5.0 (compatible; AhrefsBot/5.2; +http://ahrefs.com/robot/)"
66.249.76.40 - - [20/Oct/2017:09:37:54 +0200] "GET / HTTP/1.1" 200 10571 "-" "Mozilla/5.0 (compatible; Googlebot/2.1; +http://www.google.com/bot.html)"
81.229.9.186 - - [20/Oct/2017:09:37:58 +0200] "GET /kurser/htmlphp/kmom05 HTTP/1.1" 200 9265 "-" "Mozilla/5.0 (Windows NT 10.0; Win64; x64; rv:56.0) Gecko/20100101 Firefox/56.0"
193.183.253.33 - - [20/Oct/2017:09:39:12 +0200] "GET /kunskap/programmering-med-grunderna-i-javascript HTTP/1.1" 200 26931 "https://www.google.se/" "Mozilla/5.0 (Windows NT 6.1; Win64; x64) AppleWebKit/537.36 (KHTML, like Gecko) Chrome/61.0.3163.100 Safari/537.36"
157.55.39.37 - - [20/Oct/2017:09:39:32 +0200] "GET /img/javascript/intro/ HTTP/1.1" 200 4068 "-" "Mozilla/5.0 (compatible; bingbot/2.0; +http://www.bing.com/bingbot.htm)"
217.182.132.192 - - [20/Oct/2017:09:39:57 +0200] "GET /forum/viewtopic.php?f=23&t=173 HTTP/1.1" 200 9730 "-" "Mozilla/5.0 (compatible; AhrefsBot/5.2; +http://ahrefs.com/robot/)"
127.0.0.1 - - [20/Oct/2017:09:40:01 +0200] "POST /forum/ucp.php?mode=login HTTP/1.1" 200 18195 "-" "Mozilla/4.0 (compatible; MSIE 6.0; FreeBSD 8.1)"
127.0.0.1 - - [20/Oct/2017:09:40:01 +0200] "POST /forum/feed.php HTTP/1.1" 200 40894 "-" "Mozilla/4.0 (compatible; MSIE 6.0; FreeBSD 8.1)"
217.182.132.173 - - [20/Oct/2017:09:40:43 +0200] "GET /img/snapshot/chrome_security_mixed_content.png HTTP/1.1" 200 149186 "-" "Mozilla/5.0 (compatible; AhrefsBot/5.2; +http://ahrefs.com/robot/)"
66.249.75.156 - - [20/Oct/2017:09:40:50 +0200] "GET /forum/viewtopic.php?t=4341&p=46318 HTTP/1.1" 200 19241 "-" "Mozilla/5.0 (compatible; Googlebot/2.1; +http://www.google.com/bot.html)"
164.132.161.47 - - [20/Oct/2017:09:41:07 +0200] "GET /forum/feed.php?f=25&t=2205 HTTP/1.1" 200 5791 "-" "Mozilla/5.0 (compatible; AhrefsBot/5.2; +http://ahrefs.com/robot/)"
192.99.55.164 - - [20/Oct/2017:09:41:15 +0200] "GET / HTTP/1.1" 200 10394 "-" "Mozilla/5.0 (Macintosh; Intel Mac OS X 10.9; rv:29.0) Gecko/20100101 Firefox/29.0"
192.99.55.164 - - [20/Oct/2017:09:41:15 +0200] "GET / HTTP/1.1" 200 7412 "-" "Mozilla/5.0 (Macintosh; Intel Mac OS X 10.9; rv:29.0) Gecko/20100101 Firefox/29.0"
157.55.39.226 - - [20/Oct/2017:09:41:39 +0200] "GET /img/kunskap/kokbok-databasmodellering/image02.jpg HTTP/1.1" 200 95023 "-" "Mozilla/5.0 (compatible; bingbot/2.0; +http://www.bing.com/bingbot.htm)"
157.55.39.37 - - [20/Oct/2017:09:42:09 +0200] "GET /kurser/htmlphp-v2 HTTP/1.1" 200 11982 "-" "Mozilla/5.0 (compatible; bingbot/2.0; +http://www.bing.com/bingbot.htm)"
66.249.75.158 - - [20/Oct/2017:09:43:34 +0200] "GET /blogg/ett-ryck-for-att-na-fram-till-examen HTTP/1.1" 200 8521 "-" "Mozilla/5.0 (compatible; Googlebot/2.1; +http://www.google.com/bot.html)"
40.77.167.34 - - [20/Oct/2017:09:43:37 +0200] "GET /forum/viewtopic.php?f=11&t=3042 HTTP/1.1" 200 9657 "-" "Mozilla/5.0 (compatible; bingbot/2.0; +http://www.bing.com/bingbot.htm)"
81.225.80.161 - - [20/Oct/2017:09:43:58 +0200] "GET /kurser/htmlphp HTTP/1.1" 200 12003 "-" "Mozilla/5.0 (Windows NT 6.1; WOW64; rv:52.0) Gecko/20100101 Firefox/52.0"
157.55.39.226 - - [20/Oct/2017:09:45:39 +0200] "GET /forum/viewtopic.php?t=5097 HTTP/1.1" 200 11925 "-" "Mozilla/5.0 (compatible; bingbot/2.0; +http://www.bing.com/bingbot.htm)"
207.46.13.188 - - [20/Oct/2017:09:45:54 +0200] "GET /utility/xhtml5.php HTTP/1.1" 410 3754 "-" "Mozilla/5.0 (compatible; bingbot/2.0; +http://www.bing.com/bingbot.htm)"
217.182.132.93 - - [20/Oct/2017:09:46:06 +0200] "GET /forum/viewtopic.php?f=49&p=46451 HTTP/1.1" 200 11712 "-" "Mozilla/5.0 (compatible; AhrefsBot/5.2; +http://ahrefs.com/robot/)"
207.46.13.188 - - [20/Oct/2017:09:46:13 +0200] "GET /image/javascript/programmeringslab/02.jpg HTTP/1.1" 200 96534 "-" "Mozilla/5.0 (compatible; bingbot/2.0; +http://www.bing.com/bingbot.htm)"
66.249.76.38 - - [20/Oct/2017:09:46:20 +0200] "GET /python/kmom05 HTTP/1.1" 302 3714 "-" "Mozilla/5.0 (compatible; Googlebot/2.1; +http://www.google.com/bot.html)"
66.249.75.158 - - [20/Oct/2017:09:46:22 +0200] "GET /kurser/python/kmom05 HTTP/1.1" 200 9128 "-" "Mozilla/5.0 (compatible; Googlebot/2.1; +http://www.google.com/bot.html)"
46.239.112.104 - - [20/Oct/2017:09:46:27 +0200] "GET /coachen/visa-felmeddelanden-pa-din-php-sida HTTP/1.1" 200 7856 "-" "Mozilla/5.0 (Windows NT 10.0; Win64; x64) AppleWebKit/537.36 (KHTML, like Gecko) Chrome/61.0.3163.100 Safari/537.36"
66.249.76.38 - - [20/Oct/2017:09:46:41 +0200] "GET /forum/viewtopic.php?t=4341&p=46237 HTTP/1.1" 200 19242 "-" "Mozilla/5.0 (compatible; Googlebot/2.1; +http://www.google.com/bot.html)"
