194.47.129.178 - - [20/Oct/2017:08:34:34 +0200] "GET / HTTP/1.1" 200 10571 "-" "python-requests/2.18.4"
46.148.112.254 - - [20/Oct/2017:08:34:57 +0200] "GET /forum/ucp.php?mode=register&lang=en&language=en&change_lang=en HTTP/1.0" 200 20205 "https://dbwebb.se/forum/ucp.php?mode=register&lang=en&language=en&change_lang=en" "Mozilla/5.0 (Windows NT 10.0; WOW64; rv:41.0) Gecko/20100101 Firefox/41.0"
46.148.112.254 - - [20/Oct/2017:08:35:02 +0200] "POST /forum/ucp.php?mode=register&sid=385ae1763bdd1f648859e554a2222b7f HTTP/1.0" 200 27305 "https://dbwebb.se/forum/ucp.php?mode=register&lang=en&language=en&change_lang=en" "Mozilla/5.0 (Windows NT 10.0; WOW64; rv:41.0) Gecko/20100101 Firefox/41.0"
46.148.112.254 - - [20/Oct/2017:08:35:08 +0200] "POST /forum/ucp.php?mode=register HTTP/1.0" 200 27483 "https://dbwebb.se/forum/ucp.php?mode=register&lang=en&language=en&change_lang=en" "Mozilla/5.0 (Windows NT 10.0; WOW64; rv:41.0) Gecko/20100101 Firefox/41.0"
46.148.112.254 - - [20/Oct/2017:08:35:09 +0200] "GET /forum/ucp.php?mode=login HTTP/1.0" 200 19089 "https://dbwebb.se/forum/ucp.php?mode=login" "Mozilla/5.0 (Windows NT 10.0; WOW64; rv:41.0) Gecko/20100101 Firefox/41.0"
46.148.112.254 - - [20/Oct/2017:08:35:09 +0200] "POST /forum/ucp.php?mode=login HTTP/1.0" 200 19293 "https://dbwebb.se/forum/ucp.php?mode=login" "Mozilla/5.0 (Windows NT 10.0; WOW64; rv:41.0) Gecko/20100101 Firefox/41.0"
46.148.112.254 - - [20/Oct/2017:08:35:10 +0200] "GET /forum/ucp.php?mode=register&lang=en&language=en&change_lang=en HTTP/1.0" 200 19661 "https://dbwebb.se/forum/ucp.php?mode=register&lang=en&language=en&change_lang=en" "Mozilla/5.0 (Windows NT 10.0; WOW64; rv:41.0) Gecko/20100101 Firefox/41.0"
46.148.112.254 - - [20/Oct/2017:08:35:11 +0200] "GET /forum/index.php HTTP/1.0" 200 33968 "https://dbwebb.se/forum/index.php" "Mozilla/5.0 (Windows NT 10.0; WOW64; rv:41.0) Gecko/20100101 Firefox/41.0"
66.249.76.36 - - [20/Oct/2017:08:36:26 +0200] "GET /coachen/gor-din-forsta-sida-med-html5.SublimeText+Emmet+16+ordenar+lineas+css+JoseCodFacilitoSUSCRIBETE HTTP/1.1" 404 14645 "-" "Mozilla/5.0 (compatible; Googlebot/2.1; +http://www.google.com/bot.html)"
51.255.65.86 - - [20/Oct/2017:08:36:29 +0200] "GET /img/oophp/kmom07/image07.jpg HTTP/1.1" 200 112556 "-" "Mozilla/5.0 (compatible; AhrefsBot/5.2; +http://ahrefs.com/robot/)"
130.238.253.35 - - [20/Oct/2017:08:36:34 +0200] "GET /t/3188 HTTP/1.1" 301 3567 "https://www.google.se/" "Mozilla/5.0 (iPhone; CPU iPhone OS 11_0_3 like Mac OS X) AppleWebKit/604.1.38 (KHTML, like Gecko) Version/11.0 Mobile/15A432 Safari/604.1"
130.238.253.35 - - [20/Oct/2017:08:36:34 +0200] "GET /forum/viewtopic.php?t=3188 HTTP/1.1" 200 9171 "https://www.google.se/" "Mozilla/5.0 (iPhone; CPU iPhone OS 11_0_3 like Mac OS X) AppleWebKit/604.1.38 (KHTML, like Gecko) Version/11.0 Mobile/15A432 Safari/604.1"
130.238.253.35 - - [20/Oct/2017:08:36:34 +0200] "GET /css/forum.min.css HTTP/1.1" 200 19991 "https://dbwebb.se/forum/viewtopic.php?t=3188" "Mozilla/5.0 (iPhone; CPU iPhone OS 11_0_3 like Mac OS X) AppleWebKit/604.1.38 (KHTML, like Gecko) Version/11.0 Mobile/15A432 Safari/604.1"
130.238.253.35 - - [20/Oct/2017:08:36:34 +0200] "GET /js/mos-theme/responsive-menu.js HTTP/1.1" 200 1726 "https://dbwebb.se/forum/viewtopic.php?t=3188" "Mozilla/5.0 (iPhone; CPU iPhone OS 11_0_3 like Mac OS X) AppleWebKit/604.1.38 (KHTML, like Gecko) Version/11.0 Mobile/15A432 Safari/604.1"
130.238.253.35 - - [20/Oct/2017:08:36:34 +0200] "GET /forum/styles/dbwebb_v2.0/template/forum_fn.js HTTP/1.1" 200 4005 "https://dbwebb.se/forum/viewtopic.php?t=3188" "Mozilla/5.0 (iPhone; CPU iPhone OS 11_0_3 like Mac OS X) AppleWebKit/604.1.38 (KHTML, like Gecko) Version/11.0 Mobile/15A432 Safari/604.1"
130.238.253.35 - - [20/Oct/2017:08:36:34 +0200] "GET /image/tema/trad/tree2.jpg?w=1100&h=96&cf&a=40,0,0,0 HTTP/1.1" 200 23285 "https://dbwebb.se/forum/viewtopic.php?t=3188" "Mozilla/5.0 (iPhone; CPU iPhone OS 11_0_3 like Mac OS X) AppleWebKit/604.1.38 (KHTML, like Gecko) Version/11.0 Mobile/15A432 Safari/604.1"
130.238.253.35 - - [20/Oct/2017:08:36:34 +0200] "GET /image/tema/trad/blad_40x38.png HTTP/1.1" 200 2712 "https://dbwebb.se/forum/viewtopic.php?t=3188" "Mozilla/5.0 (iPhone; CPU iPhone OS 11_0_3 like Mac OS X) AppleWebKit/604.1.38 (KHTML, like Gecko) Version/11.0 Mobile/15A432 Safari/604.1"
130.238.253.35 - - [20/Oct/2017:08:36:34 +0200] "GET /image/tema/trad/blad.jpg HTTP/1.1" 200 3607 "https://dbwebb.se/forum/viewtopic.php?t=3188" "Mozilla/5.0 (iPhone; CPU iPhone OS 11_0_3 like Mac OS X) AppleWebKit/604.1.38 (KHTML, like Gecko) Version/11.0 Mobile/15A432 Safari/604.1"
130.238.253.35 - - [20/Oct/2017:08:36:34 +0200] "GET /forum/download/file.php?avatar=2167_1412088097.jpg HTTP/1.1" 200 17792 "https://dbwebb.se/forum/viewtopic.php?t=3188" "Mozilla/5.0 (iPhone; CPU iPhone OS 11_0_3 like Mac OS X) AppleWebKit/604.1.38 (KHTML, like Gecko) Version/11.0 Mobile/15A432 Safari/604.1"
130.238.253.35 - - [20/Oct/2017:08:36:34 +0200] "GET /forum/styles/dbwebb_v2.0/imageset/icon_post_target.gif HTTP/1.1" 200 550 "https://dbwebb.se/forum/viewtopic.php?t=3188" "Mozilla/5.0 (iPhone; CPU iPhone OS 11_0_3 like Mac OS X) AppleWebKit/604.1.38 (KHTML, like Gecko) Version/11.0 Mobile/15A432 Safari/604.1"
130.238.253.35 - - [20/Oct/2017:08:36:34 +0200] "GET /forum/styles/dbwebb_v2.0/imageset/sv/icon_user_online.png HTTP/1.1" 200 1879 "https://dbwebb.se/forum/viewtopic.php?t=3188" "Mozilla/5.0 (iPhone; CPU iPhone OS 11_0_3 like Mac OS X) AppleWebKit/604.1.38 (KHTML, like Gecko) Version/11.0 Mobile/15A432 Safari/604.1"
130.238.253.35 - - [20/Oct/2017:08:36:34 +0200] "GET /forum/styles/dbwebb_v2.0/theme/images/icon_print.gif HTTP/1.1" 200 822 "https://dbwebb.se/forum/viewtopic.php?t=3188" "Mozilla/5.0 (iPhone; CPU iPhone OS 11_0_3 like Mac OS X) AppleWebKit/604.1.38 (KHTML, like Gecko) Version/11.0 Mobile/15A432 Safari/604.1"
130.238.253.35 - - [20/Oct/2017:08:36:34 +0200] "GET /forum/styles/dbwebb_v2.0/theme/images/phpbb.png HTTP/1.1" 200 6619 "https://dbwebb.se/forum/viewtopic.php?t=3188" "Mozilla/5.0 (iPhone; CPU iPhone OS 11_0_3 like Mac OS X) AppleWebKit/604.1.38 (KHTML, like Gecko) Version/11.0 Mobile/15A432 Safari/604.1"
130.238.253.35 - - [20/Oct/2017:08:36:34 +0200] "GET //forum/styles/dbwebb_v2.0/imageset/icon_contact_dbwebb.png HTTP/1.1" 200 6555 "https://dbwebb.se/forum/viewtopic.php?t=3188" "Mozilla/5.0 (iPhone; CPU iPhone OS 11_0_3 like Mac OS X) AppleWebKit/604.1.38 (KHTML, like Gecko) Version/11.0 Mobile/15A432 Safari/604.1"
130.238.253.35 - - [20/Oct/2017:08:36:34 +0200] "GET //forum/styles/dbwebb_v2.0/imageset/icon_contact_www.png HTTP/1.1" 200 2877 "https://dbwebb.se/forum/viewtopic.php?t=3188" "Mozilla/5.0 (iPhone; CPU iPhone OS 11_0_3 like Mac OS X) AppleWebKit/604.1.38 (KHTML, like Gecko) Version/11.0 Mobile/15A432 Safari/604.1"
130.238.253.35 - - [20/Oct/2017:08:36:34 +0200] "GET /fonts/fontawesome-webfont.woff2?v=4.5.0 HTTP/1.1" 200 67132 "https://dbwebb.se/forum/viewtopic.php?t=3188" "Mozilla/5.0 (iPhone; CPU iPhone OS 11_0_3 like Mac OS X) AppleWebKit/604.1.38 (KHTML, like Gecko) Version/11.0 Mobile/15A432 Safari/604.1"
194.47.129.178 - - [20/Oct/2017:08:36:49 +0200] "GET /blogg/introduktionsveckan-2017 HTTP/1.1" 200 10229 "-" "python-requests/2.18.4"
194.47.129.178 - - [20/Oct/2017:08:36:51 +0200] "GET /blogg/introduktionsveckan-2017 HTTP/1.1" 200 10229 "-" "python-requests/2.18.4"
194.47.129.178 - - [20/Oct/2017:08:36:53 +0200] "GET /javascript/lekplats/get-marvin-quotes-using-ajax/quote.php HTTP/1.1" 302 3804 "-" "python-requests/2.18.4"
194.47.129.178 - - [20/Oct/2017:08:36:53 +0200] "GET /kurser/javascript/lekplats/get-marvin-quotes-using-ajax/quote.php HTTP/1.1" 302 644 "-" "python-requests/2.18.4"
194.47.129.178 - - [20/Oct/2017:08:36:53 +0200] "GET /repo/javascript/example/lekplats/get-marvin-quotes-using-ajax/quote.php HTTP/1.1" 200 330 "-" "python-requests/2.18.4"
194.47.129.178 - - [20/Oct/2017:08:36:54 +0200] "GET / HTTP/1.1" 200 10571 "-" "python-requests/2.18.4"
51.255.65.43 - - [20/Oct/2017:08:37:04 +0200] "GET /forum/viewtopic.php?p=6291 HTTP/1.1" 200 12443 "-" "Mozilla/5.0 (compatible; AhrefsBot/5.2; +http://ahrefs.com/robot/)"
204.79.180.3 - - [20/Oct/2017:08:39:04 +0200] "GET /kunskap/programmering-med-grunderna-i-javascript HTTP/1.1" 200 26767 "-" "Mozilla/5.0 (compatible; MSIE 9.0; Windows NT 6.0; Trident/5.0;  Trident/5.0)"
220.181.51.107 - - [20/Oct/2017:08:39:11 +0200] "GET / HTTP/1.1" 200 32473 "-" "Mozilla/5.0 (Windows NT 10.0; WOW64) AppleWebKit/537.36 (KHTML, like Gecko) Chrome/45.0.2454.93 Safari/537.36"
66.249.75.154 - - [20/Oct/2017:08:39:22 +0200] "GET /forum/viewtopic.php?p=42093 HTTP/1.1" 200 8805 "-" "Mozilla/5.0 (compatible; Googlebot/2.1; +http://www.google.com/bot.html)"
66.249.93.6 - - [20/Oct/2017:08:40:01 +0200] "GET /kurser/htmlphp HTTP/1.1" 200 12003 "-" "Mozilla/5.0 (X11; Linux x86_64) AppleWebKit/537.36 (KHTML, like Gecko) Chrome/49.0.2623.75 Safari/537.36 Google Favicon"
127.0.0.1 - - [20/Oct/2017:08:40:01 +0200] "POST /forum/ucp.php?mode=login HTTP/1.1" 200 18195 "-" "Mozilla/4.0 (compatible; MSIE 6.0; FreeBSD 8.1)"
127.0.0.1 - - [20/Oct/2017:08:40:01 +0200] "POST /forum/feed.php HTTP/1.1" 200 39121 "-" "Mozilla/4.0 (compatible; MSIE 6.0; FreeBSD 8.1)"
164.132.161.80 - - [20/Oct/2017:08:40:07 +0200] "GET /javascript/core/datatypes-and-values-using-strings HTTP/1.1" 302 3542 "-" "Mozilla/5.0 (compatible; AhrefsBot/5.2; +http://ahrefs.com/robot/)"
164.132.161.16 - - [20/Oct/2017:08:40:12 +0200] "GET /forum/viewtopic.php?p=53793 HTTP/1.1" 200 13402 "-" "Mozilla/5.0 (compatible; AhrefsBot/5.2; +http://ahrefs.com/robot/)"
141.8.142.23 - - [20/Oct/2017:08:40:46 +0200] "GET /uppgift/din-egen-chattbot-marvin-steg-4 HTTP/1.1" 200 9162 "-" "Mozilla/5.0 (compatible; YandexBot/3.0; +http://yandex.com/bots)"
51.255.71.123 - - [20/Oct/2017:08:41:02 +0200] "GET /forum/viewtopic.php?t=6773&p=55014 HTTP/1.1" 200 10423 "-" "Mozilla/5.0 (compatible; AhrefsBot/5.2; +http://ahrefs.com/robot/)"
40.77.167.34 - - [20/Oct/2017:08:41:37 +0200] "GET /image/snapht15/vhs-stat-2015.png?w=700 HTTP/1.1" 200 181325 "-" "Mozilla/5.0 (compatible; bingbot/2.0; +http://www.bing.com/bingbot.htm)"
66.102.9.135 - - [20/Oct/2017:08:41:51 +0200] "GET /kurser/python-v1 HTTP/1.1" 200 11251 "-" "Mozilla/5.0 (X11; Linux x86_64) AppleWebKit/537.36 (KHTML, like Gecko) Chrome/49.0.2623.75 Safari/537.36 Google Favicon"
83.252.58.85 - - [20/Oct/2017:08:41:57 +0200] "GET /forum/images/smilies/icon_e_wink.gif HTTP/1.1" 200 4215 "https://bth.itslearning.com/essay/show_essay_answer.aspx?EssayID=649462&PersonId=406089&ReturnUrl=%2fessay%2fread_essay.aspx%3fEssayID%3d649462%26PageNumber%3d2%26Filter%3d0" "Mozilla/5.0 (X11; Linux x86_64; rv:57.0) Gecko/20100101 Firefox/57.0"
66.249.76.40 - - [20/Oct/2017:08:42:18 +0200] "GET /forum/viewtopic.php?f=9&t=930&view=print HTTP/1.1" 200 5602 "-" "Mozilla/5.0 (Linux; Android 6.0.1; Nexus 5X Build/MMB29P) AppleWebKit/537.36 (KHTML, like Gecko) Chrome/41.0.2272.96 Mobile Safari/537.36 (compatible; Googlebot/2.1; +http://www.google.com/bot.html)"
217.182.132.93 - - [20/Oct/2017:08:43:20 +0200] "GET /kunskap/datastrukturer HTTP/1.1" 200 10360 "-" "Mozilla/5.0 (compatible; AhrefsBot/5.2; +http://ahrefs.com/robot/)"
40.77.167.34 - - [20/Oct/2017:08:43:24 +0200] "GET /image/snapshot/oophp20-inheritance.jpg HTTP/1.1" 200 59678 "-" "Mozilla/5.0 (compatible; bingbot/2.0; +http://www.bing.com/bingbot.htm)"
66.249.75.154 - - [20/Oct/2017:08:43:26 +0200] "GET /img/kunskap/javascript/bookshop-for-javascripter.png HTTP/1.1" 200 198614 "-" "Googlebot-Image/1.0"
85.226.125.18 - - [20/Oct/2017:08:43:35 +0200] "GET /kurser/htmlphp/kmom04 HTTP/1.1" 200 9149 "-" "Mozilla/5.0 (Windows NT 10.0; Win64; x64) AppleWebKit/537.36 (KHTML, like Gecko) Chrome/61.0.3163.100 Safari/537.36"
85.226.125.18 - - [20/Oct/2017:08:43:45 +0200] "GET /kurser/htmlphp/kmom04 HTTP/1.1" 200 9149 "-" "Mozilla/5.0 (Windows NT 10.0; Win64; x64) AppleWebKit/537.36 (KHTML, like Gecko) Chrome/61.0.3163.100 Safari/537.36"
193.10.56.226 - - [20/Oct/2017:08:44:56 +0200] "GET /uppgift/kom-igang-med-sql HTTP/1.1" 200 22211 "https://duckduckgo.com/" "Mozilla/5.0 (Windows NT 10.0; Win64; x64) AppleWebKit/537.36 (KHTML, like Gecko) Chrome/61.0.3163.100 Safari/537.36 OPR/48.0.2685.39"
194.47.137.22 - - [20/Oct/2017:08:45:59 +0200] "GET /forum/search.php?search_id=active_topics HTTP/1.1" 200 10377 "https://dbwebb.se/forum/search.php?search_id=active_topics" "Mozilla/5.0 (X11; Linux x86_64) AppleWebKit/537.36 (KHTML, like Gecko) Chrome/60.0.3112.90 Safari/537.36"
194.47.137.22 - - [20/Oct/2017:08:46:02 +0200] "GET /forum/viewtopic.php?f=41&t=6955 HTTP/1.1" 200 7548 "https://dbwebb.se/forum/search.php?search_id=active_topics" "Mozilla/5.0 (X11; Linux x86_64) AppleWebKit/537.36 (KHTML, like Gecko) Chrome/60.0.3112.90 Safari/537.36"
51.255.65.73 - - [20/Oct/2017:08:47:21 +0200] "GET /forum/viewtopic.php?t=6670&p=53928 HTTP/1.1" 200 9906 "-" "Mozilla/5.0 (compatible; AhrefsBot/5.2; +http://ahrefs.com/robot/)"
194.47.129.178 - - [20/Oct/2017:08:47:44 +0200] "HEAD /humans.txt HTTP/1.1" 200 3171 "-" "python-requests/2.18.4"
194.47.129.178 - - [20/Oct/2017:08:47:50 +0200] "GET /blogg/introduktionsveckan-2017 HTTP/1.1" 200 10229 "-" "python-requests/2.18.4"
194.47.129.178 - - [20/Oct/2017:08:47:53 +0200] "GET /blogg/introduktionsveckan-2017 HTTP/1.1" 200 10229 "-" "python-requests/2.18.4"
194.47.129.178 - - [20/Oct/2017:08:47:55 +0200] "GET /javascript/lekplats/get-marvin-quotes-using-ajax/quote.php HTTP/1.1" 302 3804 "-" "python-requests/2.18.4"
194.47.129.178 - - [20/Oct/2017:08:47:55 +0200] "GET /kurser/javascript/lekplats/get-marvin-quotes-using-ajax/quote.php HTTP/1.1" 302 644 "-" "python-requests/2.18.4"
194.47.129.178 - - [20/Oct/2017:08:47:55 +0200] "GET /repo/javascript/example/lekplats/get-marvin-quotes-using-ajax/quote.php HTTP/1.1" 200 318 "-" "python-requests/2.18.4"
194.47.129.178 - - [20/Oct/2017:08:47:58 +0200] "GET / HTTP/1.1" 200 10571 "-" "python-requests/2.18.4"
66.249.75.158 - - [20/Oct/2017:08:48:09 +0200] "GET /forum/viewtopic.php?f=11&t=6943&view=print HTTP/1.1" 200 5435 "-" "Mozilla/5.0 (Linux; Android 6.0.1; Nexus 5X Build/MMB29P) AppleWebKit/537.36 (KHTML, like Gecko) Chrome/41.0.2272.96 Mobile Safari/537.36 (compatible; Googlebot/2.1; +http://www.google.com/bot.html)"
194.47.137.22 - - [20/Oct/2017:08:48:12 +0200] "GET /forum/posting.php?mode=quote&f=41&p=56550 HTTP/1.1" 200 10624 "https://dbwebb.se/forum/viewtopic.php?f=41&t=6955" "Mozilla/5.0 (X11; Linux x86_64) AppleWebKit/537.36 (KHTML, like Gecko) Chrome/60.0.3112.90 Safari/537.36"
83.252.58.85 - - [20/Oct/2017:08:48:46 +0200] "GET / HTTP/1.1" 200 10576 "-" "python-requests/2.9.1"
2.64.139.12 - - [20/Oct/2017:08:49:04 +0200] "GET /forum/search.php?search_id=newposts HTTP/1.1" 200 10770 "https://dbwebb.se/forum/viewtopic.php?f=59&t=6821&p=56546" "Mozilla/5.0 (Linux; Android 7.0; VTR-L29 Build/HUAWEIVTR-L29) AppleWebKit/537.36 (KHTML, like Gecko) Chrome/61.0.3163.98 Mobile Safari/537.36"
104.145.231.104 - - [20/Oct/2017:08:49:08 +0200] "GET / HTTP/1.1" 200 32297 "-" "Uptime.com_(http://uptime.com/)"
2.64.139.12 - - [20/Oct/2017:08:49:08 +0200] "GET /forum/viewtopic.php?f=60&t=6596&sid=077c0b820352cb74ed882c3b30049bce HTTP/1.1" 200 7046 "https://dbwebb.se/forum/search.php?search_id=newposts" "Mozilla/5.0 (Linux; Android 7.0; VTR-L29 Build/HUAWEIVTR-L29) AppleWebKit/537.36 (KHTML, like Gecko) Chrome/61.0.3163.98 Mobile Safari/537.36"
2.64.139.12 - - [20/Oct/2017:08:49:08 +0200] "GET /forum/styles/dbwebb_v2.0/imageset/icon_post_target_unread.gif HTTP/1.1" 200 551 "https://dbwebb.se/forum/viewtopic.php?f=60&t=6596&sid=077c0b820352cb74ed882c3b30049bce" "Mozilla/5.0 (Linux; Android 7.0; VTR-L29 Build/HUAWEIVTR-L29) AppleWebKit/537.36 (KHTML, like Gecko) Chrome/61.0.3163.98 Mobile Safari/537.36"
194.251.143.16 - - [20/Oct/2017:08:49:16 +0200] "GET /kunskap/vad-ar-uml HTTP/1.1" 200 12571 "-" "Mozilla/5.0 (Windows NT 6.1; WOW64; Trident/7.0; rv:11.0) like Gecko"
194.251.143.16 - - [20/Oct/2017:08:49:18 +0200] "GET /favicon.ico HTTP/1.1" 200 36896 "-" "Mozilla/5.0 (Windows NT 6.1; Win64; x64; Trident/7.0; rv:11.0) like Gecko"
51.255.71.117 - - [20/Oct/2017:08:49:25 +0200] "GET /forum/viewtopic.php?p=46708 HTTP/1.1" 200 16340 "-" "Mozilla/5.0 (compatible; AhrefsBot/5.2; +http://ahrefs.com/robot/)"
2.64.139.12 - - [20/Oct/2017:08:49:28 +0200] "GET /forum/viewtopic.php?f=60&t=6596&sid=077c0b820352cb74ed882c3b30049bce HTTP/1.1" 200 7147 "https://dbwebb.se/forum/search.php?search_id=newposts" "Mozilla/5.0 (Linux; Android 7.0; VTR-L29 Build/HUAWEIVTR-L29) AppleWebKit/537.36 (KHTML, like Gecko) Chrome/61.0.3163.98 Mobile Safari/537.36"
164.132.161.43 - - [20/Oct/2017:08:49:55 +0200] "GET /forum/feed.php?f=12&t=1168 HTTP/1.1" 200 6310 "-" "Mozilla/5.0 (compatible; AhrefsBot/5.2; +http://ahrefs.com/robot/)"
194.47.137.22 - - [20/Oct/2017:08:50:10 +0200] "POST /forum/posting.php?mode=quote&f=41&t=6955&p=56550 HTTP/1.1" 200 4481 "https://dbwebb.se/forum/posting.php?mode=quote&f=41&p=56550" "Mozilla/5.0 (X11; Linux x86_64) AppleWebKit/537.36 (KHTML, like Gecko) Chrome/60.0.3112.90 Safari/537.36"
194.47.137.22 - - [20/Oct/2017:08:50:11 +0200] "GET /forum/search.php?search_id=active_topics HTTP/1.1" 200 7234 "https://dbwebb.se/forum/posting.php?mode=quote&f=41&t=6955&p=56550" "Mozilla/5.0 (X11; Linux x86_64) AppleWebKit/537.36 (KHTML, like Gecko) Chrome/60.0.3112.90 Safari/537.36"
194.47.137.22 - - [20/Oct/2017:08:50:14 +0200] "GET /forum/viewtopic.php?f=44&t=6948 HTTP/1.1" 200 9331 "https://dbwebb.se/forum/search.php?search_id=active_topics" "Mozilla/5.0 (X11; Linux x86_64) AppleWebKit/537.36 (KHTML, like Gecko) Chrome/60.0.3112.90 Safari/537.36"
164.132.162.153 - - [20/Oct/2017:08:50:24 +0200] "GET /forum/viewtopic.php?p=53535 HTTP/1.1" 200 14730 "-" "Mozilla/5.0 (compatible; AhrefsBot/5.2; +http://ahrefs.com/robot/)"
194.47.137.22 - - [20/Oct/2017:08:50:25 +0200] "GET /forum/search.php?search_id=active_topics HTTP/1.1" 200 7382 "https://dbwebb.se/forum/posting.php?mode=quote&f=41&t=6955&p=56550" "Mozilla/5.0 (X11; Linux x86_64) AppleWebKit/537.36 (KHTML, like Gecko) Chrome/60.0.3112.90 Safari/537.36"
194.47.137.22 - - [20/Oct/2017:08:50:25 +0200] "GET /favicon.ico HTTP/1.1" 200 33477 "https://dbwebb.se/forum/search.php?search_id=active_topics" "Mozilla/5.0 (X11; Linux x86_64) AppleWebKit/537.36 (KHTML, like Gecko) Chrome/60.0.3112.90 Safari/537.36"
194.47.137.22 - - [20/Oct/2017:08:50:33 +0200] "GET /forum/viewtopic.php?f=59&t=6821 HTTP/1.1" 200 10877 "https://dbwebb.se/forum/search.php?search_id=active_topics" "Mozilla/5.0 (X11; Linux x86_64) AppleWebKit/537.36 (KHTML, like Gecko) Chrome/60.0.3112.90 Safari/537.36"
66.249.76.36 - - [20/Oct/2017:08:51:05 +0200] "GET /t/1864 HTTP/1.1" 301 3762 "-" "Mozilla/5.0 (Linux; Android 6.0.1; Nexus 5X Build/MMB29P) AppleWebKit/537.36 (KHTML, like Gecko) Chrome/41.0.2272.96 Mobile Safari/537.36 (compatible; Googlebot/2.1; +http://www.google.com/bot.html)"
194.47.129.178 - - [20/Oct/2017:08:51:06 +0200] "HEAD /humans.txt HTTP/1.1" 200 3171 "-" "python-requests/2.18.4"
66.249.75.158 - - [20/Oct/2017:08:51:06 +0200] "GET /forum/viewtopic.php?t=1864 HTTP/1.1" 200 8182 "-" "Mozilla/5.0 (Linux; Android 6.0.1; Nexus 5X Build/MMB29P) AppleWebKit/537.36 (KHTML, like Gecko) Chrome/41.0.2272.96 Mobile Safari/537.36 (compatible; Googlebot/2.1; +http://www.google.com/bot.html)"
194.47.129.178 - - [20/Oct/2017:08:51:16 +0200] "GET /blogg/introduktionsveckan-2017 HTTP/1.1" 200 10229 "-" "python-requests/2.18.4"
194.47.129.178 - - [20/Oct/2017:08:51:20 +0200] "GET /blogg/introduktionsveckan-2017 HTTP/1.1" 200 10229 "-" "python-requests/2.18.4"
194.47.129.178 - - [20/Oct/2017:08:51:22 +0200] "GET /javascript/lekplats/get-marvin-quotes-using-ajax/quote.php HTTP/1.1" 302 3804 "-" "python-requests/2.18.4"
194.47.129.178 - - [20/Oct/2017:08:51:22 +0200] "GET /kurser/javascript/lekplats/get-marvin-quotes-using-ajax/quote.php HTTP/1.1" 302 644 "-" "python-requests/2.18.4"
194.47.129.178 - - [20/Oct/2017:08:51:22 +0200] "GET /repo/javascript/example/lekplats/get-marvin-quotes-using-ajax/quote.php HTTP/1.1" 200 328 "-" "python-requests/2.18.4"
194.47.129.178 - - [20/Oct/2017:08:51:23 +0200] "GET / HTTP/1.1" 200 10571 "-" "python-requests/2.18.4"
157.55.39.37 - - [20/Oct/2017:08:51:24 +0200] "GET /image/snapvt15/me2-footer-details.png HTTP/1.1" 200 24724 "-" "Mozilla/5.0 (compatible; bingbot/2.0; +http://www.bing.com/bingbot.htm)"
137.74.207.164 - - [20/Oct/2017:08:52:02 +0200] "GET /javascript1/repo/me/default/kmom03/baddie2/README.md HTTP/1.1" 302 3546 "-" "Mozilla/5.0 (compatible; AhrefsBot/5.2; +http://ahrefs.com/robot/)"
194.47.137.22 - - [20/Oct/2017:08:52:10 +0200] "GET /forum/posting.php?mode=reply&f=59&t=6821 HTTP/1.1" 200 16152 "https://dbwebb.se/forum/viewtopic.php?f=59&t=6821" "Mozilla/5.0 (X11; Linux x86_64) AppleWebKit/537.36 (KHTML, like Gecko) Chrome/60.0.3112.90 Safari/537.36"
185.32.189.39 - - [20/Oct/2017:08:52:10 +0200] "GET /robots.txt HTTP/1.1" 403 3475 "https://dbwebb.se/robots.txt" "Mozilla/5.0 (compatible; Googlebot/2.1; +http://www.google.com/bot.html)"
84.55.99.174 - - [20/Oct/2017:08:52:29 +0200] "GET /forum/ HTTP/1.1" 200 10697 "-" "Mozilla/5.0 (Windows NT 10.0; Win64; x64) AppleWebKit/537.36 (KHTML, like Gecko) Chrome/61.0.3163.100 Safari/537.36"
84.55.99.174 - - [20/Oct/2017:08:52:30 +0200] "GET /forum/search.php?search_id=active_topics HTTP/1.1" 200 7110 "https://dbwebb.se/forum/" "Mozilla/5.0 (Windows NT 10.0; Win64; x64) AppleWebKit/537.36 (KHTML, like Gecko) Chrome/61.0.3163.100 Safari/537.36"
84.55.99.174 - - [20/Oct/2017:08:52:33 +0200] "GET /forum/viewtopic.php?f=41&t=6955 HTTP/1.1" 200 7755 "https://dbwebb.se/forum/search.php?search_id=active_topics" "Mozilla/5.0 (Windows NT 10.0; Win64; x64) AppleWebKit/537.36 (KHTML, like Gecko) Chrome/61.0.3163.100 Safari/537.36"
194.47.137.34 - - [20/Oct/2017:08:52:40 +0200] "GET /forum/viewtopic.php?f=44&t=6948 HTTP/1.1" 200 11626 "https://dbwebb.se/forum/search.php?search_id=active_topics" "Mozilla/5.0 (X11; Linux x86_64) AppleWebKit/537.36 (KHTML, like Gecko) Chrome/60.0.3112.78 Safari/537.36"
194.47.137.34 - - [20/Oct/2017:08:52:41 +0200] "GET /favicon.ico HTTP/1.1" 200 33477 "https://dbwebb.se/forum/viewtopic.php?f=44&t=6948" "Mozilla/5.0 (X11; Linux x86_64) AppleWebKit/537.36 (KHTML, like Gecko) Chrome/60.0.3112.78 Safari/537.36"
194.47.129.178 - - [20/Oct/2017:08:52:50 +0200] "HEAD /humans.txt HTTP/1.1" 200 3171 "-" "python-requests/2.18.4"
194.47.129.178 - - [20/Oct/2017:08:52:59 +0200] "GET /blogg/introduktionsveckan-2017 HTTP/1.1" 200 10229 "-" "python-requests/2.18.4"
194.47.129.178 - - [20/Oct/2017:08:53:01 +0200] "GET /blogg/introduktionsveckan-2017 HTTP/1.1" 200 10229 "-" "python-requests/2.18.4"
194.47.129.178 - - [20/Oct/2017:08:53:03 +0200] "GET /javascript/lekplats/get-marvin-quotes-using-ajax/quote.php HTTP/1.1" 302 3804 "-" "python-requests/2.18.4"
194.47.129.178 - - [20/Oct/2017:08:53:03 +0200] "GET /kurser/javascript/lekplats/get-marvin-quotes-using-ajax/quote.php HTTP/1.1" 302 644 "-" "python-requests/2.18.4"
194.47.129.178 - - [20/Oct/2017:08:53:03 +0200] "GET /repo/javascript/example/lekplats/get-marvin-quotes-using-ajax/quote.php HTTP/1.1" 200 456 "-" "python-requests/2.18.4"
194.47.129.178 - - [20/Oct/2017:08:53:07 +0200] "GET / HTTP/1.1" 200 10571 "-" "python-requests/2.18.4"
40.77.167.34 - - [20/Oct/2017:08:53:27 +0200] "GET /image/snapht15/vb-bridged-ip-addr.png HTTP/1.1" 200 25348 "-" "Mozilla/5.0 (compatible; bingbot/2.0; +http://www.bing.com/bingbot.htm)"
81.170.234.228 - - [20/Oct/2017:08:53:28 +0200] "GET /f/56550 HTTP/1.1" 301 3778 "-" "Mozilla/5.0 (Windows NT 10.0; Win64; x64) AppleWebKit/537.36 (KHTML, like Gecko) Chrome/61.0.3163.100 Safari/537.36"
81.170.234.228 - - [20/Oct/2017:08:53:28 +0200] "GET /forum/viewtopic.php?p=56550 HTTP/1.1" 200 7743 "-" "Mozilla/5.0 (Windows NT 10.0; Win64; x64) AppleWebKit/537.36 (KHTML, like Gecko) Chrome/61.0.3163.100 Safari/537.36"
66.249.76.40 - - [20/Oct/2017:08:54:01 +0200] "GET /forum/viewtopic.php?f=4&t=798 HTTP/1.1" 200 7195 "-" "Mozilla/5.0 (Linux; Android 6.0.1; Nexus 5X Build/MMB29P) AppleWebKit/537.36 (KHTML, like Gecko) Chrome/41.0.2272.96 Mobile Safari/537.36 (compatible; Googlebot/2.1; +http://www.google.com/bot.html)"
83.249.37.160 - - [20/Oct/2017:08:54:44 +0200] "GET / HTTP/1.1" 200 10376 "-" "Mozilla/5.0 (Macintosh; Intel Mac OS X 10_13) AppleWebKit/604.1.38 (KHTML, like Gecko) Version/11.0 Safari/604.1.38"
83.249.37.160 - - [20/Oct/2017:08:54:47 +0200] "GET /community HTTP/1.1" 200 7787 "https://dbwebb.se/" "Mozilla/5.0 (Macintosh; Intel Mac OS X 10_13) AppleWebKit/604.1.38 (KHTML, like Gecko) Version/11.0 Safari/604.1.38"
83.249.37.160 - - [20/Oct/2017:08:54:48 +0200] "GET /forum HTTP/1.1" 301 550 "https://dbwebb.se/community" "Mozilla/5.0 (Macintosh; Intel Mac OS X 10_13) AppleWebKit/604.1.38 (KHTML, like Gecko) Version/11.0 Safari/604.1.38"
83.249.37.160 - - [20/Oct/2017:08:54:48 +0200] "GET /forum/ HTTP/1.1" 200 7537 "https://dbwebb.se/community" "Mozilla/5.0 (Macintosh; Intel Mac OS X 10_13) AppleWebKit/604.1.38 (KHTML, like Gecko) Version/11.0 Safari/604.1.38"
83.249.37.160 - - [20/Oct/2017:08:54:48 +0200] "GET /css/forum.min.css HTTP/1.1" 200 19991 "https://dbwebb.se/forum/" "Mozilla/5.0 (Macintosh; Intel Mac OS X 10_13) AppleWebKit/604.1.38 (KHTML, like Gecko) Version/11.0 Safari/604.1.38"
83.249.37.160 - - [20/Oct/2017:08:54:49 +0200] "GET /forum/styles/dbwebb_v2.0/template/forum_fn.js HTTP/1.1" 200 4005 "https://dbwebb.se/forum/" "Mozilla/5.0 (Macintosh; Intel Mac OS X 10_13) AppleWebKit/604.1.38 (KHTML, like Gecko) Version/11.0 Safari/604.1.38"
83.249.37.160 - - [20/Oct/2017:08:54:49 +0200] "GET /image/tema/trad/blad.jpg HTTP/1.1" 200 3607 "https://dbwebb.se/forum/" "Mozilla/5.0 (Macintosh; Intel Mac OS X 10_13) AppleWebKit/604.1.38 (KHTML, like Gecko) Version/11.0 Safari/604.1.38"
83.249.37.160 - - [20/Oct/2017:08:54:49 +0200] "GET /image/tema/trad/blad_40x38.png HTTP/1.1" 200 2712 "https://dbwebb.se/forum/" "Mozilla/5.0 (Macintosh; Intel Mac OS X 10_13) AppleWebKit/604.1.38 (KHTML, like Gecko) Version/11.0 Safari/604.1.38"
83.249.37.160 - - [20/Oct/2017:08:54:49 +0200] "GET /image/tema/trad/tree2.jpg?w=1100&h=96&cf&a=40,0,0,0 HTTP/1.1" 200 23423 "https://dbwebb.se/forum/" "Mozilla/5.0 (Macintosh; Intel Mac OS X 10_13) AppleWebKit/604.1.38 (KHTML, like Gecko) Version/11.0 Safari/604.1.38"
83.249.37.160 - - [20/Oct/2017:08:54:49 +0200] "GET /js/mos-theme/responsive-menu.js HTTP/1.1" 200 1864 "https://dbwebb.se/forum/" "Mozilla/5.0 (Macintosh; Intel Mac OS X 10_13) AppleWebKit/604.1.38 (KHTML, like Gecko) Version/11.0 Safari/604.1.38"
83.249.37.160 - - [20/Oct/2017:08:54:49 +0200] "GET /forum/styles/dbwebb_v2.0/imageset/forum_unread.gif HTTP/1.1" 200 1106 "https://dbwebb.se/forum/" "Mozilla/5.0 (Macintosh; Intel Mac OS X 10_13) AppleWebKit/604.1.38 (KHTML, like Gecko) Version/11.0 Safari/604.1.38"
83.249.37.160 - - [20/Oct/2017:08:54:49 +0200] "GET /forum/styles/dbwebb_v2.0/imageset/forum_unread_subforum.gif HTTP/1.1" 200 1164 "https://dbwebb.se/forum/" "Mozilla/5.0 (Macintosh; Intel Mac OS X 10_13) AppleWebKit/604.1.38 (KHTML, like Gecko) Version/11.0 Safari/604.1.38"
83.249.37.160 - - [20/Oct/2017:08:54:49 +0200] "GET /forum/styles/dbwebb_v2.0/imageset/forum_read_subforum.gif HTTP/1.1" 200 1164 "https://dbwebb.se/forum/" "Mozilla/5.0 (Macintosh; Intel Mac OS X 10_13) AppleWebKit/604.1.38 (KHTML, like Gecko) Version/11.0 Safari/604.1.38"
83.249.37.160 - - [20/Oct/2017:08:54:49 +0200] "GET /fonts/fontawesome-webfont.woff2?v=4.5.0 HTTP/1.1" 200 67132 "https://dbwebb.se/forum/" "Mozilla/5.0 (Macintosh; Intel Mac OS X 10_13) AppleWebKit/604.1.38 (KHTML, like Gecko) Version/11.0 Safari/604.1.38"
83.249.37.160 - - [20/Oct/2017:08:54:49 +0200] "GET /favicon.ico HTTP/1.1" 200 33615 "https://dbwebb.se/forum/" "Mozilla/5.0 (Macintosh; Intel Mac OS X 10_13) AppleWebKit/604.1.38 (KHTML, like Gecko) Version/11.0 Safari/604.1.38"
83.249.37.160 - - [20/Oct/2017:08:54:51 +0200] "GET /forum/viewforum.php?f=69 HTTP/1.1" 200 5900 "https://dbwebb.se/forum/" "Mozilla/5.0 (Macintosh; Intel Mac OS X 10_13) AppleWebKit/604.1.38 (KHTML, like Gecko) Version/11.0 Safari/604.1.38"
83.249.37.160 - - [20/Oct/2017:08:54:51 +0200] "GET /forum/styles/dbwebb_v2.0/theme/images/icon_subscribe.gif HTTP/1.1" 200 809 "https://dbwebb.se/forum/viewforum.php?f=69" "Mozilla/5.0 (Macintosh; Intel Mac OS X 10_13) AppleWebKit/604.1.38 (KHTML, like Gecko) Version/11.0 Safari/604.1.38"
83.249.37.160 - - [20/Oct/2017:08:54:51 +0200] "GET //forum/styles/dbwebb_v2.0/imageset/sv/button_topic_new.gif HTTP/1.1" 200 2089 "https://dbwebb.se/forum/viewforum.php?f=69" "Mozilla/5.0 (Macintosh; Intel Mac OS X 10_13) AppleWebKit/604.1.38 (KHTML, like Gecko) Version/11.0 Safari/604.1.38"
83.249.37.160 - - [20/Oct/2017:08:54:53 +0200] "GET /forum/viewforum.php?f=4 HTTP/1.1" 200 8086 "https://dbwebb.se/forum/viewforum.php?f=69" "Mozilla/5.0 (Macintosh; Intel Mac OS X 10_13) AppleWebKit/604.1.38 (KHTML, like Gecko) Version/11.0 Safari/604.1.38"
83.249.37.160 - - [20/Oct/2017:08:54:53 +0200] "GET /forum/styles/dbwebb_v2.0/imageset/icon_topic_attach.gif HTTP/1.1" 200 717 "https://dbwebb.se/forum/viewforum.php?f=4" "Mozilla/5.0 (Macintosh; Intel Mac OS X 10_13) AppleWebKit/604.1.38 (KHTML, like Gecko) Version/11.0 Safari/604.1.38"
83.249.37.160 - - [20/Oct/2017:08:54:53 +0200] "GET /forum/styles/dbwebb_v2.0/imageset/announce_unread_mine.gif HTTP/1.1" 200 1204 "https://dbwebb.se/forum/viewforum.php?f=4" "Mozilla/5.0 (Macintosh; Intel Mac OS X 10_13) AppleWebKit/604.1.38 (KHTML, like Gecko) Version/11.0 Safari/604.1.38"
83.249.37.160 - - [20/Oct/2017:08:54:53 +0200] "GET /forum/styles/dbwebb_v2.0/imageset/sticky_read.gif HTTP/1.1" 200 1064 "https://dbwebb.se/forum/viewforum.php?f=4" "Mozilla/5.0 (Macintosh; Intel Mac OS X 10_13) AppleWebKit/604.1.38 (KHTML, like Gecko) Version/11.0 Safari/604.1.38"
83.249.37.160 - - [20/Oct/2017:08:54:53 +0200] "GET /forum/styles/dbwebb_v2.0/imageset/announce_unread.gif HTTP/1.1" 200 1169 "https://dbwebb.se/forum/viewforum.php?f=4" "Mozilla/5.0 (Macintosh; Intel Mac OS X 10_13) AppleWebKit/604.1.38 (KHTML, like Gecko) Version/11.0 Safari/604.1.38"
83.249.37.160 - - [20/Oct/2017:08:54:53 +0200] "GET /forum/styles/dbwebb_v2.0/imageset/topic_unread_hot.gif HTTP/1.1" 200 1845 "https://dbwebb.se/forum/viewforum.php?f=4" "Mozilla/5.0 (Macintosh; Intel Mac OS X 10_13) AppleWebKit/604.1.38 (KHTML, like Gecko) Version/11.0 Safari/604.1.38"
83.249.37.160 - - [20/Oct/2017:08:54:53 +0200] "GET /forum/styles/dbwebb_v2.0/imageset/topic_unread.gif HTTP/1.1" 200 1091 "https://dbwebb.se/forum/viewforum.php?f=4" "Mozilla/5.0 (Macintosh; Intel Mac OS X 10_13) AppleWebKit/604.1.38 (KHTML, like Gecko) Version/11.0 Safari/604.1.38"
83.249.37.160 - - [20/Oct/2017:08:54:53 +0200] "GET /forum/styles/dbwebb_v2.0/imageset/topic_read.gif HTTP/1.1" 200 1092 "https://dbwebb.se/forum/viewforum.php?f=4" "Mozilla/5.0 (Macintosh; Intel Mac OS X 10_13) AppleWebKit/604.1.38 (KHTML, like Gecko) Version/11.0 Safari/604.1.38"
194.47.137.22 - - [20/Oct/2017:08:54:55 +0200] "POST /forum/posting.php?mode=reply&f=59&t=6821 HTTP/1.1" 200 4478 "https://dbwebb.se/forum/posting.php?mode=reply&f=59&t=6821" "Mozilla/5.0 (X11; Linux x86_64) AppleWebKit/537.36 (KHTML, like Gecko) Chrome/60.0.3112.90 Safari/537.36"
194.47.137.22 - - [20/Oct/2017:08:54:56 +0200] "GET /forum/search.php?search_id=active_topics HTTP/1.1" 200 7239 "https://dbwebb.se/forum/posting.php?mode=reply&f=59&t=6821" "Mozilla/5.0 (X11; Linux x86_64) AppleWebKit/537.36 (KHTML, like Gecko) Chrome/60.0.3112.90 Safari/537.36"
83.249.37.160 - - [20/Oct/2017:08:54:57 +0200] "GET /forum/viewtopic.php?f=4&t=6558 HTTP/1.1" 200 22776 "https://dbwebb.se/forum/viewforum.php?f=4" "Mozilla/5.0 (Macintosh; Intel Mac OS X 10_13) AppleWebKit/604.1.38 (KHTML, like Gecko) Version/11.0 Safari/604.1.38"
83.249.37.160 - - [20/Oct/2017:08:54:57 +0200] "GET /forum/styles/dbwebb_v2.0/imageset/sv/icon_user_online.png HTTP/1.1" 200 1879 "https://dbwebb.se/forum/viewtopic.php?f=4&t=6558" "Mozilla/5.0 (Macintosh; Intel Mac OS X 10_13) AppleWebKit/604.1.38 (KHTML, like Gecko) Version/11.0 Safari/604.1.38"
83.249.37.160 - - [20/Oct/2017:08:54:57 +0200] "GET /forum/styles/dbwebb_v2.0/imageset/icon_post_target.gif HTTP/1.1" 200 550 "https://dbwebb.se/forum/viewtopic.php?f=4&t=6558" "Mozilla/5.0 (Macintosh; Intel Mac OS X 10_13) AppleWebKit/604.1.38 (KHTML, like Gecko) Version/11.0 Safari/604.1.38"
83.249.37.160 - - [20/Oct/2017:08:54:57 +0200] "GET /forum/styles/dbwebb_v2.0/theme/images/icon_print.gif HTTP/1.1" 200 822 "https://dbwebb.se/forum/viewtopic.php?f=4&t=6558" "Mozilla/5.0 (Macintosh; Intel Mac OS X 10_13) AppleWebKit/604.1.38 (KHTML, like Gecko) Version/11.0 Safari/604.1.38"
83.249.37.160 - - [20/Oct/2017:08:54:57 +0200] "GET /forum/styles/dbwebb_v2.0/theme/images/icon_bookmark.gif HTTP/1.1" 200 1875 "https://dbwebb.se/forum/viewtopic.php?f=4&t=6558" "Mozilla/5.0 (Macintosh; Intel Mac OS X 10_13) AppleWebKit/604.1.38 (KHTML, like Gecko) Version/11.0 Safari/604.1.38"
83.249.37.160 - - [20/Oct/2017:08:54:57 +0200] "GET //forum/styles/dbwebb_v2.0/imageset/icon_contact_dbwebb.png HTTP/1.1" 200 6555 "https://dbwebb.se/forum/viewtopic.php?f=4&t=6558" "Mozilla/5.0 (Macintosh; Intel Mac OS X 10_13) AppleWebKit/604.1.38 (KHTML, like Gecko) Version/11.0 Safari/604.1.38"
83.249.37.160 - - [20/Oct/2017:08:54:57 +0200] "GET /forum/styles/dbwebb_v2.0/theme/images/phpbb.png HTTP/1.1" 200 6619 "https://dbwebb.se/forum/viewtopic.php?f=4&t=6558" "Mozilla/5.0 (Macintosh; Intel Mac OS X 10_13) AppleWebKit/604.1.38 (KHTML, like Gecko) Version/11.0 Safari/604.1.38"
83.249.37.160 - - [20/Oct/2017:08:54:57 +0200] "GET //forum/styles/dbwebb_v2.0/imageset/icon_contact_www.png HTTP/1.1" 200 2877 "https://dbwebb.se/forum/viewtopic.php?f=4&t=6558" "Mozilla/5.0 (Macintosh; Intel Mac OS X 10_13) AppleWebKit/604.1.38 (KHTML, like Gecko) Version/11.0 Safari/604.1.38"
83.249.37.160 - - [20/Oct/2017:08:54:57 +0200] "GET //forum/styles/dbwebb_v2.0/imageset/icon_post_report.png HTTP/1.1" 200 1994 "https://dbwebb.se/forum/viewtopic.php?f=4&t=6558" "Mozilla/5.0 (Macintosh; Intel Mac OS X 10_13) AppleWebKit/604.1.38 (KHTML, like Gecko) Version/11.0 Safari/604.1.38"
83.249.37.160 - - [20/Oct/2017:08:54:57 +0200] "GET /forum/styles/dbwebb_v2.0/imageset/icon_post_target_unread.gif HTTP/1.1" 200 551 "https://dbwebb.se/forum/viewtopic.php?f=4&t=6558" "Mozilla/5.0 (Macintosh; Intel Mac OS X 10_13) AppleWebKit/604.1.38 (KHTML, like Gecko) Version/11.0 Safari/604.1.38"
83.249.37.160 - - [20/Oct/2017:08:54:57 +0200] "GET //forum/styles/dbwebb_v2.0/imageset/sv/icon_post_quote.gif HTTP/1.1" 200 1701 "https://dbwebb.se/forum/viewtopic.php?f=4&t=6558" "Mozilla/5.0 (Macintosh; Intel Mac OS X 10_13) AppleWebKit/604.1.38 (KHTML, like Gecko) Version/11.0 Safari/604.1.38"
85.194.8.70 - - [20/Oct/2017:08:55:09 +0200] "GET /coachen/kom-igang-snabbt-med-html-css-och-javascript HTTP/1.1" 200 7843 "https://dbwebb.se/kurser/javascript1/kmom01" "Mozilla/5.0 (X11; Ubuntu; Linux x86_64; rv:56.0) Gecko/20100101 Firefox/56.0"
85.194.8.70 - - [20/Oct/2017:08:55:16 +0200] "GET /kunskap/kom-i-gang-med-html-css-och-javascript HTTP/1.1" 200 10424 "https://dbwebb.se/kurser/javascript1/kmom01" "Mozilla/5.0 (X11; Ubuntu; Linux x86_64; rv:56.0) Gecko/20100101 Firefox/56.0"
85.194.8.70 - - [20/Oct/2017:08:55:30 +0200] "GET /uppgift/skapa-din-egen-sandbox-for-javascript-testprogram HTTP/1.1" 200 5307 "https://dbwebb.se/kurser/javascript1/kmom01" "Mozilla/5.0 (X11; Ubuntu; Linux x86_64; rv:56.0) Gecko/20100101 Firefox/56.0"
51.255.65.35 - - [20/Oct/2017:08:56:41 +0200] "GET /forum/viewtopic.php?f=23&t=6709&p=54296 HTTP/1.1" 200 9091 "-" "Mozilla/5.0 (compatible; AhrefsBot/5.2; +http://ahrefs.com/robot/)"
66.249.75.158 - - [20/Oct/2017:08:56:56 +0200] "GET /forum/viewtopic.php?f=21&t=1872 HTTP/1.1" 200 8139 "-" "Mozilla/5.0 (Linux; Android 6.0.1; Nexus 5X Build/MMB29P) AppleWebKit/537.36 (KHTML, like Gecko) Chrome/41.0.2272.96 Mobile Safari/537.36 (compatible; Googlebot/2.1; +http://www.google.com/bot.html)"
85.194.8.70 - - [20/Oct/2017:08:57:34 +0200] "GET /uppgift/skapa-en-me-sida-for-redovisning-i-kursen-javascript1 HTTP/1.1" 200 5411 "https://dbwebb.se/kurser/javascript1/kmom01" "Mozilla/5.0 (X11; Ubuntu; Linux x86_64; rv:56.0) Gecko/20100101 Firefox/56.0"
164.132.161.75 - - [20/Oct/2017:08:57:53 +0200] "GET /forum/viewtopic.php?f=44&t=6852&p=55666 HTTP/1.1" 200 8610 "-" "Mozilla/5.0 (compatible; AhrefsBot/5.2; +http://ahrefs.com/robot/)"
217.182.132.59 - - [20/Oct/2017:08:58:15 +0200] "GET /kod-exempel/cimage/cache/_._car.png_700_200_nu_q60_co-1 HTTP/1.1" 301 3588 "-" "Mozilla/5.0 (compatible; AhrefsBot/5.2; +http://ahrefs.com/robot/)"
137.74.207.164 - - [20/Oct/2017:08:59:03 +0200] "GET /forum/viewtopic.php?f=23&t=2061&view=print HTTP/1.1" 200 6170 "-" "Mozilla/5.0 (compatible; AhrefsBot/5.2; +http://ahrefs.com/robot/)"
85.194.8.70 - - [20/Oct/2017:08:59:45 +0200] "GET /kurser/javascript1/redovisa HTTP/1.1" 200 5444 "https://dbwebb.se/kurser/javascript1/kmom01" "Mozilla/5.0 (X11; Ubuntu; Linux x86_64; rv:56.0) Gecko/20100101 Firefox/56.0"
66.249.76.36 - - [20/Oct/2017:08:59:52 +0200] "GET /style/?id=149 HTTP/1.1" 301 3750 "-" "Mozilla/5.0 (Linux; Android 6.0.1; Nexus 5X Build/MMB29P) AppleWebKit/537.36 (KHTML, like Gecko) Chrome/41.0.2272.96 Mobile Safari/537.36 (compatible; Googlebot/2.1; +http://www.google.com/bot.html)"
66.249.76.36 - - [20/Oct/2017:08:59:56 +0200] "GET /style/?id=82&css HTTP/1.1" 301 588 "-" "Mozilla/5.0 (compatible; Googlebot/2.1; +http://www.google.com/bot.html)"
127.0.0.1 - - [20/Oct/2017:09:00:01 +0200] "POST /forum/ucp.php?mode=login HTTP/1.1" 200 18195 "-" "Mozilla/4.0 (compatible; MSIE 6.0; FreeBSD 8.1)"
127.0.0.1 - - [20/Oct/2017:09:00:01 +0200] "POST /forum/feed.php HTTP/1.1" 200 38744 "-" "Mozilla/4.0 (compatible; MSIE 6.0; FreeBSD 8.1)"
2.64.139.12 - - [20/Oct/2017:09:01:16 +0200] "GET /f/56556 HTTP/1.1" 301 3778 "-" "Mozilla/5.0 (Linux; Android 7.0; VTR-L29 Build/HUAWEIVTR-L29) AppleWebKit/537.36 (KHTML, like Gecko) Chrome/61.0.3163.98 Mobile Safari/537.36"
2.64.139.12 - - [20/Oct/2017:09:01:16 +0200] "GET /forum/viewtopic.php?p=56556 HTTP/1.1" 200 10379 "-" "Mozilla/5.0 (Linux; Android 7.0; VTR-L29 Build/HUAWEIVTR-L29) AppleWebKit/537.36 (KHTML, like Gecko) Chrome/61.0.3163.98 Mobile Safari/537.36"
46.229.164.99 - - [20/Oct/2017:09:01:48 +0200] "GET /robots.txt HTTP/1.1" 200 3531 "-" "Mozilla/5.0 (compatible; SemrushBot/1.2~bl; +http://www.semrush.com/bot.html)"
193.11.184.205 - - [20/Oct/2017:09:02:12 +0200] "GET /f/56555 HTTP/1.1" 301 3778 "-" "Mozilla/5.0 (Macintosh; Intel Mac OS X 10_12_6) AppleWebKit/537.36 (KHTML, like Gecko) Chrome/61.0.3163.100 Safari/537.36"
193.11.184.205 - - [20/Oct/2017:09:02:12 +0200] "GET /forum/viewtopic.php?p=56555 HTTP/1.1" 200 8192 "-" "Mozilla/5.0 (Macintosh; Intel Mac OS X 10_12_6) AppleWebKit/537.36 (KHTML, like Gecko) Chrome/61.0.3163.100 Safari/537.36"
151.177.177.11 - - [20/Oct/2017:09:02:14 +0200] "GET / HTTP/1.1" 200 10571 "-" "Mozilla/5.0 (Windows NT 10.0; Win64; x64) AppleWebKit/537.36 (KHTML, like Gecko) Chrome/61.0.3163.100 Safari/537.36"
66.249.76.40 - - [20/Oct/2017:09:02:48 +0200] "GET /lydia/tags/v0.1.1/ HTTP/1.1" 410 3754 "-" "Mozilla/5.0 (Linux; Android 6.0.1; Nexus 5X Build/MMB29P) AppleWebKit/537.36 (KHTML, like Gecko) Chrome/41.0.2272.96 Mobile Safari/537.36 (compatible; Googlebot/2.1; +http://www.google.com/bot.html)"
193.11.184.39 - - [20/Oct/2017:09:03:05 +0200] "GET / HTTP/1.1" 200 10571 "-" "Mozilla/5.0 (Macintosh; Intel Mac OS X 10_13_0) AppleWebKit/537.36 (KHTML, like Gecko) Chrome/61.0.3163.100 Safari/537.36"
193.11.184.39 - - [20/Oct/2017:09:03:07 +0200] "GET /forum/ucp.php?mode=login HTTP/1.1" 302 279 "https://dbwebb.se/" "Mozilla/5.0 (Macintosh; Intel Mac OS X 10_13_0) AppleWebKit/537.36 (KHTML, like Gecko) Chrome/61.0.3163.100 Safari/537.36"
193.11.184.39 - - [20/Oct/2017:09:03:07 +0200] "GET /forum/index.php HTTP/1.1" 200 7550 "https://dbwebb.se/" "Mozilla/5.0 (Macintosh; Intel Mac OS X 10_13_0) AppleWebKit/537.36 (KHTML, like Gecko) Chrome/61.0.3163.100 Safari/537.36"
193.11.184.39 - - [20/Oct/2017:09:03:15 +0200] "GET /forum/viewforum.php?f=69 HTTP/1.1" 200 6054 "https://dbwebb.se/forum/index.php" "Mozilla/5.0 (Macintosh; Intel Mac OS X 10_13_0) AppleWebKit/537.36 (KHTML, like Gecko) Chrome/61.0.3163.100 Safari/537.36"
193.11.184.39 - - [20/Oct/2017:09:03:15 +0200] "GET /forum/styles/dbwebb_v2.0/theme/images/icon_subscribe.gif HTTP/1.1" 304 280 "https://dbwebb.se/css/forum.min.css" "Mozilla/5.0 (Macintosh; Intel Mac OS X 10_13_0) AppleWebKit/537.36 (KHTML, like Gecko) Chrome/61.0.3163.100 Safari/537.36"
193.11.184.39 - - [20/Oct/2017:09:03:15 +0200] "GET /forum/styles/dbwebb_v2.0/imageset/forum_unread.gif HTTP/1.1" 304 280 "https://dbwebb.se/forum/viewforum.php?f=69" "Mozilla/5.0 (Macintosh; Intel Mac OS X 10_13_0) AppleWebKit/537.36 (KHTML, like Gecko) Chrome/61.0.3163.100 Safari/537.36"
193.11.184.39 - - [20/Oct/2017:09:03:15 +0200] "GET //forum/styles/dbwebb_v2.0/imageset/sv/button_topic_new.gif HTTP/1.1" 304 280 "https://dbwebb.se/css/forum.min.css" "Mozilla/5.0 (Macintosh; Intel Mac OS X 10_13_0) AppleWebKit/537.36 (KHTML, like Gecko) Chrome/61.0.3163.100 Safari/537.36"
193.11.184.39 - - [20/Oct/2017:09:03:16 +0200] "GET /forum/viewforum.php?f=70 HTTP/1.1" 200 5584 "https://dbwebb.se/forum/index.php" "Mozilla/5.0 (Macintosh; Intel Mac OS X 10_13_0) AppleWebKit/537.36 (KHTML, like Gecko) Chrome/61.0.3163.100 Safari/537.36"
193.11.184.39 - - [20/Oct/2017:09:03:21 +0200] "GET /forum/viewforum.php?f=4 HTTP/1.1" 200 8262 "https://dbwebb.se/forum/viewforum.php?f=69" "Mozilla/5.0 (Macintosh; Intel Mac OS X 10_13_0) AppleWebKit/537.36 (KHTML, like Gecko) Chrome/61.0.3163.100 Safari/537.36"
193.11.184.39 - - [20/Oct/2017:09:03:21 +0200] "GET /forum/styles/dbwebb_v2.0/imageset/announce_read.gif HTTP/1.1" 304 280 "https://dbwebb.se/forum/viewforum.php?f=4" "Mozilla/5.0 (Macintosh; Intel Mac OS X 10_13_0) AppleWebKit/537.36 (KHTML, like Gecko) Chrome/61.0.3163.100 Safari/537.36"
193.11.184.39 - - [20/Oct/2017:09:03:21 +0200] "GET /forum/styles/dbwebb_v2.0/imageset/announce_unread.gif HTTP/1.1" 304 418 "https://dbwebb.se/forum/viewforum.php?f=4" "Mozilla/5.0 (Macintosh; Intel Mac OS X 10_13_0) AppleWebKit/537.36 (KHTML, like Gecko) Chrome/61.0.3163.100 Safari/537.36"
193.11.184.39 - - [20/Oct/2017:09:03:21 +0200] "GET /forum/styles/dbwebb_v2.0/imageset/sticky_read.gif HTTP/1.1" 304 280 "https://dbwebb.se/forum/viewforum.php?f=4" "Mozilla/5.0 (Macintosh; Intel Mac OS X 10_13_0) AppleWebKit/537.36 (KHTML, like Gecko) Chrome/61.0.3163.100 Safari/537.36"
193.11.184.39 - - [20/Oct/2017:09:03:21 +0200] "GET /forum/styles/dbwebb_v2.0/imageset/topic_read.gif HTTP/1.1" 304 280 "https://dbwebb.se/forum/viewforum.php?f=4" "Mozilla/5.0 (Macintosh; Intel Mac OS X 10_13_0) AppleWebKit/537.36 (KHTML, like Gecko) Chrome/61.0.3163.100 Safari/537.36"
193.11.184.39 - - [20/Oct/2017:09:03:21 +0200] "GET /forum/styles/dbwebb_v2.0/imageset/topic_read_hot.gif HTTP/1.1" 200 1883 "https://dbwebb.se/forum/viewforum.php?f=4" "Mozilla/5.0 (Macintosh; Intel Mac OS X 10_13_0) AppleWebKit/537.36 (KHTML, like Gecko) Chrome/61.0.3163.100 Safari/537.36"
193.11.184.39 - - [20/Oct/2017:09:03:22 +0200] "GET /forum/viewforum.php?f=41 HTTP/1.1" 200 8211 "https://dbwebb.se/forum/viewforum.php?f=69" "Mozilla/5.0 (Macintosh; Intel Mac OS X 10_13_0) AppleWebKit/537.36 (KHTML, like Gecko) Chrome/61.0.3163.100 Safari/537.36"
193.11.184.39 - - [20/Oct/2017:09:03:25 +0200] "GET /forum/viewtopic.php?f=41&t=6955 HTTP/1.1" 200 7764 "https://dbwebb.se/forum/viewforum.php?f=41" "Mozilla/5.0 (Macintosh; Intel Mac OS X 10_13_0) AppleWebKit/537.36 (KHTML, like Gecko) Chrome/61.0.3163.100 Safari/537.36"
193.11.184.39 - - [20/Oct/2017:09:03:26 +0200] "GET /forum/viewforum.php?hash=b9806421&f=41&mark=topics HTTP/1.1" 200 4317 "https://dbwebb.se/forum/viewforum.php?f=41" "Mozilla/5.0 (Macintosh; Intel Mac OS X 10_13_0) AppleWebKit/537.36 (KHTML, like Gecko) Chrome/61.0.3163.100 Safari/537.36"
193.11.184.39 - - [20/Oct/2017:09:03:30 +0200] "GET /forum/viewforum.php?hash=b9806421&f=4&mark=topics HTTP/1.1" 200 4311 "https://dbwebb.se/forum/viewforum.php?f=4" "Mozilla/5.0 (Macintosh; Intel Mac OS X 10_13_0) AppleWebKit/537.36 (KHTML, like Gecko) Chrome/61.0.3163.100 Safari/537.36"
51.255.65.4 - - [20/Oct/2017:09:03:48 +0200] "GET /forum/viewtopic.php?f=9&t=1064&view=print HTTP/1.1" 200 6532 "-" "Mozilla/5.0 (compatible; AhrefsBot/5.2; +http://ahrefs.com/robot/)"
217.182.132.57 - - [20/Oct/2017:09:03:49 +0200] "GET /forum/viewtopic.php?t=821&p=16721 HTTP/1.1" 200 10043 "-" "Mozilla/5.0 (compatible; AhrefsBot/5.2; +http://ahrefs.com/robot/)"
193.11.184.39 - - [20/Oct/2017:09:03:49 +0200] "GET /forum/viewforum.php?f=60 HTTP/1.1" 200 5985 "https://dbwebb.se/forum/viewforum.php?f=70" "Mozilla/5.0 (Macintosh; Intel Mac OS X 10_13_0) AppleWebKit/537.36 (KHTML, like Gecko) Chrome/61.0.3163.100 Safari/537.36"
193.11.184.39 - - [20/Oct/2017:09:03:50 +0200] "GET /forum/viewforum.php?f=59 HTTP/1.1" 200 7619 "https://dbwebb.se/forum/viewforum.php?f=70" "Mozilla/5.0 (Macintosh; Intel Mac OS X 10_13_0) AppleWebKit/537.36 (KHTML, like Gecko) Chrome/61.0.3163.100 Safari/537.36"
193.11.184.39 - - [20/Oct/2017:09:03:50 +0200] "GET /forum/styles/dbwebb_v2.0/imageset/announce_read_mine.gif HTTP/1.1" 304 280 "https://dbwebb.se/forum/viewforum.php?f=59" "Mozilla/5.0 (Macintosh; Intel Mac OS X 10_13_0) AppleWebKit/537.36 (KHTML, like Gecko) Chrome/61.0.3163.100 Safari/537.36"
193.11.184.39 - - [20/Oct/2017:09:03:52 +0200] "GET /forum/viewtopic.php?f=59&t=6821 HTTP/1.1" 200 10369 "https://dbwebb.se/forum/viewforum.php?f=59" "Mozilla/5.0 (Macintosh; Intel Mac OS X 10_13_0) AppleWebKit/537.36 (KHTML, like Gecko) Chrome/61.0.3163.100 Safari/537.36"
193.11.184.39 - - [20/Oct/2017:09:03:52 +0200] "GET /forum/images/smilies/icon_e_smile.gif HTTP/1.1" 200 1043 "https://dbwebb.se/forum/viewtopic.php?f=59&t=6821" "Mozilla/5.0 (Macintosh; Intel Mac OS X 10_13_0) AppleWebKit/537.36 (KHTML, like Gecko) Chrome/61.0.3163.100 Safari/537.36"
104.145.231.104 - - [20/Oct/2017:09:04:08 +0200] "GET / HTTP/1.1" 200 32297 "-" "Uptime.com_(http://uptime.com/)"
193.11.184.39 - - [20/Oct/2017:09:04:08 +0200] "GET /forum/viewtopic.php?f=60&t=6596 HTTP/1.1" 200 7201 "https://dbwebb.se/forum/viewforum.php?f=60" "Mozilla/5.0 (Macintosh; Intel Mac OS X 10_13_0) AppleWebKit/537.36 (KHTML, like Gecko) Chrome/61.0.3163.100 Safari/537.36"
84.55.99.174 - - [20/Oct/2017:09:04:40 +0200] "GET /f/56556 HTTP/1.1" 301 3778 "-" "Mozilla/5.0 (Windows NT 10.0; Win64; x64) AppleWebKit/537.36 (KHTML, like Gecko) Chrome/61.0.3163.100 Safari/537.36"
84.55.99.174 - - [20/Oct/2017:09:04:40 +0200] "GET /forum/viewtopic.php?p=56556 HTTP/1.1" 200 10361 "-" "Mozilla/5.0 (Windows NT 10.0; Win64; x64) AppleWebKit/537.36 (KHTML, like Gecko) Chrome/61.0.3163.100 Safari/537.36"
88.129.200.22 - - [20/Oct/2017:09:04:43 +0200] "GET / HTTP/1.1" 200 10571 "-" "Mozilla/5.0 (Windows NT 10.0; Win64; x64) AppleWebKit/537.36 (KHTML, like Gecko) Chrome/61.0.3163.100 Safari/537.36"
88.129.200.22 - - [20/Oct/2017:09:04:46 +0200] "GET /kurser HTTP/1.1" 200 5675 "https://dbwebb.se/" "Mozilla/5.0 (Windows NT 10.0; Win64; x64) AppleWebKit/537.36 (KHTML, like Gecko) Chrome/61.0.3163.100 Safari/537.36"
164.132.161.32 - - [20/Oct/2017:09:04:49 +0200] "GET /forum/viewtopic.php?p=56179 HTTP/1.1" 200 9115 "-" "Mozilla/5.0 (compatible; AhrefsBot/5.2; +http://ahrefs.com/robot/)"
88.129.200.22 - - [20/Oct/2017:09:04:50 +0200] "GET /kurser/ramverk2/kmom02 HTTP/1.1" 200 3877 "https://dbwebb.se/kurser" "Mozilla/5.0 (Windows NT 10.0; Win64; x64) AppleWebKit/537.36 (KHTML, like Gecko) Chrome/61.0.3163.100 Safari/537.36"
88.129.200.22 - - [20/Oct/2017:09:04:55 +0200] "GET /kurser/ramverk2/kmom01 HTTP/1.1" 200 6020 "https://dbwebb.se/kurser" "Mozilla/5.0 (Windows NT 10.0; Win64; x64) AppleWebKit/537.36 (KHTML, like Gecko) Chrome/61.0.3163.100 Safari/537.36"
164.132.161.85 - - [20/Oct/2017:09:05:18 +0200] "GET /forum/viewtopic.php?t=2197&p=18098 HTTP/1.1" 200 10474 "-" "Mozilla/5.0 (compatible; AhrefsBot/5.2; +http://ahrefs.com/robot/)"
62.119.171.10 - - [20/Oct/2017:09:05:19 +0200] "GET /f/56556 HTTP/1.1" 301 3583 "-" "Mozilla/5.0 (Macintosh; Intel Mac OS X 10_12_6) AppleWebKit/604.1.38 (KHTML, like Gecko) Version/11.0 Safari/604.1.38"
62.119.171.10 - - [20/Oct/2017:09:05:19 +0200] "GET /forum/viewtopic.php?p=56556 HTTP/1.1" 200 10371 "-" "Mozilla/5.0 (Macintosh; Intel Mac OS X 10_12_6) AppleWebKit/604.1.38 (KHTML, like Gecko) Version/11.0 Safari/604.1.38"
51.255.65.53 - - [20/Oct/2017:09:05:35 +0200] "GET /forum/viewtopic.php?p=16778 HTTP/1.1" 200 11735 "-" "Mozilla/5.0 (compatible; AhrefsBot/5.2; +http://ahrefs.com/robot/)"
51.255.71.110 - - [20/Oct/2017:09:05:42 +0200] "GET /forum/viewtopic.php?t=4070&p=34877 HTTP/1.1" 200 9082 "-" "Mozilla/5.0 (compatible; AhrefsBot/5.2; +http://ahrefs.com/robot/)"
66.249.76.40 - - [20/Oct/2017:09:05:43 +0200] "GET /forum/viewtopic.php?t=3397&p=28122 HTTP/1.1" 200 11141 "-" "Mozilla/5.0 (Linux; Android 6.0.1; Nexus 5X Build/MMB29P) AppleWebKit/537.36 (KHTML, like Gecko) Chrome/41.0.2272.96 Mobile Safari/537.36 (compatible; Googlebot/2.1; +http://www.google.com/bot.html)"
85.194.8.70 - - [20/Oct/2017:09:05:51 +0200] "GET /forum/utbildning/javascript1 HTTP/1.1" 302 688 "https://dbwebb.se/kurser/javascript1/redovisa" "Mozilla/5.0 (X11; Ubuntu; Linux x86_64; rv:56.0) Gecko/20100101 Firefox/56.0"
85.194.8.70 - - [20/Oct/2017:09:05:51 +0200] "GET /forum/viewforum.php?f=42 HTTP/1.1" 200 8069 "https://dbwebb.se/kurser/javascript1/redovisa" "Mozilla/5.0 (X11; Ubuntu; Linux x86_64; rv:56.0) Gecko/20100101 Firefox/56.0"
85.194.8.70 - - [20/Oct/2017:09:05:52 +0200] "GET /forum/styles/dbwebb_v2.0/imageset/icon_topic_attach.gif HTTP/1.1" 304 280 "https://dbwebb.se/forum/viewforum.php?f=42" "Mozilla/5.0 (X11; Ubuntu; Linux x86_64; rv:56.0) Gecko/20100101 Firefox/56.0"
