66.249.76.38 - - [20/Oct/2017:07:49:10 +0200] "GET /forum/viewtopic.php?t=1087&p=8141 HTTP/1.1" 200 8875 "-" "Mozilla/5.0 (Linux; Android 6.0.1; Nexus 5X Build/MMB29P) AppleWebKit/537.36 (KHTML, like Gecko) Chrome/41.0.2272.96 Mobile Safari/537.36 (compatible; Googlebot/2.1; +http://www.google.com/bot.html)"
66.249.76.36 - - [20/Oct/2017:07:49:54 +0200] "GET /forum/viewtopic.php?f=25&p=56532 HTTP/1.1" 200 9174 "-" "Mozilla/5.0 (Linux; Android 6.0.1; Nexus 5X Build/MMB29P) AppleWebKit/537.36 (KHTML, like Gecko) Chrome/41.0.2272.96 Mobile Safari/537.36 (compatible; Googlebot/2.1; +http://www.google.com/bot.html)"
141.8.142.23 - - [20/Oct/2017:07:50:26 +0200] "GET /uppgift/python-med-dictionaries-och-tupler HTTP/1.1" 200 8744 "-" "Mozilla/5.0 (compatible; YandexBot/3.0; +http://yandex.com/bots)"
40.77.167.34 - - [20/Oct/2017:07:51:11 +0200] "GET /image/snapvt16/horisontellt-grid.png HTTP/1.1" 200 131077 "-" "Mozilla/5.0 (compatible; bingbot/2.0; +http://www.bing.com/bingbot.htm)"
217.182.132.171 - - [20/Oct/2017:07:52:39 +0200] "GET /kurser/htmlphp/repo/example/bmo/img/full-size/begravningskonfekt_svart_tro_hopp_karlek.jpg HTTP/1.1" 404 14416 "-" "Mozilla/5.0 (compatible; AhrefsBot/5.2; +http://ahrefs.com/robot/)"
141.8.142.23 - - [20/Oct/2017:07:53:45 +0200] "GET /kurser/design/labbmiljo/webblasare HTTP/1.1" 200 7180 "-" "Mozilla/5.0 (compatible; YandexBot/3.0; +http://yandex.com/bots)"
66.249.75.156 - - [20/Oct/2017:07:54:19 +0200] "GET /forum/viewtopic.php?t=2612&p=21228 HTTP/1.1" 200 14012 "-" "Mozilla/5.0 (compatible; Googlebot/2.1; +http://www.google.com/bot.html)"
66.249.76.38 - - [20/Oct/2017:07:54:22 +0200] "GET /f/13072 HTTP/1.1" 301 3778 "-" "Mozilla/5.0 (Linux; Android 6.0.1; Nexus 5X Build/MMB29P) AppleWebKit/537.36 (KHTML, like Gecko) Chrome/41.0.2272.96 Mobile Safari/537.36 (compatible; Googlebot/2.1; +http://www.google.com/bot.html)"
66.249.75.156 - - [20/Oct/2017:07:54:22 +0200] "GET /forum/viewtopic.php?p=13072 HTTP/1.1" 200 5995 "-" "Mozilla/5.0 (Linux; Android 6.0.1; Nexus 5X Build/MMB29P) AppleWebKit/537.36 (KHTML, like Gecko) Chrome/41.0.2272.96 Mobile Safari/537.36 (compatible; Googlebot/2.1; +http://www.google.com/bot.html)"
141.8.142.23 - - [20/Oct/2017:07:54:48 +0200] "GET /forum/download/file.php?id=296&sid=5a0e8fd1304accb6256567bf54c5db61 HTTP/1.1" 200 220631 "-" "Mozilla/5.0 (compatible; YandexImages/3.0; +http://yandex.com/bots)"
51.255.65.42 - - [20/Oct/2017:07:54:52 +0200] "GET /forum/viewtopic.php?p=37572 HTTP/1.1" 200 13908 "-" "Mozilla/5.0 (compatible; AhrefsBot/5.2; +http://ahrefs.com/robot/)"
164.132.161.15 - - [20/Oct/2017:07:54:52 +0200] "GET /forum/viewtopic.php?f=36&t=2422&view=print HTTP/1.1" 200 5496 "-" "Mozilla/5.0 (compatible; AhrefsBot/5.2; +http://ahrefs.com/robot/)"
141.8.142.23 - - [20/Oct/2017:07:55:12 +0200] "GET /forum/download/file.php?id=296&sid=4459716cfa90c1ffe99d70647583a853 HTTP/1.1" 200 220631 "-" "Mozilla/5.0 (compatible; YandexImages/3.0; +http://yandex.com/bots)"
204.79.180.12 - - [20/Oct/2017:07:55:27 +0200] "GET / HTTP/1.1" 200 10389 "-" "Mozilla/5.0 (compatible; MSIE 9.0; Windows NT 6.1; Trident/5.0;  Trident/5.0)"
66.249.75.158 - - [20/Oct/2017:07:55:28 +0200] "GET /t/1448 HTTP/1.1" 301 3762 "-" "Mozilla/5.0 (Linux; Android 6.0.1; Nexus 5X Build/MMB29P) AppleWebKit/537.36 (KHTML, like Gecko) Chrome/41.0.2272.96 Mobile Safari/537.36 (compatible; Googlebot/2.1; +http://www.google.com/bot.html)"
66.249.75.156 - - [20/Oct/2017:07:55:28 +0200] "GET /forum/viewtopic.php?t=1448 HTTP/1.1" 200 9499 "-" "Mozilla/5.0 (Linux; Android 6.0.1; Nexus 5X Build/MMB29P) AppleWebKit/537.36 (KHTML, like Gecko) Chrome/41.0.2272.96 Mobile Safari/537.36 (compatible; Googlebot/2.1; +http://www.google.com/bot.html)"
164.132.161.12 - - [20/Oct/2017:07:55:41 +0200] "GET /forum/viewtopic.php?p=55713 HTTP/1.1" 200 14001 "-" "Mozilla/5.0 (compatible; AhrefsBot/5.2; +http://ahrefs.com/robot/)"
185.32.189.39 - - [20/Oct/2017:07:55:57 +0200] "GET /utbildning/webbprogrammering-120hp-distans HTTP/1.1" 403 3507 "https://dbwebb.se/utbildning/webbprogrammering-120hp-distans" "Mozilla/5.0 (compatible; Googlebot/2.1; +http://www.google.com/bot.html)"
94.254.115.134 - - [20/Oct/2017:07:56:46 +0200] "GET /forum/ HTTP/1.1" 200 10675 "-" "Mozilla/5.0 (Windows NT 10.0; Win64; x64) AppleWebKit/537.36 (KHTML, like Gecko) Chrome/52.0.2743.116 Safari/537.36 Edge/15.15063"
94.254.115.134 - - [20/Oct/2017:07:56:50 +0200] "GET /forum/viewforum.php?f=69 HTTP/1.1" 200 5894 "https://dbwebb.se/forum/" "Mozilla/5.0 (Windows NT 10.0; Win64; x64) AppleWebKit/537.36 (KHTML, like Gecko) Chrome/52.0.2743.116 Safari/537.36 Edge/15.15063"
94.254.115.134 - - [20/Oct/2017:07:56:51 +0200] "GET /forum/viewforum.php?f=41 HTTP/1.1" 200 8164 "https://dbwebb.se/forum/viewforum.php?f=69" "Mozilla/5.0 (Windows NT 10.0; Win64; x64) AppleWebKit/537.36 (KHTML, like Gecko) Chrome/52.0.2743.116 Safari/537.36 Edge/15.15063"
94.254.115.134 - - [20/Oct/2017:07:56:52 +0200] "GET /forum/viewforum.php?f=69 HTTP/1.1" 200 5894 "https://dbwebb.se/forum/" "Mozilla/5.0 (Windows NT 10.0; Win64; x64) AppleWebKit/537.36 (KHTML, like Gecko) Chrome/52.0.2743.116 Safari/537.36 Edge/15.15063"
94.254.115.134 - - [20/Oct/2017:07:56:53 +0200] "GET /forum/viewforum.php?f=4 HTTP/1.1" 200 8190 "https://dbwebb.se/forum/viewforum.php?f=69" "Mozilla/5.0 (Windows NT 10.0; Win64; x64) AppleWebKit/537.36 (KHTML, like Gecko) Chrome/52.0.2743.116 Safari/537.36 Edge/15.15063"
94.254.115.134 - - [20/Oct/2017:07:56:53 +0200] "GET /forum/styles/dbwebb_v2.0/imageset/topic_read_hot.gif HTTP/1.1" 304 3452 "https://dbwebb.se/forum/viewforum.php?f=4" "Mozilla/5.0 (Windows NT 10.0; Win64; x64) AppleWebKit/537.36 (KHTML, like Gecko) Chrome/52.0.2743.116 Safari/537.36 Edge/15.15063"
94.254.115.134 - - [20/Oct/2017:07:56:54 +0200] "GET /forum/viewforum.php?f=69 HTTP/1.1" 200 5894 "https://dbwebb.se/forum/" "Mozilla/5.0 (Windows NT 10.0; Win64; x64) AppleWebKit/537.36 (KHTML, like Gecko) Chrome/52.0.2743.116 Safari/537.36 Edge/15.15063"
94.254.115.134 - - [20/Oct/2017:07:56:56 +0200] "GET /forum/ HTTP/1.1" 200 7503 "-" "Mozilla/5.0 (Windows NT 10.0; Win64; x64) AppleWebKit/537.36 (KHTML, like Gecko) Chrome/52.0.2743.116 Safari/537.36 Edge/15.15063"
94.254.115.134 - - [20/Oct/2017:07:56:58 +0200] "GET /forum/viewforum.php?f=70 HTTP/1.1" 200 5583 "https://dbwebb.se/forum/" "Mozilla/5.0 (Windows NT 10.0; Win64; x64) AppleWebKit/537.36 (KHTML, like Gecko) Chrome/52.0.2743.116 Safari/537.36 Edge/15.15063"
94.254.115.134 - - [20/Oct/2017:07:57:00 +0200] "GET /forum/viewforum.php?f=59 HTTP/1.1" 200 7603 "https://dbwebb.se/forum/viewforum.php?f=70" "Mozilla/5.0 (Windows NT 10.0; Win64; x64) AppleWebKit/537.36 (KHTML, like Gecko) Chrome/52.0.2743.116 Safari/537.36 Edge/15.15063"
94.254.115.134 - - [20/Oct/2017:07:57:01 +0200] "GET /forum/viewforum.php?f=70 HTTP/1.1" 200 5583 "https://dbwebb.se/forum/" "Mozilla/5.0 (Windows NT 10.0; Win64; x64) AppleWebKit/537.36 (KHTML, like Gecko) Chrome/52.0.2743.116 Safari/537.36 Edge/15.15063"
94.254.115.134 - - [20/Oct/2017:07:57:02 +0200] "GET /forum/viewforum.php?f=60 HTTP/1.1" 200 5827 "https://dbwebb.se/forum/viewforum.php?f=70" "Mozilla/5.0 (Windows NT 10.0; Win64; x64) AppleWebKit/537.36 (KHTML, like Gecko) Chrome/52.0.2743.116 Safari/537.36 Edge/15.15063"
164.132.161.82 - - [20/Oct/2017:07:57:04 +0200] "GET /forum/viewtopic.php?p=28155 HTTP/1.1" 200 11911 "-" "Mozilla/5.0 (compatible; AhrefsBot/5.2; +http://ahrefs.com/robot/)"
94.254.115.134 - - [20/Oct/2017:07:57:06 +0200] "GET /forum/index.php HTTP/1.1" 200 7503 "https://dbwebb.se/forum/viewforum.php?f=60" "Mozilla/5.0 (Windows NT 10.0; Win64; x64) AppleWebKit/537.36 (KHTML, like Gecko) Chrome/52.0.2743.116 Safari/537.36 Edge/15.15063"
66.249.76.40 - - [20/Oct/2017:07:57:06 +0200] "GET /img/kunskap/javascript/A%20shopping%20cart%20using%20jQuery%20and%20ajax.jpg HTTP/1.1" 200 96278 "-" "Googlebot-Image/1.0"
157.55.39.226 - - [20/Oct/2017:07:57:09 +0200] "GET /blogg/index?p= HTTP/1.1" 200 9028 "-" "Mozilla/5.0 (compatible; bingbot/2.0; +http://www.bing.com/bingbot.htm)"
66.249.76.38 - - [20/Oct/2017:07:57:17 +0200] "GET /forum/viewtopic.php?f=32&t=6628 HTTP/1.1" 200 10291 "-" "Mozilla/5.0 (compatible; Googlebot/2.1; +http://www.google.com/bot.html)"
217.182.132.86 - - [20/Oct/2017:07:57:48 +0200] "GET /uppgift/utskrift/manadskalender-for-manadens-babe HTTP/1.1" 404 14293 "-" "Mozilla/5.0 (compatible; AhrefsBot/5.2; +http://ahrefs.com/robot/)"
51.255.65.89 - - [20/Oct/2017:07:57:58 +0200] "GET /kod-exempel/cimage/cache/_._kodim13_1000_150_q60.png HTTP/1.1" 301 3582 "-" "Mozilla/5.0 (compatible; AhrefsBot/5.2; +http://ahrefs.com/robot/)"
85.194.8.70 - - [20/Oct/2017:07:58:05 +0200] "GET / HTTP/1.1" 200 10571 "-" "Mozilla/5.0 (X11; Ubuntu; Linux x86_64; rv:56.0) Gecko/20100101 Firefox/56.0"
85.194.8.70 - - [20/Oct/2017:07:58:06 +0200] "GET /kurser HTTP/1.1" 200 5675 "https://dbwebb.se/" "Mozilla/5.0 (X11; Ubuntu; Linux x86_64; rv:56.0) Gecko/20100101 Firefox/56.0"
85.194.8.70 - - [20/Oct/2017:07:58:09 +0200] "GET /javascript1/kmom01 HTTP/1.1" 302 552 "https://dbwebb.se/kurser" "Mozilla/5.0 (X11; Ubuntu; Linux x86_64; rv:56.0) Gecko/20100101 Firefox/56.0"
85.194.8.70 - - [20/Oct/2017:07:58:09 +0200] "GET /kurser/javascript1/kmom01 HTTP/1.1" 200 7152 "https://dbwebb.se/kurser" "Mozilla/5.0 (X11; Ubuntu; Linux x86_64; rv:56.0) Gecko/20100101 Firefox/56.0"
85.194.8.70 - - [20/Oct/2017:07:58:09 +0200] "GET /javascript1/kmom01 HTTP/1.1" 302 690 "https://dbwebb.se/kurser" "Mozilla/5.0 (X11; Ubuntu; Linux x86_64; rv:56.0) Gecko/20100101 Firefox/56.0"
85.194.8.70 - - [20/Oct/2017:07:58:09 +0200] "GET /kurser/javascript1/kmom01 HTTP/1.1" 200 7152 "https://dbwebb.se/kurser" "Mozilla/5.0 (X11; Ubuntu; Linux x86_64; rv:56.0) Gecko/20100101 Firefox/56.0"
79.136.12.166 - - [20/Oct/2017:07:58:44 +0200] "GET /kunskap/kom-igang-med-ssh-nycklar HTTP/1.1" 200 9345 "https://www.google.se/" "Mozilla/5.0 (Linux; Android 8.0.0; Pixel Build/OPR3.170623.008) AppleWebKit/537.36 (KHTML, like Gecko) Chrome/61.0.3163.98 Mobile Safari/537.36"
66.249.75.158 - - [20/Oct/2017:07:59:19 +0200] "GET /forum/viewtopic.php?f=13&t=1334&view=print HTTP/1.1" 200 7554 "-" "Mozilla/5.0 (Linux; Android 6.0.1; Nexus 5X Build/MMB29P) AppleWebKit/537.36 (KHTML, like Gecko) Chrome/41.0.2272.96 Mobile Safari/537.36 (compatible; Googlebot/2.1; +http://www.google.com/bot.html)"
66.249.75.154 - - [20/Oct/2017:07:59:20 +0200] "GET /forum/viewtopic.php?f=32&t=6629&view=print HTTP/1.1" 200 6529 "-" "Mozilla/5.0 (Linux; Android 6.0.1; Nexus 5X Build/MMB29P) AppleWebKit/537.36 (KHTML, like Gecko) Chrome/41.0.2272.96 Mobile Safari/537.36 (compatible; Googlebot/2.1; +http://www.google.com/bot.html)"
127.0.0.1 - - [20/Oct/2017:08:00:02 +0200] "POST /forum/ucp.php?mode=login HTTP/1.1" 200 18195 "-" "Mozilla/4.0 (compatible; MSIE 6.0; FreeBSD 8.1)"
127.0.0.1 - - [20/Oct/2017:08:00:02 +0200] "POST /forum/feed.php HTTP/1.1" 200 39121 "-" "Mozilla/4.0 (compatible; MSIE 6.0; FreeBSD 8.1)"
94.254.115.134 - - [20/Oct/2017:08:00:28 +0200] "GET /forum/index.php HTTP/1.1" 200 10675 "https://dbwebb.se/forum/viewforum.php?f=60" "Mozilla/5.0 (Windows NT 10.0; Win64; x64) AppleWebKit/537.36 (KHTML, like Gecko) Chrome/52.0.2743.116 Safari/537.36 Edge/15.15063"
94.254.115.134 - - [20/Oct/2017:08:00:29 +0200] "GET /css/forum.min.css HTTP/1.1" 200 19991 "https://dbwebb.se/forum/index.php" "Mozilla/5.0 (Windows NT 10.0; Win64; x64) AppleWebKit/537.36 (KHTML, like Gecko) Chrome/52.0.2743.116 Safari/537.36 Edge/15.15063"
94.254.115.134 - - [20/Oct/2017:08:00:29 +0200] "GET /forum/styles/dbwebb_v2.0/template/forum_fn.js HTTP/1.1" 200 3867 "https://dbwebb.se/forum/index.php" "Mozilla/5.0 (Windows NT 10.0; Win64; x64) AppleWebKit/537.36 (KHTML, like Gecko) Chrome/52.0.2743.116 Safari/537.36 Edge/15.15063"
94.254.115.134 - - [20/Oct/2017:08:00:29 +0200] "GET /image/tema/trad/blad.jpg HTTP/1.1" 304 177 "https://dbwebb.se/forum/index.php" "Mozilla/5.0 (Windows NT 10.0; Win64; x64) AppleWebKit/537.36 (KHTML, like Gecko) Chrome/52.0.2743.116 Safari/537.36 Edge/15.15063"
94.254.115.134 - - [20/Oct/2017:08:00:29 +0200] "GET /image/tema/trad/tree2.jpg?w=1100&h=96&cf&a=40,0,0,0 HTTP/1.1" 304 3348 "https://dbwebb.se/forum/index.php" "Mozilla/5.0 (Windows NT 10.0; Win64; x64) AppleWebKit/537.36 (KHTML, like Gecko) Chrome/52.0.2743.116 Safari/537.36 Edge/15.15063"
94.254.115.134 - - [20/Oct/2017:08:00:29 +0200] "GET /forum/styles/dbwebb_v2.0/imageset/forum_read.gif HTTP/1.1" 304 3452 "https://dbwebb.se/forum/index.php" "Mozilla/5.0 (Windows NT 10.0; Win64; x64) AppleWebKit/537.36 (KHTML, like Gecko) Chrome/52.0.2743.116 Safari/537.36 Edge/15.15063"
94.254.115.134 - - [20/Oct/2017:08:00:29 +0200] "GET /js/mos-theme/responsive-menu.js HTTP/1.1" 200 4898 "https://dbwebb.se/forum/index.php" "Mozilla/5.0 (Windows NT 10.0; Win64; x64) AppleWebKit/537.36 (KHTML, like Gecko) Chrome/52.0.2743.116 Safari/537.36 Edge/15.15063"
94.254.115.134 - - [20/Oct/2017:08:00:29 +0200] "GET /image/tema/trad/blad_40x38.png HTTP/1.1" 304 3348 "https://dbwebb.se/forum/index.php" "Mozilla/5.0 (Windows NT 10.0; Win64; x64) AppleWebKit/537.36 (KHTML, like Gecko) Chrome/52.0.2743.116 Safari/537.36 Edge/15.15063"
94.254.115.134 - - [20/Oct/2017:08:00:29 +0200] "GET /fonts/fontawesome-webfont.woff2?v=4.5.0 HTTP/1.1" 304 3454 "https://dbwebb.se/forum/index.php" "Mozilla/5.0 (Windows NT 10.0; Win64; x64) AppleWebKit/537.36 (KHTML, like Gecko) Chrome/52.0.2743.116 Safari/537.36 Edge/15.15063"
94.254.115.134 - - [20/Oct/2017:08:00:29 +0200] "GET /forum/styles/dbwebb_v2.0/imageset/forum_read_subforum.gif HTTP/1.1" 304 280 "https://dbwebb.se/forum/index.php" "Mozilla/5.0 (Windows NT 10.0; Win64; x64) AppleWebKit/537.36 (KHTML, like Gecko) Chrome/52.0.2743.116 Safari/537.36 Edge/15.15063"
94.254.115.134 - - [20/Oct/2017:08:00:29 +0200] "GET /forum/styles/dbwebb_v2.0/imageset/forum_unread_subforum.gif HTTP/1.1" 304 3452 "https://dbwebb.se/forum/index.php" "Mozilla/5.0 (Windows NT 10.0; Win64; x64) AppleWebKit/537.36 (KHTML, like Gecko) Chrome/52.0.2743.116 Safari/537.36 Edge/15.15063"
66.249.76.38 - - [20/Oct/2017:08:00:49 +0200] "GET /forum/viewtopic.php?f=55&t=4918&view=print HTTP/1.1" 200 6216 "-" "Mozilla/5.0 (Linux; Android 6.0.1; Nexus 5X Build/MMB29P) AppleWebKit/537.36 (KHTML, like Gecko) Chrome/41.0.2272.96 Mobile Safari/537.36 (compatible; Googlebot/2.1; +http://www.google.com/bot.html)"
164.132.161.5 - - [20/Oct/2017:08:01:57 +0200] "GET /forum/viewtopic.php?p=53978 HTTP/1.1" 200 10438 "-" "Mozilla/5.0 (compatible; AhrefsBot/5.2; +http://ahrefs.com/robot/)"
151.80.27.118 - - [20/Oct/2017:08:02:29 +0200] "GET /img/tiles/floor/grass_flowers_blue2.png HTTP/1.1" 200 4771 "-" "Mozilla/5.0 (compatible; AhrefsBot/5.2; +http://ahrefs.com/robot/)"
31.15.35.202 - - [20/Oct/2017:08:03:17 +0200] "GET /uppgift/flytta-baddie-pa-webbsida-3 HTTP/1.1" 200 8775 "https://www.google.se/" "Mozilla/5.0 (Macintosh; Intel Mac OS X 10_12_6) AppleWebKit/537.36 (KHTML, like Gecko) Chrome/60.0.3112.113 Safari/537.36"
31.15.35.202 - - [20/Oct/2017:08:03:21 +0200] "GET /javascript1/repo/example/baddie/baddie2 HTTP/1.1" 302 594 "https://dbwebb.se/uppgift/flytta-baddie-pa-webbsida-3" "Mozilla/5.0 (Macintosh; Intel Mac OS X 10_12_6) AppleWebKit/537.36 (KHTML, like Gecko) Chrome/60.0.3112.113 Safari/537.36"
31.15.35.202 - - [20/Oct/2017:08:03:22 +0200] "GET /kurser/javascript1/repo/example/baddie/baddie2 HTTP/1.1" 302 580 "https://dbwebb.se/uppgift/flytta-baddie-pa-webbsida-3" "Mozilla/5.0 (Macintosh; Intel Mac OS X 10_12_6) AppleWebKit/537.36 (KHTML, like Gecko) Chrome/60.0.3112.113 Safari/537.36"
31.15.35.202 - - [20/Oct/2017:08:03:22 +0200] "GET /repo/javascript1/example/baddie/baddie2 HTTP/1.1" 301 618 "https://dbwebb.se/uppgift/flytta-baddie-pa-webbsida-3" "Mozilla/5.0 (Macintosh; Intel Mac OS X 10_12_6) AppleWebKit/537.36 (KHTML, like Gecko) Chrome/60.0.3112.113 Safari/537.36"
31.15.35.202 - - [20/Oct/2017:08:03:22 +0200] "GET /repo/javascript1/example/baddie/baddie2/ HTTP/1.1" 200 713 "https://dbwebb.se/uppgift/flytta-baddie-pa-webbsida-3" "Mozilla/5.0 (Macintosh; Intel Mac OS X 10_12_6) AppleWebKit/537.36 (KHTML, like Gecko) Chrome/60.0.3112.113 Safari/537.36"
31.15.35.202 - - [20/Oct/2017:08:03:22 +0200] "GET /repo/javascript1/example/baddie/baddie2/style/style.css HTTP/1.1" 200 847 "https://dbwebb.se/repo/javascript1/example/baddie/baddie2/" "Mozilla/5.0 (Macintosh; Intel Mac OS X 10_12_6) AppleWebKit/537.36 (KHTML, like Gecko) Chrome/60.0.3112.113 Safari/537.36"
31.15.35.202 - - [20/Oct/2017:08:03:22 +0200] "GET /repo/javascript1/example/baddie/baddie2/js/main.js HTTP/1.1" 200 2825 "https://dbwebb.se/repo/javascript1/example/baddie/baddie2/" "Mozilla/5.0 (Macintosh; Intel Mac OS X 10_12_6) AppleWebKit/537.36 (KHTML, like Gecko) Chrome/60.0.3112.113 Safari/537.36"
31.15.35.202 - - [20/Oct/2017:08:03:22 +0200] "GET /repo/javascript1/example/baddie/baddie2/img/Kyubi.png HTTP/1.1" 200 59979 "https://dbwebb.se/repo/javascript1/example/baddie/baddie2/style/style.css" "Mozilla/5.0 (Macintosh; Intel Mac OS X 10_12_6) AppleWebKit/537.36 (KHTML, like Gecko) Chrome/60.0.3112.113 Safari/537.36"
31.15.35.202 - - [20/Oct/2017:08:03:23 +0200] "GET /favicon.ico HTTP/1.1" 200 33477 "https://dbwebb.se/repo/javascript1/example/baddie/baddie2/" "Mozilla/5.0 (Macintosh; Intel Mac OS X 10_12_6) AppleWebKit/537.36 (KHTML, like Gecko) Chrome/60.0.3112.113 Safari/537.36"
217.182.132.82 - - [20/Oct/2017:08:04:04 +0200] "GET /image/oophp/kmom01/image16.png HTTP/1.1" 200 33025 "-" "Mozilla/5.0 (compatible; AhrefsBot/5.2; +http://ahrefs.com/robot/)"
157.55.39.226 - - [20/Oct/2017:08:04:06 +0200] "GET /t/1448 HTTP/1.1" 301 3762 "-" "Mozilla/5.0 (compatible; bingbot/2.0; +http://www.bing.com/bingbot.htm)"
104.145.231.104 - - [20/Oct/2017:08:04:08 +0200] "GET / HTTP/1.1" 200 32297 "-" "Uptime.com_(http://uptime.com/)"
66.249.75.156 - - [20/Oct/2017:08:04:39 +0200] "GET /example/lessphp/style.php HTTP/1.1" 301 3768 "-" "Mozilla/5.0 (Linux; Android 6.0.1; Nexus 5X Build/MMB29P) AppleWebKit/537.36 (KHTML, like Gecko) Chrome/41.0.2272.96 Mobile Safari/537.36 (compatible; Googlebot/2.1; +http://www.google.com/bot.html)"
66.249.76.36 - - [20/Oct/2017:08:04:39 +0200] "GET /kod-exempel/lessphp/style.php HTTP/1.1" 301 3782 "-" "Mozilla/5.0 (Linux; Android 6.0.1; Nexus 5X Build/MMB29P) AppleWebKit/537.36 (KHTML, like Gecko) Chrome/41.0.2272.96 Mobile Safari/537.36 (compatible; Googlebot/2.1; +http://www.google.com/bot.html)"
164.132.161.35 - - [20/Oct/2017:08:05:06 +0200] "GET /forum/viewtopic.php?t=2282&p=18771 HTTP/1.1" 200 8984 "-" "Mozilla/5.0 (compatible; AhrefsBot/5.2; +http://ahrefs.com/robot/)"
66.249.76.38 - - [20/Oct/2017:08:05:27 +0200] "GET /forum/viewtopic.php?t=6003&p=49725 HTTP/1.1" 200 8448 "-" "Mozilla/5.0 (compatible; Googlebot/2.1; +http://www.google.com/bot.html)"
83.252.58.85 - - [20/Oct/2017:08:06:14 +0200] "GET / HTTP/1.1" 200 10571 "-" "Mozilla/5.0 (X11; Linux x86_64; rv:57.0) Gecko/20100101 Firefox/57.0"
66.249.75.156 - - [20/Oct/2017:08:06:27 +0200] "GET /webapp/repo/example/arbetsformedlingen/soklista_lan.json HTTP/1.1" 302 3786 "-" "Mozilla/5.0 (Linux; Android 6.0.1; Nexus 5X Build/MMB29P) AppleWebKit/537.36 (KHTML, like Gecko) Chrome/41.0.2272.96 Mobile Safari/537.36 (compatible; Googlebot/2.1; +http://www.google.com/bot.html)"
83.252.58.85 - - [20/Oct/2017:08:06:58 +0200] "GET /kurser HTTP/1.1" 200 5813 "https://dbwebb.se/" "Mozilla/5.0 (X11; Linux x86_64; rv:57.0) Gecko/20100101 Firefox/57.0"
83.252.58.85 - - [20/Oct/2017:08:06:58 +0200] "GET /favicon.ico HTTP/1.1" 200 33477 "-" "Mozilla/5.0 (X11; Linux x86_64; rv:57.0) Gecko/20100101 Firefox/57.0"
83.252.58.85 - - [20/Oct/2017:08:07:02 +0200] "GET /kurser/python/kmom06 HTTP/1.1" 200 6808 "https://dbwebb.se/kurser" "Mozilla/5.0 (X11; Linux x86_64; rv:57.0) Gecko/20100101 Firefox/57.0"
157.55.39.226 - - [20/Oct/2017:08:07:10 +0200] "GET /img/oophp/kmom04/image04.png HTTP/1.1" 200 36829 "-" "Mozilla/5.0 (compatible; bingbot/2.0; +http://www.bing.com/bingbot.htm)"
66.249.76.36 - - [20/Oct/2017:08:07:47 +0200] "GET /forum/feed.php?f=11&t=6003 HTTP/1.1" 200 5988 "-" "Mozilla/5.0 (compatible; Googlebot/2.1; +http://www.google.com/bot.html)"
204.79.180.7 - - [20/Oct/2017:08:08:07 +0200] "GET /kunskap/kom-igang-med-databasen-mysql-och-dess-klienter HTTP/1.1" 200 12202 "-" "Mozilla/5.0 (compatible; MSIE 9.0; Windows NT 6.0; Trident/5.0;  Trident/5.0)"
83.252.58.85 - - [20/Oct/2017:08:08:54 +0200] "GET /uppgift/din-egen-chattbot-marvin-steg-5 HTTP/1.1" 200 7127 "https://dbwebb.se/kurser/python/kmom06" "Mozilla/5.0 (X11; Linux x86_64; rv:57.0) Gecko/20100101 Firefox/57.0"
157.55.39.226 - - [20/Oct/2017:08:09:11 +0200] "GET /image/snap/tema-regioner.png HTTP/1.1" 200 27695 "-" "Mozilla/5.0 (compatible; bingbot/2.0; +http://www.bing.com/bingbot.htm)"
164.132.161.29 - - [20/Oct/2017:08:09:12 +0200] "GET /kurser/webapp/repo/example/mithril/img/countryside.jpg HTTP/1.1" 302 3542 "-" "Mozilla/5.0 (compatible; AhrefsBot/5.2; +http://ahrefs.com/robot/)"
164.132.161.55 - - [20/Oct/2017:08:09:23 +0200] "GET /forum/viewtopic.php?p=7228 HTTP/1.1" 200 26261 "-" "Mozilla/5.0 (compatible; AhrefsBot/5.2; +http://ahrefs.com/robot/)"
66.249.76.36 - - [20/Oct/2017:08:09:33 +0200] "GET /f/56520 HTTP/1.1" 301 3778 "-" "Mozilla/5.0 (compatible; Googlebot/2.1; +http://www.google.com/bot.html)"
66.249.76.36 - - [20/Oct/2017:08:09:33 +0200] "GET /forum/viewtopic.php?t=1569&p=12763 HTTP/1.1" 200 5444 "-" "Mozilla/5.0 (compatible; Googlebot/2.1; +http://www.google.com/bot.html)"
66.249.75.154 - - [20/Oct/2017:08:09:34 +0200] "GET /forum/viewtopic.php?p=56520 HTTP/1.1" 200 10403 "-" "Mozilla/5.0 (compatible; Googlebot/2.1; +http://www.google.com/bot.html)"
94.73.159.122 - - [20/Oct/2017:08:10:14 +0200] "GET /forum/feed.php HTTP/1.1" 200 26138 "-" "Mozilla/5.0 (Windows NT 6.1; WOW64; rv:7.0.1) Gecko/20100101 Firefox/7.0.1"
94.73.159.122 - - [20/Oct/2017:08:10:14 +0200] "GET /forum/feed.php HTTP/1.1" 200 22913 "-" "-"
94.73.159.122 - - [20/Oct/2017:08:10:14 +0200] "GET / HTTP/1.1" 200 29355 "-" "Mozilla/5.0 (Windows NT 6.1; WOW64; rv:7.0.1) Gecko/20100101 Firefox/7.0.1"
94.73.159.122 - - [20/Oct/2017:08:10:14 +0200] "GET / HTTP/1.1" 200 29355 "-" "-"
94.73.159.122 - - [20/Oct/2017:08:10:15 +0200] "GET / HTTP/1.1" 200 29468 "-" "-"
94.73.159.122 - - [20/Oct/2017:08:10:15 +0200] "GET / HTTP/1.1" 200 29371 "-" "Mozilla/5.0 (Windows NT 6.1; WOW64; rv:7.0.1) Gecko/20100101 Firefox/7.0.1"
94.73.159.122 - - [20/Oct/2017:08:10:15 +0200] "GET / HTTP/1.1" 200 29468 "-" "Mozilla/5.0 (Windows NT 6.1; WOW64; rv:7.0.1) Gecko/20100101 Firefox/7.0.1"
94.73.159.122 - - [20/Oct/2017:08:10:16 +0200] "GET / HTTP/1.1" 200 29355 "-" "-"
94.73.159.122 - - [20/Oct/2017:08:10:16 +0200] "GET / HTTP/1.1" 200 29468 "-" "-"
94.73.159.122 - - [20/Oct/2017:08:10:16 +0200] "GET / HTTP/1.1" 200 29371 "-" "Mozilla/5.0 (Windows NT 6.1; WOW64; rv:7.0.1) Gecko/20100101 Firefox/7.0.1"
94.73.159.122 - - [20/Oct/2017:08:10:17 +0200] "GET / HTTP/1.1" 200 29468 "-" "Mozilla/5.0 (Windows NT 6.1; WOW64; rv:7.0.1) Gecko/20100101 Firefox/7.0.1"
94.73.159.122 - - [20/Oct/2017:08:10:17 +0200] "GET / HTTP/1.1" 200 29355 "-" "-"
94.73.159.122 - - [20/Oct/2017:08:10:17 +0200] "GET / HTTP/1.1" 200 29468 "-" "-"
94.73.159.122 - - [20/Oct/2017:08:10:17 +0200] "GET / HTTP/1.1" 200 29371 "-" "Mozilla/5.0 (Windows NT 6.1; WOW64; rv:7.0.1) Gecko/20100101 Firefox/7.0.1"
66.249.75.158 - - [20/Oct/2017:08:10:37 +0200] "GET /forum/viewtopic.php?f=11&t=6003&view=print HTTP/1.1" 200 5052 "-" "Mozilla/5.0 (compatible; Googlebot/2.1; +http://www.google.com/bot.html)"
51.255.71.118 - - [20/Oct/2017:08:10:40 +0200] "GET /design/studieplan HTTP/1.1" 302 3476 "-" "Mozilla/5.0 (compatible; AhrefsBot/5.2; +http://ahrefs.com/robot/)"
164.132.161.86 - - [20/Oct/2017:08:11:21 +0200] "GET /image/glyphicons/png/glyphicons_315_bowling.png HTTP/1.1" 200 3556 "-" "Mozilla/5.0 (compatible; AhrefsBot/5.2; +http://ahrefs.com/robot/)"
52.204.131.106 - - [20/Oct/2017:08:12:42 +0200] "GET /kurser/oopython/kmom02 HTTP/1.1" 200 8961 "-" "Mozilla/5.0 (compatible; linkdexbot/2.0; +http://www.linkdex.com/bots/)"
66.249.75.156 - - [20/Oct/2017:08:12:46 +0200] "GET /img/kunskap/javascript/nine-small-packages_ls.png HTTP/1.1" 200 127903 "-" "Googlebot-Image/1.0"
51.255.65.55 - - [20/Oct/2017:08:12:59 +0200] "GET /forum/viewtopic.php?p=38438 HTTP/1.1" 200 10395 "-" "Mozilla/5.0 (compatible; AhrefsBot/5.2; +http://ahrefs.com/robot/)"
24.135.219.184 - - [20/Oct/2017:08:13:01 +0200] "GET /kurser/htmlphp/kmom10 HTTP/1.1" 200 10280 "https://dbwebb.se/kurser" "Mozilla/5.0 (Macintosh; Intel Mac OS X 10_13) AppleWebKit/604.1.38 (KHTML, like Gecko) Version/11.0 Safari/604.1.38"
24.135.219.184 - - [20/Oct/2017:08:13:24 +0200] "GET /kurser/bedomning-och-betygsattning HTTP/1.1" 302 716 "https://dbwebb.se/kurser/htmlphp/kmom10" "Mozilla/5.0 (Macintosh; Intel Mac OS X 10_13) AppleWebKit/604.1.38 (KHTML, like Gecko) Version/11.0 Safari/604.1.38"
24.135.219.184 - - [20/Oct/2017:08:13:24 +0200] "GET /kurser/faq/bedomning-och-betygsattning HTTP/1.1" 200 5999 "https://dbwebb.se/kurser/htmlphp/kmom10" "Mozilla/5.0 (Macintosh; Intel Mac OS X 10_13) AppleWebKit/604.1.38 (KHTML, like Gecko) Version/11.0 Safari/604.1.38"
157.55.39.37 - - [20/Oct/2017:08:13:45 +0200] "GET /img/oophp/kmom04/image06.png HTTP/1.1" 200 112805 "-" "Mozilla/5.0 (compatible; bingbot/2.0; +http://www.bing.com/bingbot.htm)"
217.182.132.78 - - [20/Oct/2017:08:14:11 +0200] "GET /forum/viewtopic.php?f=66&t=6501&p=53169 HTTP/1.1" 200 10227 "-" "Mozilla/5.0 (compatible; AhrefsBot/5.2; +http://ahrefs.com/robot/)"
217.182.132.174 - - [20/Oct/2017:08:14:35 +0200] "GET /img/imgv061_config.php HTTP/1.1" 404 14212 "-" "Mozilla/5.0 (compatible; AhrefsBot/5.2; +http://ahrefs.com/robot/)"
66.249.76.36 - - [20/Oct/2017:08:14:39 +0200] "GET /forum/viewtopic.php?f=11&t=6222&view=print HTTP/1.1" 200 4810 "-" "Mozilla/5.0 (Linux; Android 6.0.1; Nexus 5X Build/MMB29P) AppleWebKit/537.36 (KHTML, like Gecko) Chrome/41.0.2272.96 Mobile Safari/537.36 (compatible; Googlebot/2.1; +http://www.google.com/bot.html)"
217.182.132.82 - - [20/Oct/2017:08:15:09 +0200] "GET /forum/viewtopic.php?t=6640&p=54139 HTTP/1.1" 200 11330 "-" "Mozilla/5.0 (compatible; AhrefsBot/5.2; +http://ahrefs.com/robot/)"
66.249.76.38 - - [20/Oct/2017:08:15:46 +0200] "GET /forum/viewtopic.php?t=415&p=2423 HTTP/1.1" 200 10392 "-" "Mozilla/5.0 (compatible; Googlebot/2.1; +http://www.google.com/bot.html)"
83.252.58.85 - - [20/Oct/2017:08:15:54 +0200] "GET / HTTP/1.1" 200 10571 "-" "Mozilla/5.0 (X11; Linux x86_64; rv:57.0) Gecko/20100101 Firefox/57.0"
83.252.58.85 - - [20/Oct/2017:08:15:57 +0200] "GET /kurser HTTP/1.1" 200 5675 "https://dbwebb.se/" "Mozilla/5.0 (X11; Linux x86_64; rv:57.0) Gecko/20100101 Firefox/57.0"
83.252.58.85 - - [20/Oct/2017:08:16:08 +0200] "GET /kurser/python HTTP/1.1" 200 8237 "https://dbwebb.se/kurser" "Mozilla/5.0 (X11; Linux x86_64; rv:57.0) Gecko/20100101 Firefox/57.0"
141.8.142.23 - - [20/Oct/2017:08:17:05 +0200] "GET /forum/feed.php?mode=topics_active HTTP/1.1" 200 17228 "-" "Mozilla/5.0 (compatible; YandexBot/3.0; +http://yandex.com/bots)"
138.215.255.69 - - [20/Oct/2017:08:17:55 +0200] "GET /kunskap/kom-igang-med-git-och-github HTTP/1.1" 200 11457 "https://www.bing.com/" "Mozilla/5.0 (Windows NT 10.0; WOW64; Trident/7.0; rv:11.0) like Gecko"
138.215.255.69 - - [20/Oct/2017:08:17:57 +0200] "GET /favicon.ico HTTP/1.1" 200 36649 "-" "Mozilla/5.0 (Windows NT 10.0; Win64; x64; Trident/7.0; rv:11.0) like Gecko"
141.8.142.23 - - [20/Oct/2017:08:18:04 +0200] "GET /forum/download/file.php?id=296&sid=e33ee73a4f1d1340162dab117bb03e09 HTTP/1.1" 200 220631 "-" "Mozilla/5.0 (compatible; YandexImages/3.0; +http://yandex.com/bots)"
157.55.39.37 - - [20/Oct/2017:08:18:16 +0200] "GET /kunskap/borja-att-skriva-testfall-med-phpunit-for-din-php-kod HTTP/1.1" 200 13982 "-" "Mozilla/5.0 (compatible; bingbot/2.0; +http://www.bing.com/bingbot.htm)"
104.145.231.104 - - [20/Oct/2017:08:19:08 +0200] "GET / HTTP/1.1" 200 32297 "-" "Uptime.com_(http://uptime.com/)"
66.249.76.40 - - [20/Oct/2017:08:19:16 +0200] "GET /forum/feed.php HTTP/1.1" 200 25901 "-" "Mozilla/5.0 (compatible; Googlebot/2.1; +http://www.google.com/bot.html)"
24.135.219.184 - - [20/Oct/2017:08:19:19 +0200] "GET /kurser HTTP/1.1" 200 8652 "https://dbwebb.se/kurser/htmlphp/kmom10" "Mozilla/5.0 (Macintosh; Intel Mac OS X 10_13) AppleWebKit/604.1.38 (KHTML, like Gecko) Version/11.0 Safari/604.1.38"
24.135.219.184 - - [20/Oct/2017:08:19:23 +0200] "GET /kurser/python/kmom10 HTTP/1.1" 200 8320 "https://dbwebb.se/kurser" "Mozilla/5.0 (Macintosh; Intel Mac OS X 10_13) AppleWebKit/604.1.38 (KHTML, like Gecko) Version/11.0 Safari/604.1.38"
24.135.219.184 - - [20/Oct/2017:08:19:25 +0200] "GET /kurser HTTP/1.1" 200 5675 "https://dbwebb.se/kurser/python/kmom10" "Mozilla/5.0 (Macintosh; Intel Mac OS X 10_13) AppleWebKit/604.1.38 (KHTML, like Gecko) Version/11.0 Safari/604.1.38"
24.135.219.184 - - [20/Oct/2017:08:19:26 +0200] "GET /community HTTP/1.1" 200 4810 "https://dbwebb.se/kurser" "Mozilla/5.0 (Macintosh; Intel Mac OS X 10_13) AppleWebKit/604.1.38 (KHTML, like Gecko) Version/11.0 Safari/604.1.38"
24.135.219.184 - - [20/Oct/2017:08:19:28 +0200] "GET /forum/ HTTP/1.1" 200 7509 "https://dbwebb.se/community" "Mozilla/5.0 (Macintosh; Intel Mac OS X 10_13) AppleWebKit/604.1.38 (KHTML, like Gecko) Version/11.0 Safari/604.1.38"
24.135.219.184 - - [20/Oct/2017:08:19:29 +0200] "GET /favicon.ico HTTP/1.1" 200 36454 "https://dbwebb.se/forum/" "Mozilla/5.0 (Macintosh; Intel Mac OS X 10_13) AppleWebKit/604.1.38 (KHTML, like Gecko) Version/11.0 Safari/604.1.38"
24.135.219.184 - - [20/Oct/2017:08:19:30 +0200] "GET /community HTTP/1.1" 200 4810 "https://dbwebb.se/forum/" "Mozilla/5.0 (Macintosh; Intel Mac OS X 10_13) AppleWebKit/604.1.38 (KHTML, like Gecko) Version/11.0 Safari/604.1.38"
81.230.161.150 - - [20/Oct/2017:08:19:32 +0200] "GET /kunskap/kom-igang-med-git-och-github HTTP/1.1" 200 11262 "https://www.google.se/" "Mozilla/5.0 (iPhone; CPU iPhone OS 11_0_3 like Mac OS X) AppleWebKit/604.1.38 (KHTML, like Gecko) Version/11.0 Mobile/15A432 Safari/604.1"
66.249.76.36 - - [20/Oct/2017:08:19:39 +0200] "GET /forum/viewtopic.php?f=32&t=6616&view=print HTTP/1.1" 200 5396 "-" "Mozilla/5.0 (Linux; Android 6.0.1; Nexus 5X Build/MMB29P) AppleWebKit/537.36 (KHTML, like Gecko) Chrome/41.0.2272.96 Mobile Safari/537.36 (compatible; Googlebot/2.1; +http://www.google.com/bot.html)"
66.249.76.36 - - [20/Oct/2017:08:19:39 +0200] "GET /bth/ HTTP/1.1" 302 562 "-" "Mozilla/5.0 (compatible; Googlebot/2.1; +http://www.google.com/bot.html)"
66.249.76.38 - - [20/Oct/2017:08:19:40 +0200] "GET /kurser/faq/bth-stodfunktioner/ HTTP/1.1" 200 8792 "-" "Mozilla/5.0 (compatible; Googlebot/2.1; +http://www.google.com/bot.html)"
127.0.0.1 - - [20/Oct/2017:08:20:01 +0200] "POST /forum/ucp.php?mode=login HTTP/1.1" 200 18195 "-" "Mozilla/4.0 (compatible; MSIE 6.0; FreeBSD 8.1)"
127.0.0.1 - - [20/Oct/2017:08:20:01 +0200] "POST /forum/feed.php HTTP/1.1" 200 39121 "-" "Mozilla/4.0 (compatible; MSIE 6.0; FreeBSD 8.1)"
66.249.75.158 - - [20/Oct/2017:08:20:47 +0200] "GET /forum/viewtopic.php?f=12&t=278&view=print HTTP/1.1" 200 16029 "-" "Mozilla/5.0 (Linux; Android 6.0.1; Nexus 5X Build/MMB29P) AppleWebKit/537.36 (KHTML, like Gecko) Chrome/41.0.2272.96 Mobile Safari/537.36 (compatible; Googlebot/2.1; +http://www.google.com/bot.html)"
24.135.219.184 - - [20/Oct/2017:08:20:52 +0200] "GET /kurser/htmlphp/kmom10 HTTP/1.1" 200 10280 "-" "Mozilla/5.0 (Macintosh; Intel Mac OS X 10_13) AppleWebKit/604.1.38 (KHTML, like Gecko) Version/11.0 Safari/604.1.38"
24.135.219.184 - - [20/Oct/2017:08:20:58 +0200] "GET /kurser/htmlphp/projekt-appendix-1 HTTP/1.1" 200 8610 "-" "Mozilla/5.0 (Macintosh; Intel Mac OS X 10_13) AppleWebKit/604.1.38 (KHTML, like Gecko) Version/11.0 Safari/604.1.38"
40.77.167.34 - - [20/Oct/2017:08:21:04 +0200] "GET /image/kunskap/www_student_me.jpg HTTP/1.1" 200 50318 "-" "Mozilla/5.0 (compatible; bingbot/2.0; +http://www.bing.com/bingbot.htm)"
24.135.219.184 - - [20/Oct/2017:08:22:08 +0200] "GET /kurser/htmlphp/projekt-appendix-1 HTTP/1.1" 200 11449 "-" "Mozilla/5.0 (Macintosh; Intel Mac OS X 10_13) AppleWebKit/604.1.38 (KHTML, like Gecko) Version/11.0 Safari/604.1.38"
51.255.71.131 - - [20/Oct/2017:08:22:23 +0200] "GET /f/43163 HTTP/1.1" 301 3532 "-" "Mozilla/5.0 (compatible; AhrefsBot/5.2; +http://ahrefs.com/robot/)"
217.182.132.75 - - [20/Oct/2017:08:22:41 +0200] "GET /forum/viewtopic.php?p=11077 HTTP/1.1" 200 9198 "-" "Mozilla/5.0 (compatible; AhrefsBot/5.2; +http://ahrefs.com/robot/)"
157.55.39.226 - - [20/Oct/2017:08:22:43 +0200] "GET /forum/viewtopic.php?f=9&t=865 HTTP/1.1" 200 9298 "-" "Mozilla/5.0 (compatible; bingbot/2.0; +http://www.bing.com/bingbot.htm)"
194.47.129.178 - - [20/Oct/2017:08:22:55 +0200] "HEAD /humans.txt HTTP/1.1" 200 3171 "-" "python-requests/2.18.4"
194.47.129.178 - - [20/Oct/2017:08:24:26 +0200] "GET /blogg/introduktionsveckan-2017 HTTP/1.1" 200 10229 "-" "python-requests/2.18.4"
194.47.129.178 - - [20/Oct/2017:08:24:32 +0200] "GET /blogg/introduktionsveckan-2017 HTTP/1.1" 200 10229 "-" "python-requests/2.18.4"
194.47.129.178 - - [20/Oct/2017:08:24:37 +0200] "GET /javascript/lekplats/get-marvin-quotes-using-ajax/quote.php HTTP/1.1" 302 3804 "-" "python-requests/2.18.4"
194.47.129.178 - - [20/Oct/2017:08:24:37 +0200] "GET /kurser/javascript/lekplats/get-marvin-quotes-using-ajax/quote.php HTTP/1.1" 302 644 "-" "python-requests/2.18.4"
194.47.129.178 - - [20/Oct/2017:08:24:37 +0200] "GET /repo/javascript/example/lekplats/get-marvin-quotes-using-ajax/quote.php HTTP/1.1" 200 355 "-" "python-requests/2.18.4"
194.47.129.178 - - [20/Oct/2017:08:24:54 +0200] "GET / HTTP/1.1" 200 10571 "-" "python-requests/2.18.4"
51.255.71.126 - - [20/Oct/2017:08:24:56 +0200] "GET /forum/viewtopic.php?p=46906 HTTP/1.1" 200 11131 "-" "Mozilla/5.0 (compatible; AhrefsBot/5.2; +http://ahrefs.com/robot/)"
66.249.76.40 - - [20/Oct/2017:08:25:00 +0200] "GET /forum/viewtopic.php?f=36&t=844 HTTP/1.1" 200 12107 "-" "Mozilla/5.0 (Linux; Android 6.0.1; Nexus 5X Build/MMB29P) AppleWebKit/537.36 (KHTML, like Gecko) Chrome/41.0.2272.96 Mobile Safari/537.36 (compatible; Googlebot/2.1; +http://www.google.com/bot.html)"
40.77.167.34 - - [20/Oct/2017:08:25:22 +0200] "GET /uppgift/anax-flat-tema-med-bilder HTTP/1.1" 200 9099 "-" "Mozilla/5.0 (compatible; bingbot/2.0; +http://www.bing.com/bingbot.htm)"
83.226.178.41 - - [20/Oct/2017:08:25:26 +0200] "GET / HTTP/1.1" 200 10576 "-" "Mozilla/5.0 (Windows NT 10.0; Win64; x64; rv:56.0) Gecko/20100101 Firefox/56.0"
83.226.178.41 - - [20/Oct/2017:08:25:30 +0200] "GET /community HTTP/1.1" 200 4810 "https://dbwebb.se/" "Mozilla/5.0 (Windows NT 10.0; Win64; x64; rv:56.0) Gecko/20100101 Firefox/56.0"
83.226.178.41 - - [20/Oct/2017:08:25:35 +0200] "GET /forum/search.php?search_id=active_topics HTTP/1.1" 200 10274 "https://dbwebb.se/community" "Mozilla/5.0 (Windows NT 10.0; Win64; x64; rv:56.0) Gecko/20100101 Firefox/56.0"
83.226.178.41 - - [20/Oct/2017:08:25:38 +0200] "GET /forum/viewtopic.php?f=60&t=6596 HTTP/1.1" 200 7039 "https://dbwebb.se/forum/search.php?search_id=active_topics" "Mozilla/5.0 (Windows NT 10.0; Win64; x64; rv:56.0) Gecko/20100101 Firefox/56.0"
83.226.178.41 - - [20/Oct/2017:08:25:44 +0200] "GET /kurser HTTP/1.1" 200 8852 "https://dbwebb.se/forum/viewtopic.php?f=60&t=6596" "Mozilla/5.0 (Windows NT 10.0; Win64; x64; rv:56.0) Gecko/20100101 Firefox/56.0"
83.226.178.41 - - [20/Oct/2017:08:25:52 +0200] "GET /kurser/ramverk2/kmom01 HTTP/1.1" 200 9197 "https://dbwebb.se/kurser" "Mozilla/5.0 (Windows NT 10.0; Win64; x64; rv:56.0) Gecko/20100101 Firefox/56.0"
74.125.76.96 - - [20/Oct/2017:08:26:11 +0200] "GET /forum/feed.php HTTP/1.1" 200 25896 "-" "FeedBurner/1.0 (http://www.FeedBurner.com)"
83.226.178.41 - - [20/Oct/2017:08:26:22 +0200] "GET /kurser/ramverk1/kmom10 HTTP/1.1" 200 10096 "https://dbwebb.se/kurser" "Mozilla/5.0 (Windows NT 10.0; Win64; x64; rv:56.0) Gecko/20100101 Firefox/56.0"
64.62.252.163 - - [20/Oct/2017:08:26:25 +0200] "GET /robots.txt HTTP/1.1" 200 3368 "-" "BUbiNG (+http://law.di.unimi.it/BUbiNG.html)"
83.252.58.85 - - [20/Oct/2017:08:26:28 +0200] "GET / HTTP/1.1" 200 10576 "-" "python-requests/2.9.1"
164.132.161.67 - - [20/Oct/2017:08:26:32 +0200] "GET /forum/viewtopic.php?t=279&p=14783 HTTP/1.1" 200 11590 "-" "Mozilla/5.0 (compatible; AhrefsBot/5.2; +http://ahrefs.com/robot/)"
37.46.121.243 - - [20/Oct/2017:08:26:38 +0200] "GET /kurser/htmlphp/redovisa HTTP/1.1" 200 8565 "-" "Mozilla/5.0 (Windows NT 10.0; Win64; x64; rv:56.0) Gecko/20100101 Firefox/56.0"
51.255.65.14 - - [20/Oct/2017:08:26:52 +0200] "GET /forum/viewtopic.php?t=711&p=4321 HTTP/1.1" 200 10694 "-" "Mozilla/5.0 (compatible; AhrefsBot/5.2; +http://ahrefs.com/robot/)"
85.194.8.70 - - [20/Oct/2017:08:27:25 +0200] "GET /uppgift/javascript-med-variabler-och-inbyggda-funktioner HTTP/1.1" 200 8808 "https://dbwebb.se/kurser/javascript1/kmom01" "Mozilla/5.0 (X11; Ubuntu; Linux x86_64; rv:56.0) Gecko/20100101 Firefox/56.0"
157.55.39.37 - - [20/Oct/2017:08:27:36 +0200] "GET /forum/feed.php?f=18 HTTP/1.1" 200 55233 "-" "Mozilla/5.0 (compatible; bingbot/2.0; +http://www.bing.com/bingbot.htm)"
66.249.75.158 - - [20/Oct/2017:08:27:40 +0200] "GET /forum/viewtopic.php?p=56520 HTTP/1.1" 200 10403 "-" "Mozilla/5.0 (Linux; Android 6.0.1; Nexus 5X Build/MMB29P) AppleWebKit/537.36 (KHTML, like Gecko) Chrome/41.0.2272.96 Mobile Safari/537.36 (compatible; Googlebot/2.1; +http://www.google.com/bot.html)"
83.252.58.85 - - [20/Oct/2017:08:27:44 +0200] "HEAD / HTTP/1.1" 200 3176 "-" "python-requests/2.9.1"
66.102.9.135 - - [20/Oct/2017:08:28:10 +0200] "GET /kurser HTTP/1.1" 200 8847 "-" "Mozilla/5.0 (X11; Linux x86_64) AppleWebKit/537.36 (KHTML, like Gecko) Chrome/49.0.2623.75 Safari/537.36 Google Favicon"
51.255.65.34 - - [20/Oct/2017:08:28:51 +0200] "GET /forum/viewtopic.php?p=23472 HTTP/1.1" 200 12572 "-" "Mozilla/5.0 (compatible; AhrefsBot/5.2; +http://ahrefs.com/robot/)"
79.47.134.32 - - [20/Oct/2017:08:28:51 +0200] "GET /kurser/oophp-v2 HTTP/1.1" 200 12543 "-" "Mozilla/5.0 (Windows NT 10.0; Win64; x64) AppleWebKit/537.36 (KHTML, like Gecko) Chrome/61.0.3163.100 Safari/537.36"
79.47.134.32 - - [20/Oct/2017:08:28:58 +0200] "GET /kurser/oophp-v2/kmom04 HTTP/1.1" 200 9225 "https://dbwebb.se/kurser/oophp-v2" "Mozilla/5.0 (Windows NT 10.0; Win64; x64) AppleWebKit/537.36 (KHTML, like Gecko) Chrome/61.0.3163.100 Safari/537.36"
194.47.129.178 - - [20/Oct/2017:08:29:10 +0200] "HEAD /humans.txt HTTP/1.1" 200 3171 "-" "python-requests/2.18.4"
79.47.134.32 - - [20/Oct/2017:08:29:13 +0200] "GET /uppgift/ovningar-med-cdatabase HTTP/1.1" 200 10350 "https://dbwebb.se/kurser/oophp-v2/kmom04" "Mozilla/5.0 (Windows NT 10.0; Win64; x64) AppleWebKit/537.36 (KHTML, like Gecko) Chrome/61.0.3163.100 Safari/537.36"
157.55.39.37 - - [20/Oct/2017:08:29:16 +0200] "GET /img/bok/fursten.jpg HTTP/1.1" 200 48013 "-" "Mozilla/5.0 (compatible; bingbot/2.0; +http://www.bing.com/bingbot.htm)"
194.47.129.178 - - [20/Oct/2017:08:29:16 +0200] "GET /blogg/introduktionsveckan-2017 HTTP/1.1" 200 10229 "-" "python-requests/2.18.4"
194.47.129.178 - - [20/Oct/2017:08:29:19 +0200] "GET /blogg/introduktionsveckan-2017 HTTP/1.1" 200 10229 "-" "python-requests/2.18.4"
194.47.129.178 - - [20/Oct/2017:08:29:20 +0200] "GET /javascript/lekplats/get-marvin-quotes-using-ajax/quote.php HTTP/1.1" 302 3804 "-" "python-requests/2.18.4"
194.47.129.178 - - [20/Oct/2017:08:29:20 +0200] "GET /kurser/javascript/lekplats/get-marvin-quotes-using-ajax/quote.php HTTP/1.1" 302 644 "-" "python-requests/2.18.4"
194.47.129.178 - - [20/Oct/2017:08:29:20 +0200] "GET /repo/javascript/example/lekplats/get-marvin-quotes-using-ajax/quote.php HTTP/1.1" 200 365 "-" "python-requests/2.18.4"
194.47.129.178 - - [20/Oct/2017:08:29:23 +0200] "GET / HTTP/1.1" 200 10571 "-" "python-requests/2.18.4"
157.55.39.37 - - [20/Oct/2017:08:30:06 +0200] "GET /kod-exempel/guiden-php-20/predefined/get.php HTTP/1.1" 301 3812 "-" "Mozilla/5.0 (compatible; bingbot/2.0; +http://www.bing.com/bingbot.htm)"
66.249.75.154 - - [20/Oct/2017:08:30:09 +0200] "GET /coachen/gor-din-forsta-sida-med-html5.SublimeText+Emmet+16+ordenar+lineas+css+JoseCodFacilitoSUSCRIBETE HTTP/1.1" 404 14645 "-" "Mozilla/5.0 (compatible; Googlebot/2.1; +http://www.google.com/bot.html)"
164.132.161.53 - - [20/Oct/2017:08:30:28 +0200] "GET /img/tiles/wall/crystal_wall05.png HTTP/1.1" 200 4636 "-" "Mozilla/5.0 (compatible; AhrefsBot/5.2; +http://ahrefs.com/robot/)"
66.249.75.156 - - [20/Oct/2017:08:30:35 +0200] "GET /forum/viewtopic.php?t=2841&p=23284 HTTP/1.1" 200 8912 "-" "Mozilla/5.0 (compatible; Googlebot/2.1; +http://www.google.com/bot.html)"
194.47.129.178 - - [20/Oct/2017:08:30:55 +0200] "HEAD /humans.txt HTTP/1.1" 200 3171 "-" "python-requests/2.18.4"
216.244.66.239 - - [20/Oct/2017:08:30:57 +0200] "GET /robots.txt HTTP/1.1" 200 3317 "-" "Mozilla/5.0 (compatible; DotBot/1.1; http://www.opensiteexplorer.org/dotbot, help@moz.com)"
194.47.129.178 - - [20/Oct/2017:08:31:02 +0200] "GET /blogg/introduktionsveckan-2017 HTTP/1.1" 200 10229 "-" "python-requests/2.18.4"
66.249.93.8 - - [20/Oct/2017:08:31:16 +0200] "GET /kurser/oophp-v2 HTTP/1.1" 200 12543 "-" "Mozilla/5.0 (X11; Linux x86_64) AppleWebKit/537.36 (KHTML, like Gecko) Chrome/49.0.2623.75 Safari/537.36 Google Favicon"
194.47.129.178 - - [20/Oct/2017:08:31:30 +0200] "GET /blogg/introduktionsveckan-2017 HTTP/1.1" 200 10229 "-" "python-requests/2.18.4"
194.47.129.178 - - [20/Oct/2017:08:31:40 +0200] "GET /javascript/lekplats/get-marvin-quotes-using-ajax/quote.php HTTP/1.1" 302 3804 "-" "python-requests/2.18.4"
194.47.129.178 - - [20/Oct/2017:08:31:40 +0200] "GET /kurser/javascript/lekplats/get-marvin-quotes-using-ajax/quote.php HTTP/1.1" 302 644 "-" "python-requests/2.18.4"
194.47.129.178 - - [20/Oct/2017:08:31:40 +0200] "GET /repo/javascript/example/lekplats/get-marvin-quotes-using-ajax/quote.php HTTP/1.1" 200 350 "-" "python-requests/2.18.4"
157.55.39.226 - - [20/Oct/2017:08:31:45 +0200] "GET /img/kunskap/javascript/node-js-command-prompt-3.png HTTP/1.1" 200 38274 "-" "Mozilla/5.0 (compatible; bingbot/2.0; +http://www.bing.com/bingbot.htm)"
194.47.129.178 - - [20/Oct/2017:08:31:46 +0200] "GET / HTTP/1.1" 200 10571 "-" "python-requests/2.18.4"
89.31.57.5 - - [20/Oct/2017:08:31:58 +0200] "GET /forum/index.php HTTP/1.0" 200 36955 "http://gloryhole-videos.porndairy.in" "Mozilla/5.0 (Windows NT 6.1; WOW64) AppleWebKit/537.36 (KHTML, like Gecko) Chrome/56.0.2924.87 YaBrowser/17.3.1.840 Yowser/2.5 Safari/537.36"
89.31.57.5 - - [20/Oct/2017:08:31:59 +0200] "GET /forum/viewforum.php?f=23&sid=5db239d74db15f28e11b067401896355 HTTP/1.0" 200 44048 "https://dbwebb.se/forum/viewforum.php?f=23&sid=5db239d74db15f28e11b067401896355" "Mozilla/5.0 (Windows NT 6.1; WOW64) AppleWebKit/537.36 (KHTML, like Gecko) Chrome/56.0.2924.87 YaBrowser/17.3.1.840 Yowser/2.5 Safari/537.36"
89.31.57.5 - - [20/Oct/2017:08:32:01 +0200] "GET /forum/posting.php?mode=post&f=23 HTTP/1.0" 200 19074 "https://dbwebb.se/forum/posting.php?mode=post&f=23" "Mozilla/5.0 (Windows NT 6.1; WOW64) AppleWebKit/537.36 (KHTML, like Gecko) Chrome/56.0.2924.87 YaBrowser/17.3.1.840 Yowser/2.5 Safari/537.36"
89.31.57.5 - - [20/Oct/2017:08:32:02 +0200] "GET /forum/viewforum.php?f=1 HTTP/1.0" 200 26458 "https://dbwebb.se/forum/viewforum.php?f=1" "Mozilla/5.0 (Windows NT 6.1; WOW64) AppleWebKit/537.36 (KHTML, like Gecko) Chrome/56.0.2924.87 YaBrowser/17.3.1.840 Yowser/2.5 Safari/537.36"
89.31.57.5 - - [20/Oct/2017:08:32:04 +0200] "GET /forum/posting.php?mode=post&f=23 HTTP/1.0" 200 19074 "https://dbwebb.se/forum/posting.php?mode=post&f=23" "Mozilla/5.0 (Windows NT 6.1; WOW64) AppleWebKit/537.36 (KHTML, like Gecko) Chrome/56.0.2924.87 YaBrowser/17.3.1.840 Yowser/2.5 Safari/537.36"
89.31.57.5 - - [20/Oct/2017:08:32:06 +0200] "GET /forum/viewforum.php?f=9 HTTP/1.0" 200 43276 "https://dbwebb.se/forum/viewforum.php?f=9" "Mozilla/5.0 (Windows NT 6.1; WOW64) AppleWebKit/537.36 (KHTML, like Gecko) Chrome/56.0.2924.87 YaBrowser/17.3.1.840 Yowser/2.5 Safari/537.36"
89.31.57.5 - - [20/Oct/2017:08:32:07 +0200] "GET /forum/posting.php?mode=post&f=9 HTTP/1.0" 200 19073 "https://dbwebb.se/forum/posting.php?mode=post&f=9" "Mozilla/5.0 (Windows NT 6.1; WOW64) AppleWebKit/537.36 (KHTML, like Gecko) Chrome/56.0.2924.87 YaBrowser/17.3.1.840 Yowser/2.5 Safari/537.36"
89.31.57.5 - - [20/Oct/2017:08:32:09 +0200] "GET /forum/posting.php?mode=post&f=23 HTTP/1.0" 200 19074 "https://dbwebb.se/forum/posting.php?mode=post&f=23" "Mozilla/5.0 (Windows NT 6.1; WOW64) AppleWebKit/537.36 (KHTML, like Gecko) Chrome/56.0.2924.87 YaBrowser/17.3.1.840 Yowser/2.5 Safari/537.36"
89.31.57.5 - - [20/Oct/2017:08:32:10 +0200] "GET /forum/posting.php?mode=post&f=9 HTTP/1.0" 200 19073 "https://dbwebb.se/forum/posting.php?mode=post&f=9" "Mozilla/5.0 (Windows NT 6.1; WOW64) AppleWebKit/537.36 (KHTML, like Gecko) Chrome/56.0.2924.87 YaBrowser/17.3.1.840 Yowser/2.5 Safari/537.36"
51.255.65.80 - - [20/Oct/2017:08:32:10 +0200] "GET /forum/viewtopic.php?p=50815 HTTP/1.1" 200 10569 "-" "Mozilla/5.0 (compatible; AhrefsBot/5.2; +http://ahrefs.com/robot/)"
89.31.57.5 - - [20/Oct/2017:08:32:12 +0200] "GET /forum/posting.php?mode=post&f=23 HTTP/1.0" 200 19074 "https://dbwebb.se/forum/posting.php?mode=post&f=23" "Mozilla/5.0 (Windows NT 6.1; WOW64) AppleWebKit/537.36 (KHTML, like Gecko) Chrome/56.0.2924.87 YaBrowser/17.3.1.840 Yowser/2.5 Safari/537.36"
83.252.58.85 - - [20/Oct/2017:08:32:14 +0200] "GET / HTTP/1.1" 200 10576 "-" "python-requests/2.9.1"
66.249.75.156 - - [20/Oct/2017:08:32:14 +0200] "GET /forum/viewtopic.php?f=11&t=4756&view=print HTTP/1.1" 200 5941 "-" "Mozilla/5.0 (Linux; Android 6.0.1; Nexus 5X Build/MMB29P) AppleWebKit/537.36 (KHTML, like Gecko) Chrome/41.0.2272.96 Mobile Safari/537.36 (compatible; Googlebot/2.1; +http://www.google.com/bot.html)"
83.252.58.85 - - [20/Oct/2017:08:32:32 +0200] "GET / HTTP/1.1" 200 10576 "-" "python-requests/2.9.1"
212.247.48.130 - - [20/Oct/2017:08:32:43 +0200] "GET /dbwebb-cli/create HTTP/1.1" 200 7618 "https://www.bing.com/" "Mozilla/5.0 (Windows NT 10.0; Win64; x64) AppleWebKit/537.36 (KHTML, like Gecko) Chrome/52.0.2743.116 Safari/537.36 Edge/15.15063"
212.247.48.130 - - [20/Oct/2017:08:32:45 +0200] "GET /favicon.ico HTTP/1.1" 200 36649 "-" "Mozilla/5.0 (Windows NT 10.0; Win64; x64) AppleWebKit/537.36 (KHTML, like Gecko) Chrome/52.0.2743.116 Safari/537.36 Edge/15.15063"
85.194.8.70 - - [20/Oct/2017:08:32:55 +0200] "GET /kurser/javascript1/redovisa HTTP/1.1" 200 8478 "https://dbwebb.se/kurser/javascript1/kmom01" "Mozilla/5.0 (X11; Ubuntu; Linux x86_64; rv:56.0) Gecko/20100101 Firefox/56.0"
24.135.219.184 - - [20/Oct/2017:08:33:15 +0200] "GET /forum/ HTTP/1.1" 200 10489 "https://dbwebb.se/community" "Mozilla/5.0 (Macintosh; Intel Mac OS X 10_13) AppleWebKit/604.1.38 (KHTML, like Gecko) Version/11.0 Safari/604.1.38"
24.135.219.184 - - [20/Oct/2017:08:33:19 +0200] "GET /forum/viewforum.php?f=69 HTTP/1.1" 200 5898 "https://dbwebb.se/forum/" "Mozilla/5.0 (Macintosh; Intel Mac OS X 10_13) AppleWebKit/604.1.38 (KHTML, like Gecko) Version/11.0 Safari/604.1.38"
24.135.219.184 - - [20/Oct/2017:08:33:21 +0200] "GET /forum/viewforum.php?f=4 HTTP/1.1" 200 8049 "https://dbwebb.se/forum/viewforum.php?f=69" "Mozilla/5.0 (Macintosh; Intel Mac OS X 10_13) AppleWebKit/604.1.38 (KHTML, like Gecko) Version/11.0 Safari/604.1.38"
85.194.8.70 - - [20/Oct/2017:08:33:22 +0200] "GET /kunskap/att-skriva-en-bra-redovisningstext HTTP/1.1" 200 5677 "https://dbwebb.se/kurser/javascript1/redovisa" "Mozilla/5.0 (X11; Ubuntu; Linux x86_64; rv:56.0) Gecko/20100101 Firefox/56.0"
24.135.219.184 - - [20/Oct/2017:08:33:28 +0200] "GET /forum/viewtopic.php?f=4&t=6558 HTTP/1.1" 200 22864 "https://dbwebb.se/forum/viewforum.php?f=4" "Mozilla/5.0 (Macintosh; Intel Mac OS X 10_13) AppleWebKit/604.1.38 (KHTML, like Gecko) Version/11.0 Safari/604.1.38"
40.77.167.34 - - [20/Oct/2017:08:33:31 +0200] "GET /forum/viewtopic.php?t=103 HTTP/1.1" 200 7195 "-" "Mozilla/5.0 (compatible; bingbot/2.0; +http://www.bing.com/bingbot.htm)"
66.249.76.40 - - [20/Oct/2017:08:33:31 +0200] "GET /kod-exempel/time_and_timezone/ HTTP/1.1" 301 3784 "-" "Mozilla/5.0 (compatible; Googlebot/2.1; +http://www.google.com/bot.html)"
81.235.48.61 - - [20/Oct/2017:08:34:07 +0200] "GET /uppgift/memory-rita-flaggor-med-javascript-och-dom HTTP/1.1" 200 8331 "http://www.google.se/" "Mozilla/5.0 (Linux; Android 6.0; ALE-L21 Build/HuaweiALE-L21) AppleWebKit/537.36 (KHTML, like Gecko) Chrome/61.0.3163.98 Mobile Safari/537.36"
104.145.231.104 - - [20/Oct/2017:08:34:08 +0200] "GET / HTTP/1.1" 200 32297 "-" "Uptime.com_(http://uptime.com/)"
85.194.8.70 - - [20/Oct/2017:08:34:22 +0200] "GET /kurser/faq/bedomning-och-betygsattning HTTP/1.1" 200 6137 "https://dbwebb.se/kunskap/att-skriva-en-bra-redovisningstext" "Mozilla/5.0 (X11; Ubuntu; Linux x86_64; rv:56.0) Gecko/20100101 Firefox/56.0"
194.47.129.178 - - [20/Oct/2017:08:34:22 +0200] "HEAD /humans.txt HTTP/1.1" 200 3171 "-" "python-requests/2.18.4"
194.47.129.178 - - [20/Oct/2017:08:34:26 +0200] "GET /blogg/introduktionsveckan-2017 HTTP/1.1" 200 10229 "-" "python-requests/2.18.4"
85.194.8.70 - - [20/Oct/2017:08:34:27 +0200] "GET /kunskap/varfor-regnar-det-pa-bergssidan-ett-exempel-pa-solo-taxonomin HTTP/1.1" 200 7583 "https://dbwebb.se/kunskap/att-skriva-en-bra-redovisningstext" "Mozilla/5.0 (X11; Ubuntu; Linux x86_64; rv:56.0) Gecko/20100101 Firefox/56.0"
194.47.129.178 - - [20/Oct/2017:08:34:30 +0200] "GET /blogg/introduktionsveckan-2017 HTTP/1.1" 200 10229 "-" "python-requests/2.18.4"
194.47.129.178 - - [20/Oct/2017:08:34:32 +0200] "GET /javascript/lekplats/get-marvin-quotes-using-ajax/quote.php HTTP/1.1" 302 3804 "-" "python-requests/2.18.4"
194.47.129.178 - - [20/Oct/2017:08:34:32 +0200] "GET /kurser/javascript/lekplats/get-marvin-quotes-using-ajax/quote.php HTTP/1.1" 302 644 "-" "python-requests/2.18.4"
194.47.129.178 - - [20/Oct/2017:08:34:32 +0200] "GET /repo/javascript/example/lekplats/get-marvin-quotes-using-ajax/quote.php HTTP/1.1" 200 351 "-" "python-requests/2.18.4"
