5.9.142.226 - - [12/Aug/2016:06:58:50 +0200] "GET /forum/viewtopic.php?t=2557&p=20095 HTTP/1.0" 200 19998 "-" "Mozilla/5.0 (compatible; MJ12bot/v1.4.5; http://www.majestic12.co.uk/bot.php?+)"
5.9.142.226 - - [12/Aug/2016:06:59:12 +0200] "GET /forum/viewtopic.php?t=2557&p=20097 HTTP/1.0" 200 19998 "-" "Mozilla/5.0 (compatible; MJ12bot/v1.4.5; http://www.majestic12.co.uk/bot.php?+)"
5.9.142.226 - - [12/Aug/2016:06:59:16 +0200] "GET /forum/viewtopic.php?t=2557&p=20106 HTTP/1.0" 200 19998 "-" "Mozilla/5.0 (compatible; MJ12bot/v1.4.5; http://www.majestic12.co.uk/bot.php?+)"
5.9.142.226 - - [12/Aug/2016:06:59:22 +0200] "GET /forum/viewtopic.php?t=2559 HTTP/1.0" 200 45164 "-" "Mozilla/5.0 (compatible; MJ12bot/v1.4.5; http://www.majestic12.co.uk/bot.php?+)"
5.9.142.226 - - [12/Aug/2016:06:59:28 +0200] "GET /forum/viewtopic.php?t=2559&p=20126 HTTP/1.0" 200 45164 "-" "Mozilla/5.0 (compatible; MJ12bot/v1.4.5; http://www.majestic12.co.uk/bot.php?+)"
5.9.142.226 - - [12/Aug/2016:06:59:34 +0200] "GET /forum/viewtopic.php?t=2560&p=20134 HTTP/1.0" 200 31853 "-" "Mozilla/5.0 (compatible; MJ12bot/v1.4.5; http://www.majestic12.co.uk/bot.php?+)"
5.9.142.226 - - [12/Aug/2016:06:59:39 +0200] "GET /forum/viewtopic.php?t=2560&p=21117 HTTP/1.0" 200 31853 "-" "Mozilla/5.0 (compatible; MJ12bot/v1.4.5; http://www.majestic12.co.uk/bot.php?+)"
5.9.142.226 - - [12/Aug/2016:06:59:43 +0200] "GET /forum/viewtopic.php?t=2565&p=32330 HTTP/1.0" 200 83449 "-" "Mozilla/5.0 (compatible; MJ12bot/v1.4.5; http://www.majestic12.co.uk/bot.php?+)"
5.9.142.226 - - [12/Aug/2016:06:59:48 +0200] "GET /forum/viewtopic.php?t=2565&p=32342 HTTP/1.0" 200 83449 "-" "Mozilla/5.0 (compatible; MJ12bot/v1.4.5; http://www.majestic12.co.uk/bot.php?+)"
78.67.122.251 - - [12/Aug/2016:06:59:50 +0200] "GET /kunskap/kom-igang-med-html5-websockets-och-node-js HTTP/1.1" 200 16161 "-" "Mozilla/5.0 (iPhone; CPU iPhone OS 9_3_3 like Mac OS X) AppleWebKit/601.1.46 (KHTML, like Gecko) Version/9.0 Mobile/13G34 Safari/601.1"
78.67.122.251 - - [12/Aug/2016:06:59:50 +0200] "GET /image/kunskap/javascript/html5-websocket-client-to-echo-server.jpg?w=w1&q=70 HTTP/1.1" 200 28153 "https://dbwebb.se/kunskap/kom-igang-med-html5-websockets-och-node-js" "Mozilla/5.0 (iPhone; CPU iPhone OS 9_3_3 like Mac OS X) AppleWebKit/601.1.46 (KHTML, like Gecko) Version/9.0 Mobile/13G34 Safari/601.1"
78.67.122.251 - - [12/Aug/2016:06:59:50 +0200] "GET /image/kunskap/javascript/output-fran-websocket-echo-server.jpg?w=w1&q=70 HTTP/1.1" 200 9655 "https://dbwebb.se/kunskap/kom-igang-med-html5-websockets-och-node-js" "Mozilla/5.0 (iPhone; CPU iPhone OS 9_3_3 like Mac OS X) AppleWebKit/601.1.46 (KHTML, like Gecko) Version/9.0 Mobile/13G34 Safari/601.1"
78.67.122.251 - - [12/Aug/2016:06:59:50 +0200] "GET /img/kunskap/javascript/node-js-command-prompt-2.png HTTP/1.1" 200 30530 "https://dbwebb.se/kunskap/kom-igang-med-html5-websockets-och-node-js" "Mozilla/5.0 (iPhone; CPU iPhone OS 9_3_3 like Mac OS X) AppleWebKit/601.1.46 (KHTML, like Gecko) Version/9.0 Mobile/13G34 Safari/601.1"
78.67.122.251 - - [12/Aug/2016:06:59:50 +0200] "GET /image/kunskap/javascript/node-js-webbserver.jpg?w=w1&q=70 HTTP/1.1" 200 6913 "https://dbwebb.se/kunskap/kom-igang-med-html5-websockets-och-node-js" "Mozilla/5.0 (iPhone; CPU iPhone OS 9_3_3 like Mac OS X) AppleWebKit/601.1.46 (KHTML, like Gecko) Version/9.0 Mobile/13G34 Safari/601.1"
78.67.122.251 - - [12/Aug/2016:06:59:50 +0200] "GET /img/kunskap/javascript/node-js-command-prompt.png HTTP/1.1" 200 134389 "https://dbwebb.se/kunskap/kom-igang-med-html5-websockets-och-node-js" "Mozilla/5.0 (iPhone; CPU iPhone OS 9_3_3 like Mac OS X) AppleWebKit/601.1.46 (KHTML, like Gecko) Version/9.0 Mobile/13G34 Safari/601.1"
78.67.122.251 - - [12/Aug/2016:06:59:50 +0200] "GET /img/kunskap/javascript/node-js-command-prompt-3.png HTTP/1.1" 200 35240 "https://dbwebb.se/kunskap/kom-igang-med-html5-websockets-och-node-js" "Mozilla/5.0 (iPhone; CPU iPhone OS 9_3_3 like Mac OS X) AppleWebKit/601.1.46 (KHTML, like Gecko) Version/9.0 Mobile/13G34 Safari/601.1"
78.67.122.251 - - [12/Aug/2016:06:59:50 +0200] "GET /img/kunskap/javascript/node-js-websocket-connect.png HTTP/1.1" 200 105331 "https://dbwebb.se/kunskap/kom-igang-med-html5-websockets-och-node-js" "Mozilla/5.0 (iPhone; CPU iPhone OS 9_3_3 like Mac OS X) AppleWebKit/601.1.46 (KHTML, like Gecko) Version/9.0 Mobile/13G34 Safari/601.1"
5.9.142.226 - - [12/Aug/2016:06:59:52 +0200] "GET /forum/viewtopic.php?t=2565&p=32491 HTTP/1.0" 200 83449 "-" "Mozilla/5.0 (compatible; MJ12bot/v1.4.5; http://www.majestic12.co.uk/bot.php?+)"
66.249.76.98 - - [12/Aug/2016:06:59:54 +0200] "GET /forum/viewtopic.php?t=5170&p=42964 HTTP/1.1" 200 10062 "-" "Mozilla/5.0 (compatible; Googlebot/2.1; +http://www.google.com/bot.html)"
5.9.142.226 - - [12/Aug/2016:06:59:56 +0200] "GET /forum/viewtopic.php?t=2574&p=20279 HTTP/1.0" 200 16830 "-" "Mozilla/5.0 (compatible; MJ12bot/v1.4.5; http://www.majestic12.co.uk/bot.php?+)"
5.9.142.226 - - [12/Aug/2016:07:00:01 +0200] "GET /forum/viewtopic.php?t=2579&p=21752 HTTP/1.0" 200 30296 "-" "Mozilla/5.0 (compatible; MJ12bot/v1.4.5; http://www.majestic12.co.uk/bot.php?+)"
127.0.0.1 - - [12/Aug/2016:07:00:01 +0200] "POST /forum/ucp.php?mode=login HTTP/1.1" 200 18168 "-" "Mozilla/4.0 (compatible; MSIE 6.0; FreeBSD 8.1)"
127.0.0.1 - - [12/Aug/2016:07:00:01 +0200] "POST /forum/feed.php HTTP/1.1" 200 28667 "-" "Mozilla/4.0 (compatible; MSIE 6.0; FreeBSD 8.1)"
5.9.142.226 - - [12/Aug/2016:07:00:06 +0200] "GET /forum/viewtopic.php?t=2579&p=21803 HTTP/1.0" 200 30296 "-" "Mozilla/5.0 (compatible; MJ12bot/v1.4.5; http://www.majestic12.co.uk/bot.php?+)"
5.9.142.226 - - [12/Aug/2016:07:00:10 +0200] "GET /forum/viewtopic.php?t=2588&p=20412 HTTP/1.0" 200 25416 "-" "Mozilla/5.0 (compatible; MJ12bot/v1.4.5; http://www.majestic12.co.uk/bot.php?+)"
5.9.142.226 - - [12/Aug/2016:07:00:15 +0200] "GET /forum/viewtopic.php?t=2588&p=20413 HTTP/1.0" 200 25416 "-" "Mozilla/5.0 (compatible; MJ12bot/v1.4.5; http://www.majestic12.co.uk/bot.php?+)"
5.9.142.226 - - [12/Aug/2016:07:00:21 +0200] "GET /forum/viewtopic.php?t=2588&p=20414 HTTP/1.0" 200 25416 "-" "Mozilla/5.0 (compatible; MJ12bot/v1.4.5; http://www.majestic12.co.uk/bot.php?+)"
66.249.76.100 - - [12/Aug/2016:07:00:25 +0200] "GET /img/htmlphp/kmom04/image00.png HTTP/1.1" 200 337197 "-" "Googlebot-Image/1.0"
51.255.65.72 - - [12/Aug/2016:07:00:47 +0200] "GET /forum/viewtopic.php?f=23&t=682&view=print HTTP/1.1" 200 6995 "-" "Mozilla/5.0 (compatible; AhrefsBot/5.1; +http://ahrefs.com/robot/)"
5.9.142.226 - - [12/Aug/2016:07:00:49 +0200] "GET /forum/viewtopic.php?t=2588&p=20423 HTTP/1.0" 200 25416 "-" "Mozilla/5.0 (compatible; MJ12bot/v1.4.5; http://www.majestic12.co.uk/bot.php?+)"
104.207.144.246 - - [12/Aug/2016:07:00:51 +0200] "GET / HTTP/1.1" 200 9703 "-" "PINGOMETER_BOT_(HTTPS://PINGOMETER.COM)"
207.46.13.30 - - [12/Aug/2016:07:00:51 +0200] "GET /forum/viewtopic.php?t=2911 HTTP/1.1" 200 12139 "-" "Mozilla/5.0 (compatible; bingbot/2.0; +http://www.bing.com/bingbot.htm)"
5.9.142.226 - - [12/Aug/2016:07:00:53 +0200] "GET /forum/viewtopic.php?t=2588&p=20642 HTTP/1.0" 200 25416 "-" "Mozilla/5.0 (compatible; MJ12bot/v1.4.5; http://www.majestic12.co.uk/bot.php?+)"
94.73.159.122 - - [12/Aug/2016:07:00:55 +0200] "GET /forum/feed.php HTTP/1.1" 200 27400 "-" "Mozilla/5.0 (Windows NT 6.1; WOW64; rv:7.0.1) Gecko/20100101 Firefox/7.0.1"
94.73.159.122 - - [12/Aug/2016:07:00:55 +0200] "GET / HTTP/1.1" 200 27416 "-" "Mozilla/5.0 (Windows NT 6.1; WOW64; rv:7.0.1) Gecko/20100101 Firefox/7.0.1"
94.73.159.122 - - [12/Aug/2016:07:00:56 +0200] "GET / HTTP/1.1" 200 24530 "-" "Mozilla/5.0 (Windows NT 6.1; WOW64; rv:7.0.1) Gecko/20100101 Firefox/7.0.1"
94.73.159.122 - - [12/Aug/2016:07:00:56 +0200] "GET / HTTP/1.1" 200 24385 "-" "-"
94.73.159.122 - - [12/Aug/2016:07:00:56 +0200] "GET / HTTP/1.1" 200 24385 "-" "-"
94.73.159.122 - - [12/Aug/2016:07:00:56 +0200] "GET / HTTP/1.1" 200 24385 "-" "-"
94.73.159.122 - - [12/Aug/2016:07:00:56 +0200] "GET / HTTP/1.1" 200 24530 "-" "Mozilla/5.0 (Windows NT 6.1; WOW64; rv:7.0.1) Gecko/20100101 Firefox/7.0.1"
94.73.159.122 - - [12/Aug/2016:07:00:56 +0200] "GET / HTTP/1.1" 200 24401 "-" "Mozilla/5.0 (Windows NT 6.1; WOW64; rv:7.0.1) Gecko/20100101 Firefox/7.0.1"
94.73.159.122 - - [12/Aug/2016:07:00:56 +0200] "GET / HTTP/1.1" 200 24530 "-" "-"
94.73.159.122 - - [12/Aug/2016:07:00:56 +0200] "GET / HTTP/1.1" 200 24385 "-" "-"
94.73.159.122 - - [12/Aug/2016:07:00:57 +0200] "GET / HTTP/1.1" 200 24401 "-" "Mozilla/5.0 (Windows NT 6.1; WOW64; rv:7.0.1) Gecko/20100101 Firefox/7.0.1"
94.73.159.122 - - [12/Aug/2016:07:00:57 +0200] "GET / HTTP/1.1" 200 24530 "-" "-"
94.73.159.122 - - [12/Aug/2016:07:00:57 +0200] "GET / HTTP/1.1" 200 24401 "-" "Mozilla/5.0 (Windows NT 6.1; WOW64; rv:7.0.1) Gecko/20100101 Firefox/7.0.1"
5.9.142.226 - - [12/Aug/2016:07:00:57 +0200] "GET /forum/viewtopic.php?t=2589&p=20419 HTTP/1.0" 200 18990 "-" "Mozilla/5.0 (compatible; MJ12bot/v1.4.5; http://www.majestic12.co.uk/bot.php?+)"
5.9.142.226 - - [12/Aug/2016:07:01:03 +0200] "GET /forum/viewtopic.php?t=2591&p=20426 HTTP/1.0" 200 60886 "-" "Mozilla/5.0 (compatible; MJ12bot/v1.4.5; http://www.majestic12.co.uk/bot.php?+)"
5.9.142.226 - - [12/Aug/2016:07:01:08 +0200] "GET /forum/viewtopic.php?t=2591&p=20453 HTTP/1.0" 200 60886 "-" "Mozilla/5.0 (compatible; MJ12bot/v1.4.5; http://www.majestic12.co.uk/bot.php?+)"
5.9.142.226 - - [12/Aug/2016:07:01:13 +0200] "GET /forum/viewtopic.php?t=2591&p=20466 HTTP/1.0" 200 60886 "-" "Mozilla/5.0 (compatible; MJ12bot/v1.4.5; http://www.majestic12.co.uk/bot.php?+)"
5.9.142.226 - - [12/Aug/2016:07:01:19 +0200] "GET /forum/viewtopic.php?t=2591&p=20486 HTTP/1.0" 200 60886 "-" "Mozilla/5.0 (compatible; MJ12bot/v1.4.5; http://www.majestic12.co.uk/bot.php?+)"
5.9.142.226 - - [12/Aug/2016:07:01:25 +0200] "GET /forum/viewtopic.php?t=2591&p=20500 HTTP/1.0" 200 60886 "-" "Mozilla/5.0 (compatible; MJ12bot/v1.4.5; http://www.majestic12.co.uk/bot.php?+)"
5.9.142.226 - - [12/Aug/2016:07:01:29 +0200] "GET /forum/viewtopic.php?t=2593&p=20462 HTTP/1.0" 200 31565 "-" "Mozilla/5.0 (compatible; MJ12bot/v1.4.5; http://www.majestic12.co.uk/bot.php?+)"
66.249.76.100 - - [12/Aug/2016:07:01:31 +0200] "GET /repo/htmlphp/example/bmo/img/maggy/begravningsbyra_skylt.jpg HTTP/1.1" 200 36861 "-" "Googlebot-Image/1.0"
5.9.142.226 - - [12/Aug/2016:07:01:35 +0200] "GET /forum/viewtopic.php?t=2593&p=25283 HTTP/1.0" 200 31565 "-" "Mozilla/5.0 (compatible; MJ12bot/v1.4.5; http://www.majestic12.co.uk/bot.php?+)"
5.9.142.226 - - [12/Aug/2016:07:01:40 +0200] "GET /forum/viewtopic.php?t=2593&p=25339 HTTP/1.0" 200 31565 "-" "Mozilla/5.0 (compatible; MJ12bot/v1.4.5; http://www.majestic12.co.uk/bot.php?+)"
5.9.142.226 - - [12/Aug/2016:07:01:46 +0200] "GET /forum/viewtopic.php?t=2593&p=25357 HTTP/1.0" 200 31565 "-" "Mozilla/5.0 (compatible; MJ12bot/v1.4.5; http://www.majestic12.co.uk/bot.php?+)"
5.9.142.226 - - [12/Aug/2016:07:01:50 +0200] "GET /forum/viewtopic.php?t=2602&p=20681 HTTP/1.0" 200 24595 "-" "Mozilla/5.0 (compatible; MJ12bot/v1.4.5; http://www.majestic12.co.uk/bot.php?+)"
5.9.142.226 - - [12/Aug/2016:07:01:55 +0200] "GET /forum/viewtopic.php?t=2602&p=20684 HTTP/1.0" 200 24595 "-" "Mozilla/5.0 (compatible; MJ12bot/v1.4.5; http://www.majestic12.co.uk/bot.php?+)"
5.9.142.226 - - [12/Aug/2016:07:02:01 +0200] "GET /forum/viewtopic.php?t=2602&p=20689 HTTP/1.0" 200 24595 "-" "Mozilla/5.0 (compatible; MJ12bot/v1.4.5; http://www.majestic12.co.uk/bot.php?+)"
5.9.142.226 - - [12/Aug/2016:07:02:05 +0200] "GET /forum/viewtopic.php?t=2602&p=20690 HTTP/1.0" 200 24595 "-" "Mozilla/5.0 (compatible; MJ12bot/v1.4.5; http://www.majestic12.co.uk/bot.php?+)"
5.9.142.226 - - [12/Aug/2016:07:02:10 +0200] "GET /forum/viewtopic.php?t=2602&p=20741 HTTP/1.0" 200 24595 "-" "Mozilla/5.0 (compatible; MJ12bot/v1.4.5; http://www.majestic12.co.uk/bot.php?+)"
5.9.142.226 - - [12/Aug/2016:07:02:15 +0200] "GET /forum/viewtopic.php?t=2607&p=20782 HTTP/1.0" 200 23395 "-" "Mozilla/5.0 (compatible; MJ12bot/v1.4.5; http://www.majestic12.co.uk/bot.php?+)"
5.9.142.226 - - [12/Aug/2016:07:02:19 +0200] "GET /forum/viewtopic.php?t=2607&p=20794 HTTP/1.0" 200 23395 "-" "Mozilla/5.0 (compatible; MJ12bot/v1.4.5; http://www.majestic12.co.uk/bot.php?+)"
157.55.39.167 - - [12/Aug/2016:07:02:22 +0200] "GET /blogg/sen-utannonsering-av-fristaende-distankurser-i-webbutveckling-infor-vt14 HTTP/1.1" 200 8677 "-" "Mozilla/5.0 (compatible; bingbot/2.0; +http://www.bing.com/bingbot.htm)"
5.9.142.226 - - [12/Aug/2016:07:02:24 +0200] "GET /forum/viewtopic.php?t=2607&p=20802 HTTP/1.0" 200 23395 "-" "Mozilla/5.0 (compatible; MJ12bot/v1.4.5; http://www.majestic12.co.uk/bot.php?+)"
5.9.142.226 - - [12/Aug/2016:07:02:29 +0200] "GET /forum/viewtopic.php?t=2607&p=20808 HTTP/1.0" 200 23395 "-" "Mozilla/5.0 (compatible; MJ12bot/v1.4.5; http://www.majestic12.co.uk/bot.php?+)"
66.249.76.100 - - [12/Aug/2016:07:02:33 +0200] "GET /kurser/oopython/labbmiljo/git HTTP/1.1" 200 6900 "-" "Mozilla/5.0 (Linux; Android 6.0.1; Nexus 5X Build/MMB29P) AppleWebKit/537.36 (KHTML, like Gecko) Chrome/41.0.2272.96 Mobile Safari/537.36 (compatible; Googlebot/2.1; +http://www.google.com/bot.html)"
5.9.142.226 - - [12/Aug/2016:07:02:33 +0200] "GET /forum/viewtopic.php?t=2612&p=20970 HTTP/1.0" 200 53798 "-" "Mozilla/5.0 (compatible; MJ12bot/v1.4.5; http://www.majestic12.co.uk/bot.php?+)"
5.9.142.226 - - [12/Aug/2016:07:02:38 +0200] "GET /forum/viewtopic.php?t=2612&p=20979 HTTP/1.0" 200 53798 "-" "Mozilla/5.0 (compatible; MJ12bot/v1.4.5; http://www.majestic12.co.uk/bot.php?+)"
5.9.142.226 - - [12/Aug/2016:07:02:42 +0200] "GET /forum/viewtopic.php?t=2612&p=21086 HTTP/1.0" 200 53798 "-" "Mozilla/5.0 (compatible; MJ12bot/v1.4.5; http://www.majestic12.co.uk/bot.php?+)"
5.9.142.226 - - [12/Aug/2016:07:02:47 +0200] "GET /forum/viewtopic.php?t=2612&p=21088 HTTP/1.0" 200 53798 "-" "Mozilla/5.0 (compatible; MJ12bot/v1.4.5; http://www.majestic12.co.uk/bot.php?+)"
5.9.142.226 - - [12/Aug/2016:07:02:52 +0200] "GET /forum/viewtopic.php?t=2612&p=21089 HTTP/1.0" 200 53798 "-" "Mozilla/5.0 (compatible; MJ12bot/v1.4.5; http://www.majestic12.co.uk/bot.php?+)"
5.9.142.226 - - [12/Aug/2016:07:02:56 +0200] "GET /forum/viewtopic.php?t=2612&p=21224 HTTP/1.0" 200 53798 "-" "Mozilla/5.0 (compatible; MJ12bot/v1.4.5; http://www.majestic12.co.uk/bot.php?+)"
5.9.142.226 - - [12/Aug/2016:07:03:00 +0200] "GET /forum/viewtopic.php?t=2612&p=21227 HTTP/1.0" 200 53798 "-" "Mozilla/5.0 (compatible; MJ12bot/v1.4.5; http://www.majestic12.co.uk/bot.php?+)"
5.9.142.226 - - [12/Aug/2016:07:03:05 +0200] "GET /forum/viewtopic.php?t=2612&p=21228 HTTP/1.0" 200 53798 "-" "Mozilla/5.0 (compatible; MJ12bot/v1.4.5; http://www.majestic12.co.uk/bot.php?+)"
5.9.142.226 - - [12/Aug/2016:07:03:11 +0200] "GET /forum/viewtopic.php?t=2612&p=21231 HTTP/1.0" 200 56294 "-" "Mozilla/5.0 (compatible; MJ12bot/v1.4.5; http://www.majestic12.co.uk/bot.php?+)"
5.9.142.226 - - [12/Aug/2016:07:03:16 +0200] "GET /forum/viewtopic.php?t=2612&p=21232 HTTP/1.0" 200 56294 "-" "Mozilla/5.0 (compatible; MJ12bot/v1.4.5; http://www.majestic12.co.uk/bot.php?+)"
5.9.142.226 - - [12/Aug/2016:07:03:21 +0200] "GET /forum/viewtopic.php?t=2612&p=21233 HTTP/1.0" 200 56294 "-" "Mozilla/5.0 (compatible; MJ12bot/v1.4.5; http://www.majestic12.co.uk/bot.php?+)"
5.9.142.226 - - [12/Aug/2016:07:03:26 +0200] "GET /forum/viewtopic.php?t=2612&p=21235 HTTP/1.0" 200 56294 "-" "Mozilla/5.0 (compatible; MJ12bot/v1.4.5; http://www.majestic12.co.uk/bot.php?+)"
5.9.142.226 - - [12/Aug/2016:07:03:30 +0200] "GET /forum/viewtopic.php?t=2612&p=21237 HTTP/1.0" 200 56294 "-" "Mozilla/5.0 (compatible; MJ12bot/v1.4.5; http://www.majestic12.co.uk/bot.php?+)"
5.9.142.226 - - [12/Aug/2016:07:03:35 +0200] "GET /forum/viewtopic.php?t=2612&p=21244 HTTP/1.0" 200 56294 "-" "Mozilla/5.0 (compatible; MJ12bot/v1.4.5; http://www.majestic12.co.uk/bot.php?+)"
5.9.142.226 - - [12/Aug/2016:07:03:40 +0200] "GET /forum/viewtopic.php?t=2612&p=21253 HTTP/1.0" 200 56294 "-" "Mozilla/5.0 (compatible; MJ12bot/v1.4.5; http://www.majestic12.co.uk/bot.php?+)"
5.9.142.226 - - [12/Aug/2016:07:03:45 +0200] "GET /forum/viewtopic.php?t=2625 HTTP/1.0" 200 29704 "-" "Mozilla/5.0 (compatible; MJ12bot/v1.4.5; http://www.majestic12.co.uk/bot.php?+)"
157.55.39.167 - - [12/Aug/2016:07:03:49 +0200] "GET /kod-exempel/gor-din-egen-img-php/img_test.php HTTP/1.1" 301 4331 "-" "Mozilla/5.0 (compatible; bingbot/2.0; +http://www.bing.com/bingbot.htm)"
5.9.142.226 - - [12/Aug/2016:07:03:50 +0200] "GET /forum/viewtopic.php?t=2625&p=21146 HTTP/1.0" 200 29704 "-" "Mozilla/5.0 (compatible; MJ12bot/v1.4.5; http://www.majestic12.co.uk/bot.php?+)"
5.9.142.226 - - [12/Aug/2016:07:03:54 +0200] "GET /forum/viewtopic.php?t=2625&p=21147 HTTP/1.0" 200 29704 "-" "Mozilla/5.0 (compatible; MJ12bot/v1.4.5; http://www.majestic12.co.uk/bot.php?+)"
5.9.142.226 - - [12/Aug/2016:07:03:59 +0200] "GET /forum/viewtopic.php?t=2625&p=21152 HTTP/1.0" 200 29704 "-" "Mozilla/5.0 (compatible; MJ12bot/v1.4.5; http://www.majestic12.co.uk/bot.php?+)"
5.9.142.226 - - [12/Aug/2016:07:04:05 +0200] "GET /forum/viewtopic.php?t=2625&p=21161 HTTP/1.0" 200 29704 "-" "Mozilla/5.0 (compatible; MJ12bot/v1.4.5; http://www.majestic12.co.uk/bot.php?+)"
151.80.31.175 - - [12/Aug/2016:07:04:05 +0200] "GET /forum/viewtopic.php?f=44&t=2876&view=print HTTP/1.1" 200 8133 "-" "Mozilla/5.0 (compatible; AhrefsBot/5.1; +http://ahrefs.com/robot/)"
5.9.142.226 - - [12/Aug/2016:07:04:09 +0200] "GET /forum/viewtopic.php?t=2625&p=21173 HTTP/1.0" 200 29704 "-" "Mozilla/5.0 (compatible; MJ12bot/v1.4.5; http://www.majestic12.co.uk/bot.php?+)"
5.9.142.226 - - [12/Aug/2016:07:04:14 +0200] "GET /forum/viewtopic.php?t=2625&p=29053 HTTP/1.0" 200 29704 "-" "Mozilla/5.0 (compatible; MJ12bot/v1.4.5; http://www.majestic12.co.uk/bot.php?+)"
5.9.142.226 - - [12/Aug/2016:07:04:22 +0200] "GET /forum/viewtopic.php?t=2629&p=21212 HTTP/1.0" 200 24979 "-" "Mozilla/5.0 (compatible; MJ12bot/v1.4.5; http://www.majestic12.co.uk/bot.php?+)"
5.9.142.226 - - [12/Aug/2016:07:04:27 +0200] "GET /forum/viewtopic.php?t=2629&p=29422 HTTP/1.0" 200 24979 "-" "Mozilla/5.0 (compatible; MJ12bot/v1.4.5; http://www.majestic12.co.uk/bot.php?+)"
5.9.142.226 - - [12/Aug/2016:07:04:31 +0200] "GET /forum/viewtopic.php?t=263 HTTP/1.0" 200 53895 "-" "Mozilla/5.0 (compatible; MJ12bot/v1.4.5; http://www.majestic12.co.uk/bot.php?+)"
5.9.142.226 - - [12/Aug/2016:07:04:38 +0200] "GET /forum/viewtopic.php?t=2635&p=21308 HTTP/1.0" 200 73770 "-" "Mozilla/5.0 (compatible; MJ12bot/v1.4.5; http://www.majestic12.co.uk/bot.php?+)"
5.9.142.226 - - [12/Aug/2016:07:04:42 +0200] "GET /forum/viewtopic.php?t=2635&p=21329 HTTP/1.0" 200 71274 "-" "Mozilla/5.0 (compatible; MJ12bot/v1.4.5; http://www.majestic12.co.uk/bot.php?+)"
5.9.142.226 - - [12/Aug/2016:07:04:46 +0200] "GET /forum/viewtopic.php?t=2635&p=22030 HTTP/1.0" 200 71274 "-" "Mozilla/5.0 (compatible; MJ12bot/v1.4.5; http://www.majestic12.co.uk/bot.php?+)"
5.9.142.226 - - [12/Aug/2016:07:04:51 +0200] "GET /forum/viewtopic.php?t=2635&p=22422 HTTP/1.0" 200 71274 "-" "Mozilla/5.0 (compatible; MJ12bot/v1.4.5; http://www.majestic12.co.uk/bot.php?+)"
5.9.142.226 - - [12/Aug/2016:07:04:56 +0200] "GET /forum/viewtopic.php?t=2635&p=22441 HTTP/1.0" 200 71274 "-" "Mozilla/5.0 (compatible; MJ12bot/v1.4.5; http://www.majestic12.co.uk/bot.php?+)"
5.9.142.226 - - [12/Aug/2016:07:05:01 +0200] "GET /forum/viewtopic.php?t=2635&p=22474 HTTP/1.0" 200 71274 "-" "Mozilla/5.0 (compatible; MJ12bot/v1.4.5; http://www.majestic12.co.uk/bot.php?+)"
5.9.142.226 - - [12/Aug/2016:07:05:06 +0200] "GET /forum/viewtopic.php?t=2635&p=22515 HTTP/1.0" 200 71274 "-" "Mozilla/5.0 (compatible; MJ12bot/v1.4.5; http://www.majestic12.co.uk/bot.php?+)"
5.9.142.226 - - [12/Aug/2016:07:05:11 +0200] "GET /forum/viewtopic.php?t=2635&p=22545 HTTP/1.0" 200 71274 "-" "Mozilla/5.0 (compatible; MJ12bot/v1.4.5; http://www.majestic12.co.uk/bot.php?+)"
5.9.142.226 - - [12/Aug/2016:07:05:16 +0200] "GET /forum/viewtopic.php?t=2657&p=21553 HTTP/1.0" 200 22179 "-" "Mozilla/5.0 (compatible; MJ12bot/v1.4.5; http://www.majestic12.co.uk/bot.php?+)"
5.9.142.226 - - [12/Aug/2016:07:05:21 +0200] "GET /forum/viewtopic.php?t=2657&p=21592 HTTP/1.0" 200 22179 "-" "Mozilla/5.0 (compatible; MJ12bot/v1.4.5; http://www.majestic12.co.uk/bot.php?+)"
5.9.142.226 - - [12/Aug/2016:07:05:25 +0200] "GET /forum/viewtopic.php?t=266 HTTP/1.0" 200 63014 "-" "Mozilla/5.0 (compatible; MJ12bot/v1.4.5; http://www.majestic12.co.uk/bot.php?+)"
5.9.142.226 - - [12/Aug/2016:07:05:31 +0200] "GET /forum/viewtopic.php?t=2669&p=21893 HTTP/1.0" 200 22131 "-" "Mozilla/5.0 (compatible; MJ12bot/v1.4.5; http://www.majestic12.co.uk/bot.php?+)"
5.9.142.226 - - [12/Aug/2016:07:05:37 +0200] "GET /forum/viewtopic.php?t=2669&p=21895 HTTP/1.0" 200 22131 "-" "Mozilla/5.0 (compatible; MJ12bot/v1.4.5; http://www.majestic12.co.uk/bot.php?+)"
5.9.142.226 - - [12/Aug/2016:07:05:41 +0200] "GET /forum/viewtopic.php?t=2676&p=21682 HTTP/1.0" 200 24611 "-" "Mozilla/5.0 (compatible; MJ12bot/v1.4.5; http://www.majestic12.co.uk/bot.php?+)"
5.9.142.226 - - [12/Aug/2016:07:05:46 +0200] "GET /forum/viewtopic.php?t=2676&p=21770 HTTP/1.0" 200 24611 "-" "Mozilla/5.0 (compatible; MJ12bot/v1.4.5; http://www.majestic12.co.uk/bot.php?+)"
5.9.142.226 - - [12/Aug/2016:07:05:51 +0200] "GET /forum/viewtopic.php?t=2676&p=21771 HTTP/1.0" 200 24611 "-" "Mozilla/5.0 (compatible; MJ12bot/v1.4.5; http://www.majestic12.co.uk/bot.php?+)"
5.9.142.226 - - [12/Aug/2016:07:05:55 +0200] "GET /forum/viewtopic.php?t=2685&p=23554 HTTP/1.0" 302 431 "-" "Mozilla/5.0 (compatible; MJ12bot/v1.4.5; http://www.majestic12.co.uk/bot.php?+)"
5.9.142.226 - - [12/Aug/2016:07:05:58 +0200] "GET /forum/viewtopic.php?t=2685 HTTP/1.0" 200 18228 "-" "Mozilla/5.0 (compatible; MJ12bot/v1.4.5; http://www.majestic12.co.uk/bot.php?+)"
5.9.142.226 - - [12/Aug/2016:07:06:03 +0200] "GET /forum/viewtopic.php?t=2704&p=21938 HTTP/1.0" 200 25224 "-" "Mozilla/5.0 (compatible; MJ12bot/v1.4.5; http://www.majestic12.co.uk/bot.php?+)"
5.9.142.226 - - [12/Aug/2016:07:06:07 +0200] "GET /forum/viewtopic.php?t=2704&p=21975 HTTP/1.0" 200 25224 "-" "Mozilla/5.0 (compatible; MJ12bot/v1.4.5; http://www.majestic12.co.uk/bot.php?+)"
5.9.142.226 - - [12/Aug/2016:07:06:12 +0200] "GET /forum/viewtopic.php?t=2704&p=22050 HTTP/1.0" 200 25224 "-" "Mozilla/5.0 (compatible; MJ12bot/v1.4.5; http://www.majestic12.co.uk/bot.php?+)"
5.9.142.226 - - [12/Aug/2016:07:06:21 +0200] "GET /forum/viewtopic.php?t=2704&p=22162 HTTP/1.0" 200 25224 "-" "Mozilla/5.0 (compatible; MJ12bot/v1.4.5; http://www.majestic12.co.uk/bot.php?+)"
5.9.142.226 - - [12/Aug/2016:07:06:26 +0200] "GET /forum/viewtopic.php?t=2704&p=22209 HTTP/1.0" 200 25224 "-" "Mozilla/5.0 (compatible; MJ12bot/v1.4.5; http://www.majestic12.co.uk/bot.php?+)"
5.9.142.226 - - [12/Aug/2016:07:06:31 +0200] "GET /forum/viewtopic.php?t=2705 HTTP/1.0" 200 65733 "-" "Mozilla/5.0 (compatible; MJ12bot/v1.4.5; http://www.majestic12.co.uk/bot.php?+)"
66.249.76.100 - - [12/Aug/2016:07:06:33 +0200] "GET /coachen/styla-din-sida-med-css-och-en-extern-stylesheet HTTP/1.1" 200 8420 "-" "Mozilla/5.0 (compatible; Googlebot/2.1; +http://www.google.com/bot.html)"
5.9.142.226 - - [12/Aug/2016:07:06:35 +0200] "GET /forum/viewtopic.php?t=2705&p=22221 HTTP/1.0" 200 65733 "-" "Mozilla/5.0 (compatible; MJ12bot/v1.4.5; http://www.majestic12.co.uk/bot.php?+)"
5.9.142.226 - - [12/Aug/2016:07:06:40 +0200] "GET /forum/viewtopic.php?t=2725 HTTP/1.0" 200 44748 "-" "Mozilla/5.0 (compatible; MJ12bot/v1.4.5; http://www.majestic12.co.uk/bot.php?+)"
5.9.142.226 - - [12/Aug/2016:07:06:44 +0200] "GET /forum/viewtopic.php?t=2733&p=22246 HTTP/1.0" 200 32680 "-" "Mozilla/5.0 (compatible; MJ12bot/v1.4.5; http://www.majestic12.co.uk/bot.php?+)"
5.9.142.226 - - [12/Aug/2016:07:06:50 +0200] "GET /forum/viewtopic.php?t=2733&p=22252 HTTP/1.0" 200 32680 "-" "Mozilla/5.0 (compatible; MJ12bot/v1.4.5; http://www.majestic12.co.uk/bot.php?+)"
5.9.142.226 - - [12/Aug/2016:07:06:54 +0200] "GET /forum/viewtopic.php?t=2733&p=22253 HTTP/1.0" 200 32680 "-" "Mozilla/5.0 (compatible; MJ12bot/v1.4.5; http://www.majestic12.co.uk/bot.php?+)"
5.9.142.226 - - [12/Aug/2016:07:07:06 +0200] "GET /forum/viewtopic.php?t=2733&p=22254 HTTP/1.0" 200 32680 "-" "Mozilla/5.0 (compatible; MJ12bot/v1.4.5; http://www.majestic12.co.uk/bot.php?+)"
66.249.76.102 - - [12/Aug/2016:07:07:09 +0200] "GET /repo/htmlphp/example/login/ HTTP/1.1" 200 4084 "-" "Mozilla/5.0 (Linux; Android 6.0.1; Nexus 5X Build/MMB29P) AppleWebKit/537.36 (KHTML, like Gecko) Chrome/41.0.2272.96 Mobile Safari/537.36 (compatible; Googlebot/2.1; +http://www.google.com/bot.html)"
5.9.142.226 - - [12/Aug/2016:07:07:11 +0200] "GET /forum/viewtopic.php?t=2733&p=22257 HTTP/1.0" 200 32680 "-" "Mozilla/5.0 (compatible; MJ12bot/v1.4.5; http://www.majestic12.co.uk/bot.php?+)"
5.9.142.226 - - [12/Aug/2016:07:07:15 +0200] "GET /forum/viewtopic.php?t=2733&p=25176 HTTP/1.0" 200 32680 "-" "Mozilla/5.0 (compatible; MJ12bot/v1.4.5; http://www.majestic12.co.uk/bot.php?+)"
5.9.142.226 - - [12/Aug/2016:07:07:20 +0200] "GET /forum/viewtopic.php?t=274&p=3162 HTTP/1.0" 200 22563 "-" "Mozilla/5.0 (compatible; MJ12bot/v1.4.5; http://www.majestic12.co.uk/bot.php?+)"
5.9.142.226 - - [12/Aug/2016:07:07:25 +0200] "GET /forum/viewtopic.php?t=2744&p=22348 HTTP/1.0" 200 27512 "-" "Mozilla/5.0 (compatible; MJ12bot/v1.4.5; http://www.majestic12.co.uk/bot.php?+)"
5.9.142.226 - - [12/Aug/2016:07:07:29 +0200] "GET /forum/viewtopic.php?t=2744&p=22397 HTTP/1.0" 200 27512 "-" "Mozilla/5.0 (compatible; MJ12bot/v1.4.5; http://www.majestic12.co.uk/bot.php?+)"
5.9.142.226 - - [12/Aug/2016:07:07:35 +0200] "GET /forum/viewtopic.php?t=2744&p=22423 HTTP/1.0" 200 27512 "-" "Mozilla/5.0 (compatible; MJ12bot/v1.4.5; http://www.majestic12.co.uk/bot.php?+)"
5.9.142.226 - - [12/Aug/2016:07:07:40 +0200] "GET /forum/viewtopic.php?t=2744&p=22461 HTTP/1.0" 200 27512 "-" "Mozilla/5.0 (compatible; MJ12bot/v1.4.5; http://www.majestic12.co.uk/bot.php?+)"
5.9.142.226 - - [12/Aug/2016:07:07:45 +0200] "GET /forum/viewtopic.php?t=2744&p=23605 HTTP/1.0" 200 27512 "-" "Mozilla/5.0 (compatible; MJ12bot/v1.4.5; http://www.majestic12.co.uk/bot.php?+)"
5.9.142.226 - - [12/Aug/2016:07:07:49 +0200] "GET /forum/viewtopic.php?t=2748&p=22383 HTTP/1.0" 200 25256 "-" "Mozilla/5.0 (compatible; MJ12bot/v1.4.5; http://www.majestic12.co.uk/bot.php?+)"
5.9.142.226 - - [12/Aug/2016:07:07:54 +0200] "GET /forum/viewtopic.php?t=2748&p=22390 HTTP/1.0" 200 25256 "-" "Mozilla/5.0 (compatible; MJ12bot/v1.4.5; http://www.majestic12.co.uk/bot.php?+)"
5.9.142.226 - - [12/Aug/2016:07:07:58 +0200] "GET /forum/viewtopic.php?t=2748&p=22440 HTTP/1.0" 200 25256 "-" "Mozilla/5.0 (compatible; MJ12bot/v1.4.5; http://www.majestic12.co.uk/bot.php?+)"
164.132.161.44 - - [12/Aug/2016:07:08:01 +0200] "GET /forum/viewtopic.php?t=4861&p=40315 HTTP/1.1" 200 8969 "-" "Mozilla/5.0 (compatible; AhrefsBot/5.1; +http://ahrefs.com/robot/)"
5.9.142.226 - - [12/Aug/2016:07:08:05 +0200] "GET /forum/viewtopic.php?t=2748&p=22737 HTTP/1.0" 200 25256 "-" "Mozilla/5.0 (compatible; MJ12bot/v1.4.5; http://www.majestic12.co.uk/bot.php?+)"
5.9.142.226 - - [12/Aug/2016:07:08:17 +0200] "GET /forum/viewtopic.php?t=2748&p=22755 HTTP/1.0" 200 25256 "-" "Mozilla/5.0 (compatible; MJ12bot/v1.4.5; http://www.majestic12.co.uk/bot.php?+)"
5.9.142.226 - - [12/Aug/2016:07:08:22 +0200] "GET /forum/viewtopic.php?t=275&p=1424 HTTP/1.0" 200 39341 "-" "Mozilla/5.0 (compatible; MJ12bot/v1.4.5; http://www.majestic12.co.uk/bot.php?+)"
5.9.142.226 - - [12/Aug/2016:07:08:27 +0200] "GET /forum/viewtopic.php?t=275&p=4341 HTTP/1.0" 200 39341 "-" "Mozilla/5.0 (compatible; MJ12bot/v1.4.5; http://www.majestic12.co.uk/bot.php?+)"
5.9.142.226 - - [12/Aug/2016:07:08:32 +0200] "GET /forum/viewtopic.php?t=275&p=4344 HTTP/1.0" 200 39341 "-" "Mozilla/5.0 (compatible; MJ12bot/v1.4.5; http://www.majestic12.co.uk/bot.php?+)"
5.9.142.226 - - [12/Aug/2016:07:08:37 +0200] "GET /forum/viewtopic.php?t=275&p=4345 HTTP/1.0" 200 39341 "-" "Mozilla/5.0 (compatible; MJ12bot/v1.4.5; http://www.majestic12.co.uk/bot.php?+)"
5.9.142.226 - - [12/Aug/2016:07:08:41 +0200] "GET /forum/viewtopic.php?t=275&p=4534 HTTP/1.0" 200 39341 "-" "Mozilla/5.0 (compatible; MJ12bot/v1.4.5; http://www.majestic12.co.uk/bot.php?+)"
5.9.142.226 - - [12/Aug/2016:07:08:46 +0200] "GET /forum/viewtopic.php?t=2764&p=22539 HTTP/1.0" 200 19694 "-" "Mozilla/5.0 (compatible; MJ12bot/v1.4.5; http://www.majestic12.co.uk/bot.php?+)"
5.9.142.226 - - [12/Aug/2016:07:08:51 +0200] "GET /forum/viewtopic.php?t=2764&p=22547 HTTP/1.0" 200 19694 "-" "Mozilla/5.0 (compatible; MJ12bot/v1.4.5; http://www.majestic12.co.uk/bot.php?+)"
5.9.142.226 - - [12/Aug/2016:07:08:55 +0200] "GET /forum/viewtopic.php?t=278 HTTP/1.0" 200 87589 "-" "Mozilla/5.0 (compatible; MJ12bot/v1.4.5; http://www.majestic12.co.uk/bot.php?+)"
207.46.13.30 - - [12/Aug/2016:07:08:59 +0200] "GET /forum/viewtopic.php?p=10079 HTTP/1.1" 200 9256 "-" "Mozilla/5.0 (compatible; bingbot/2.0; +http://www.bing.com/bingbot.htm)"
5.9.142.226 - - [12/Aug/2016:07:08:59 +0200] "GET /forum/viewtopic.php?t=28&p=54 HTTP/1.0" 200 18462 "-" "Mozilla/5.0 (compatible; MJ12bot/v1.4.5; http://www.majestic12.co.uk/bot.php?+)"
5.9.142.226 - - [12/Aug/2016:07:09:05 +0200] "GET /forum/viewtopic.php?t=28&p=56 HTTP/1.0" 200 18462 "-" "Mozilla/5.0 (compatible; MJ12bot/v1.4.5; http://www.majestic12.co.uk/bot.php?+)"
5.9.142.226 - - [12/Aug/2016:07:09:31 +0200] "GET /forum/viewtopic.php?t=2804&p=22874 HTTP/1.0" 200 32685 "-" "Mozilla/5.0 (compatible; MJ12bot/v1.4.5; http://www.majestic12.co.uk/bot.php?+)"
5.9.142.226 - - [12/Aug/2016:07:09:36 +0200] "GET /forum/viewtopic.php?t=2804&p=22880 HTTP/1.0" 200 32685 "-" "Mozilla/5.0 (compatible; MJ12bot/v1.4.5; http://www.majestic12.co.uk/bot.php?+)"
5.9.142.226 - - [12/Aug/2016:07:09:40 +0200] "GET /forum/viewtopic.php?t=2804&p=22890 HTTP/1.0" 200 35181 "-" "Mozilla/5.0 (compatible; MJ12bot/v1.4.5; http://www.majestic12.co.uk/bot.php?+)"
5.9.142.226 - - [12/Aug/2016:07:09:45 +0200] "GET /forum/viewtopic.php?t=2804&p=22921 HTTP/1.0" 200 35181 "-" "Mozilla/5.0 (compatible; MJ12bot/v1.4.5; http://www.majestic12.co.uk/bot.php?+)"
5.9.142.226 - - [12/Aug/2016:07:09:49 +0200] "GET /forum/viewtopic.php?t=2804&p=22928 HTTP/1.0" 200 35181 "-" "Mozilla/5.0 (compatible; MJ12bot/v1.4.5; http://www.majestic12.co.uk/bot.php?+)"
5.9.142.226 - - [12/Aug/2016:07:09:55 +0200] "GET /forum/viewtopic.php?t=2811&p=22949 HTTP/1.0" 200 31480 "-" "Mozilla/5.0 (compatible; MJ12bot/v1.4.5; http://www.majestic12.co.uk/bot.php?+)"
5.9.142.226 - - [12/Aug/2016:07:09:59 +0200] "GET /forum/viewtopic.php?t=2811&p=22964 HTTP/1.0" 200 31480 "-" "Mozilla/5.0 (compatible; MJ12bot/v1.4.5; http://www.majestic12.co.uk/bot.php?+)"
5.9.142.226 - - [12/Aug/2016:07:10:04 +0200] "GET /forum/viewtopic.php?t=2811&p=22968 HTTP/1.0" 200 31480 "-" "Mozilla/5.0 (compatible; MJ12bot/v1.4.5; http://www.majestic12.co.uk/bot.php?+)"
5.9.142.226 - - [12/Aug/2016:07:10:10 +0200] "GET /forum/viewtopic.php?t=2823&p=23057 HTTP/1.0" 200 27560 "-" "Mozilla/5.0 (compatible; MJ12bot/v1.4.5; http://www.majestic12.co.uk/bot.php?+)"
5.9.142.226 - - [12/Aug/2016:07:10:16 +0200] "GET /forum/viewtopic.php?t=2823&p=23148 HTTP/1.0" 200 27560 "-" "Mozilla/5.0 (compatible; MJ12bot/v1.4.5; http://www.majestic12.co.uk/bot.php?+)"
139.255.64.99 - - [12/Aug/2016:07:10:19 +0200] "GET /kod-exempel/dynamic_php_menu HTTP/1.1" 301 3857 "https://www.google.com" "Mozilla/5.0 (Windows NT 10.0; WOW64; rv:46.0) Gecko/20100101 Firefox/46.0"
5.9.142.226 - - [12/Aug/2016:07:10:21 +0200] "GET /forum/viewtopic.php?t=2823&p=23166 HTTP/1.0" 200 25064 "-" "Mozilla/5.0 (compatible; MJ12bot/v1.4.5; http://www.majestic12.co.uk/bot.php?+)"
5.9.142.226 - - [12/Aug/2016:07:10:27 +0200] "GET /forum/viewtopic.php?t=2823&p=23168 HTTP/1.0" 200 25064 "-" "Mozilla/5.0 (compatible; MJ12bot/v1.4.5; http://www.majestic12.co.uk/bot.php?+)"
5.9.142.226 - - [12/Aug/2016:07:10:32 +0200] "GET /forum/viewtopic.php?t=2823&p=23169 HTTP/1.0" 200 25064 "-" "Mozilla/5.0 (compatible; MJ12bot/v1.4.5; http://www.majestic12.co.uk/bot.php?+)"
5.9.142.226 - - [12/Aug/2016:07:10:36 +0200] "GET /forum/viewtopic.php?t=2829&p=23173 HTTP/1.0" 200 24947 "-" "Mozilla/5.0 (compatible; MJ12bot/v1.4.5; http://www.majestic12.co.uk/bot.php?+)"
5.9.142.226 - - [12/Aug/2016:07:10:42 +0200] "GET /forum/viewtopic.php?t=2829&p=23677 HTTP/1.0" 200 24947 "-" "Mozilla/5.0 (compatible; MJ12bot/v1.4.5; http://www.majestic12.co.uk/bot.php?+)"
164.132.161.35 - - [12/Aug/2016:07:10:42 +0200] "GET /kod-exempel/skapa-ett-galleri-av-dina-bilder-med-php/gallery2.php?path=php-20 HTTP/1.1" 301 3709 "-" "Mozilla/5.0 (compatible; AhrefsBot/5.1; +http://ahrefs.com/robot/)"
5.9.142.226 - - [12/Aug/2016:07:10:46 +0200] "GET /forum/viewtopic.php?t=2837&p=23236 HTTP/1.0" 200 22403 "-" "Mozilla/5.0 (compatible; MJ12bot/v1.4.5; http://www.majestic12.co.uk/bot.php?+)"
5.9.142.226 - - [12/Aug/2016:07:10:52 +0200] "GET /forum/viewtopic.php?t=2837&p=23263 HTTP/1.0" 200 22403 "-" "Mozilla/5.0 (compatible; MJ12bot/v1.4.5; http://www.majestic12.co.uk/bot.php?+)"
5.9.142.226 - - [12/Aug/2016:07:10:57 +0200] "GET /forum/viewtopic.php?t=2837&p=23270 HTTP/1.0" 200 22403 "-" "Mozilla/5.0 (compatible; MJ12bot/v1.4.5; http://www.majestic12.co.uk/bot.php?+)"
40.77.167.63 - - [12/Aug/2016:07:10:59 +0200] "GET /forum/viewtopic.php?p=17538 HTTP/1.1" 200 14028 "-" "Mozilla/5.0 (compatible; bingbot/2.0; +http://www.bing.com/bingbot.htm)"
5.9.142.226 - - [12/Aug/2016:07:11:02 +0200] "GET /forum/viewtopic.php?t=285 HTTP/1.0" 200 27390 "-" "Mozilla/5.0 (compatible; MJ12bot/v1.4.5; http://www.majestic12.co.uk/bot.php?+)"
5.9.142.226 - - [12/Aug/2016:07:11:07 +0200] "GET /forum/viewtopic.php?t=2857&p=23394 HTTP/1.0" 200 24136 "-" "Mozilla/5.0 (compatible; MJ12bot/v1.4.5; http://www.majestic12.co.uk/bot.php?+)"
5.9.142.226 - - [12/Aug/2016:07:11:14 +0200] "GET /forum/viewtopic.php?t=2857&p=23396 HTTP/1.0" 200 24136 "-" "Mozilla/5.0 (compatible; MJ12bot/v1.4.5; http://www.majestic12.co.uk/bot.php?+)"
5.9.142.226 - - [12/Aug/2016:07:11:18 +0200] "GET /forum/viewtopic.php?t=2857&p=23402 HTTP/1.0" 200 24136 "-" "Mozilla/5.0 (compatible; MJ12bot/v1.4.5; http://www.majestic12.co.uk/bot.php?+)"
5.9.142.226 - - [12/Aug/2016:07:11:23 +0200] "GET /forum/viewtopic.php?t=2857&p=27135 HTTP/1.0" 200 24136 "-" "Mozilla/5.0 (compatible; MJ12bot/v1.4.5; http://www.majestic12.co.uk/bot.php?+)"
5.9.142.226 - - [12/Aug/2016:07:11:27 +0200] "GET /forum/viewtopic.php?t=2857&p=28271 HTTP/1.0" 200 24136 "-" "Mozilla/5.0 (compatible; MJ12bot/v1.4.5; http://www.majestic12.co.uk/bot.php?+)"
157.55.39.167 - - [12/Aug/2016:07:11:31 +0200] "GET /kod-exempel/codeigniter/index.php/helloworld2 HTTP/1.1" 301 4331 "-" "Mozilla/5.0 (compatible; bingbot/2.0; +http://www.bing.com/bingbot.htm)"
5.9.142.226 - - [12/Aug/2016:07:11:33 +0200] "GET /forum/viewtopic.php?t=286 HTTP/1.0" 200 25902 "-" "Mozilla/5.0 (compatible; MJ12bot/v1.4.5; http://www.majestic12.co.uk/bot.php?+)"
5.9.142.226 - - [12/Aug/2016:07:11:38 +0200] "GET /forum/viewtopic.php?t=286&p=1466 HTTP/1.0" 200 25902 "-" "Mozilla/5.0 (compatible; MJ12bot/v1.4.5; http://www.majestic12.co.uk/bot.php?+)"
5.9.142.226 - - [12/Aug/2016:07:11:42 +0200] "GET /forum/viewtopic.php?t=286&p=18669 HTTP/1.0" 200 25902 "-" "Mozilla/5.0 (compatible; MJ12bot/v1.4.5; http://www.majestic12.co.uk/bot.php?+)"
5.9.142.226 - - [12/Aug/2016:07:11:47 +0200] "GET /forum/viewtopic.php?t=286&p=18713 HTTP/1.0" 200 25902 "-" "Mozilla/5.0 (compatible; MJ12bot/v1.4.5; http://www.majestic12.co.uk/bot.php?+)"
5.9.142.226 - - [12/Aug/2016:07:11:51 +0200] "GET /forum/viewtopic.php?t=2861&p=23415 HTTP/1.0" 200 44476 "-" "Mozilla/5.0 (compatible; MJ12bot/v1.4.5; http://www.majestic12.co.uk/bot.php?+)"
5.9.142.226 - - [12/Aug/2016:07:11:56 +0200] "GET /forum/viewtopic.php?t=2861&p=23417 HTTP/1.0" 200 44476 "-" "Mozilla/5.0 (compatible; MJ12bot/v1.4.5; http://www.majestic12.co.uk/bot.php?+)"
66.249.76.100 - - [12/Aug/2016:07:11:58 +0200] "GET /kurser/linux/labbmiljo/webblasare HTTP/1.1" 200 6876 "-" "Mozilla/5.0 (Linux; Android 6.0.1; Nexus 5X Build/MMB29P) AppleWebKit/537.36 (KHTML, like Gecko) Chrome/41.0.2272.96 Mobile Safari/537.36 (compatible; Googlebot/2.1; +http://www.google.com/bot.html)"
5.9.142.226 - - [12/Aug/2016:07:12:01 +0200] "GET /forum/viewtopic.php?t=2861&p=23428 HTTP/1.0" 200 44476 "-" "Mozilla/5.0 (compatible; MJ12bot/v1.4.5; http://www.majestic12.co.uk/bot.php?+)"
5.9.142.226 - - [12/Aug/2016:07:12:12 +0200] "GET /forum/viewtopic.php?t=2861&p=23429 HTTP/1.0" 200 44476 "-" "Mozilla/5.0 (compatible; MJ12bot/v1.4.5; http://www.majestic12.co.uk/bot.php?+)"
5.9.142.226 - - [12/Aug/2016:07:12:17 +0200] "GET /forum/viewtopic.php?t=2861&p=23430 HTTP/1.0" 200 44476 "-" "Mozilla/5.0 (compatible; MJ12bot/v1.4.5; http://www.majestic12.co.uk/bot.php?+)"
5.9.142.226 - - [12/Aug/2016:07:12:25 +0200] "GET /forum/viewtopic.php?t=2861&p=23437 HTTP/1.0" 200 44476 "-" "Mozilla/5.0 (compatible; MJ12bot/v1.4.5; http://www.majestic12.co.uk/bot.php?+)"
68.180.231.47 - - [12/Aug/2016:07:12:29 +0200] "GET /kod-exempel/guiden-php-20/predefined/cookie.php?set HTTP/1.1" 301 3852 "-" "Mozilla/5.0 (compatible; Yahoo! Slurp; http://help.yahoo.com/help/us/ysearch/slurp)"
5.9.142.226 - - [12/Aug/2016:07:12:30 +0200] "GET /forum/viewtopic.php?t=2861&p=23450 HTTP/1.0" 200 44476 "-" "Mozilla/5.0 (compatible; MJ12bot/v1.4.5; http://www.majestic12.co.uk/bot.php?+)"
5.9.142.226 - - [12/Aug/2016:07:12:35 +0200] "GET /forum/viewtopic.php?t=2864&p=23431 HTTP/1.0" 200 27912 "-" "Mozilla/5.0 (compatible; MJ12bot/v1.4.5; http://www.majestic12.co.uk/bot.php?+)"
5.9.142.226 - - [12/Aug/2016:07:12:40 +0200] "GET /forum/viewtopic.php?t=2864&p=23436 HTTP/1.0" 200 27912 "-" "Mozilla/5.0 (compatible; MJ12bot/v1.4.5; http://www.majestic12.co.uk/bot.php?+)"
5.9.142.226 - - [12/Aug/2016:07:12:44 +0200] "GET /forum/viewtopic.php?t=287 HTTP/1.0" 200 22926 "-" "Mozilla/5.0 (compatible; MJ12bot/v1.4.5; http://www.majestic12.co.uk/bot.php?+)"
5.9.142.226 - - [12/Aug/2016:07:12:50 +0200] "GET /forum/viewtopic.php?t=287&p=1467 HTTP/1.0" 200 22926 "-" "Mozilla/5.0 (compatible; MJ12bot/v1.4.5; http://www.majestic12.co.uk/bot.php?+)"
5.9.142.226 - - [12/Aug/2016:07:12:56 +0200] "GET /forum/viewtopic.php?t=2890&p=23645 HTTP/1.0" 200 23859 "-" "Mozilla/5.0 (compatible; MJ12bot/v1.4.5; http://www.majestic12.co.uk/bot.php?+)"
5.9.142.226 - - [12/Aug/2016:07:13:02 +0200] "GET /forum/viewtopic.php?t=2890&p=23707 HTTP/1.0" 200 23859 "-" "Mozilla/5.0 (compatible; MJ12bot/v1.4.5; http://www.majestic12.co.uk/bot.php?+)"
5.9.142.226 - - [12/Aug/2016:07:13:07 +0200] "GET /forum/viewtopic.php?t=2890&p=23717 HTTP/1.0" 200 23859 "-" "Mozilla/5.0 (compatible; MJ12bot/v1.4.5; http://www.majestic12.co.uk/bot.php?+)"
5.9.142.226 - - [12/Aug/2016:07:13:12 +0200] "GET /forum/viewtopic.php?t=2890&p=23775 HTTP/1.0" 200 23859 "-" "Mozilla/5.0 (compatible; MJ12bot/v1.4.5; http://www.majestic12.co.uk/bot.php?+)"
66.249.76.100 - - [12/Aug/2016:07:13:13 +0200] "GET /forum/viewtopic.php?f=49&t=2698 HTTP/1.1" 200 21281 "-" "Mozilla/5.0 (compatible; Googlebot/2.1; +http://www.google.com/bot.html)"
5.9.142.226 - - [12/Aug/2016:07:13:16 +0200] "GET /forum/viewtopic.php?t=2890&p=23918 HTTP/1.0" 200 23859 "-" "Mozilla/5.0 (compatible; MJ12bot/v1.4.5; http://www.majestic12.co.uk/bot.php?+)"
5.9.142.226 - - [12/Aug/2016:07:13:21 +0200] "GET /forum/viewtopic.php?t=2899&p=23781 HTTP/1.0" 200 17630 "-" "Mozilla/5.0 (compatible; MJ12bot/v1.4.5; http://www.majestic12.co.uk/bot.php?+)"
5.9.142.226 - - [12/Aug/2016:07:13:37 +0200] "GET /forum/viewtopic.php?t=29&p=55 HTTP/1.0" 200 16462 "-" "Mozilla/5.0 (compatible; MJ12bot/v1.4.5; http://www.majestic12.co.uk/bot.php?+)"
5.9.142.226 - - [12/Aug/2016:07:13:41 +0200] "GET /forum/viewtopic.php?t=290 HTTP/1.0" 200 25742 "-" "Mozilla/5.0 (compatible; MJ12bot/v1.4.5; http://www.majestic12.co.uk/bot.php?+)"
157.55.39.167 - - [12/Aug/2016:07:13:41 +0200] "GET /uppgift/sida/2 HTTP/1.1" 200 8377 "-" "Mozilla/5.0 (compatible; bingbot/2.0; +http://www.bing.com/bingbot.htm)"
5.9.142.226 - - [12/Aug/2016:07:13:47 +0200] "GET /forum/viewtopic.php?t=293 HTTP/1.0" 200 53741 "-" "Mozilla/5.0 (compatible; MJ12bot/v1.4.5; http://www.majestic12.co.uk/bot.php?+)"
5.9.142.226 - - [12/Aug/2016:07:13:53 +0200] "GET /forum/viewtopic.php?t=2966&p=24395 HTTP/1.0" 200 22227 "-" "Mozilla/5.0 (compatible; MJ12bot/v1.4.5; http://www.majestic12.co.uk/bot.php?+)"
5.9.142.226 - - [12/Aug/2016:07:13:57 +0200] "GET /forum/viewtopic.php?t=2966&p=24396 HTTP/1.0" 200 22227 "-" "Mozilla/5.0 (compatible; MJ12bot/v1.4.5; http://www.majestic12.co.uk/bot.php?+)"
5.9.142.226 - - [12/Aug/2016:07:14:12 +0200] "GET /forum/viewtopic.php?t=2966&p=24397 HTTP/1.0" 200 22227 "-" "Mozilla/5.0 (compatible; MJ12bot/v1.4.5; http://www.majestic12.co.uk/bot.php?+)"
5.9.142.226 - - [12/Aug/2016:07:14:21 +0200] "GET /forum/viewtopic.php?t=2966&p=24399 HTTP/1.0" 200 22227 "-" "Mozilla/5.0 (compatible; MJ12bot/v1.4.5; http://www.majestic12.co.uk/bot.php?+)"
5.9.142.226 - - [12/Aug/2016:07:14:25 +0200] "GET /forum/viewtopic.php?t=2987 HTTP/1.0" 200 85017 "-" "Mozilla/5.0 (compatible; MJ12bot/v1.4.5; http://www.majestic12.co.uk/bot.php?+)"
66.249.90.115 - - [12/Aug/2016:07:14:26 +0200] "GET /forum/feed.php HTTP/1.1" 200 27289 "-" "Feedfetcher-Google; (+http://www.google.com/feedfetcher.html; 1 subscribers; feed-id=5533309361166719127)"
5.9.142.226 - - [12/Aug/2016:07:14:30 +0200] "GET /forum/viewtopic.php?t=2989&p=24580 HTTP/1.0" 200 21811 "-" "Mozilla/5.0 (compatible; MJ12bot/v1.4.5; http://www.majestic12.co.uk/bot.php?+)"
5.9.142.226 - - [12/Aug/2016:07:14:34 +0200] "GET /forum/viewtopic.php?t=2989&p=24624 HTTP/1.0" 200 21811 "-" "Mozilla/5.0 (compatible; MJ12bot/v1.4.5; http://www.majestic12.co.uk/bot.php?+)"
5.9.142.226 - - [12/Aug/2016:07:14:40 +0200] "GET /forum/viewtopic.php?t=299 HTTP/1.0" 200 60087 "-" "Mozilla/5.0 (compatible; MJ12bot/v1.4.5; http://www.majestic12.co.uk/bot.php?+)"
5.9.142.226 - - [12/Aug/2016:07:14:49 +0200] "GET /forum/viewtopic.php?t=3&p=6 HTTP/1.0" 200 21523 "-" "Mozilla/5.0 (compatible; MJ12bot/v1.4.5; http://www.majestic12.co.uk/bot.php?+)"
5.9.142.226 - - [12/Aug/2016:07:15:05 +0200] "GET /forum/viewtopic.php?t=3&p=8 HTTP/1.0" 200 21523 "-" "Mozilla/5.0 (compatible; MJ12bot/v1.4.5; http://www.majestic12.co.uk/bot.php?+)"
157.55.39.167 - - [12/Aug/2016:07:15:08 +0200] "GET /f/41581 HTTP/1.1" 301 4295 "-" "Mozilla/5.0 (compatible; bingbot/2.0; +http://www.bing.com/bingbot.htm)"
5.9.142.226 - - [12/Aug/2016:07:15:11 +0200] "GET /forum/viewtopic.php?t=30&p=4872 HTTP/1.0" 200 37042 "-" "Mozilla/5.0 (compatible; MJ12bot/v1.4.5; http://www.majestic12.co.uk/bot.php?+)"
5.9.142.226 - - [12/Aug/2016:07:15:16 +0200] "GET /forum/viewtopic.php?t=300&p=1511 HTTP/1.0" 200 28542 "-" "Mozilla/5.0 (compatible; MJ12bot/v1.4.5; http://www.majestic12.co.uk/bot.php?+)"
5.9.142.226 - - [12/Aug/2016:07:15:22 +0200] "GET /forum/viewtopic.php?t=3004&p=24665 HTTP/1.0" 200 28456 "-" "Mozilla/5.0 (compatible; MJ12bot/v1.4.5; http://www.majestic12.co.uk/bot.php?+)"
5.9.142.226 - - [12/Aug/2016:07:15:27 +0200] "GET /forum/viewtopic.php?t=3004&p=24666 HTTP/1.0" 200 28456 "-" "Mozilla/5.0 (compatible; MJ12bot/v1.4.5; http://www.majestic12.co.uk/bot.php?+)"
5.9.142.226 - - [12/Aug/2016:07:15:32 +0200] "GET /forum/viewtopic.php?t=3004&p=24668 HTTP/1.0" 200 28456 "-" "Mozilla/5.0 (compatible; MJ12bot/v1.4.5; http://www.majestic12.co.uk/bot.php?+)"
5.9.142.226 - - [12/Aug/2016:07:15:37 +0200] "GET /forum/viewtopic.php?t=3004&p=24671 HTTP/1.0" 200 28456 "-" "Mozilla/5.0 (compatible; MJ12bot/v1.4.5; http://www.majestic12.co.uk/bot.php?+)"
5.9.142.226 - - [12/Aug/2016:07:15:43 +0200] "GET /forum/viewtopic.php?t=3004&p=25071 HTTP/1.0" 200 28456 "-" "Mozilla/5.0 (compatible; MJ12bot/v1.4.5; http://www.majestic12.co.uk/bot.php?+)"
104.207.144.246 - - [12/Aug/2016:07:15:47 +0200] "GET / HTTP/1.1" 200 9703 "-" "PINGOMETER_BOT_(HTTPS://PINGOMETER.COM)"
5.9.142.226 - - [12/Aug/2016:07:15:48 +0200] "GET /forum/viewtopic.php?t=3025&p=24831 HTTP/1.0" 200 23667 "-" "Mozilla/5.0 (compatible; MJ12bot/v1.4.5; http://www.majestic12.co.uk/bot.php?+)"
5.9.142.226 - - [12/Aug/2016:07:15:53 +0200] "GET /forum/viewtopic.php?t=3027&p=24842 HTTP/1.0" 200 28120 "-" "Mozilla/5.0 (compatible; MJ12bot/v1.4.5; http://www.majestic12.co.uk/bot.php?+)"
5.9.142.226 - - [12/Aug/2016:07:16:05 +0200] "GET /forum/viewtopic.php?t=3027&p=24843 HTTP/1.0" 200 28120 "-" "Mozilla/5.0 (compatible; MJ12bot/v1.4.5; http://www.majestic12.co.uk/bot.php?+)"
5.9.142.226 - - [12/Aug/2016:07:16:14 +0200] "GET /forum/viewtopic.php?t=3027&p=24845 HTTP/1.0" 200 28120 "-" "Mozilla/5.0 (compatible; MJ12bot/v1.4.5; http://www.majestic12.co.uk/bot.php?+)"
5.9.142.226 - - [12/Aug/2016:07:16:20 +0200] "GET /forum/viewtopic.php?t=3027&p=24846 HTTP/1.0" 200 28120 "-" "Mozilla/5.0 (compatible; MJ12bot/v1.4.5; http://www.majestic12.co.uk/bot.php?+)"
66.249.76.98 - - [12/Aug/2016:07:16:34 +0200] "GET /coachen/berakna-alder-i-mysql-och-sql-server HTTP/1.1" 200 7696 "-" "Mozilla/5.0 (Linux; Android 6.0.1; Nexus 5X Build/MMB29P) AppleWebKit/537.36 (KHTML, like Gecko) Chrome/41.0.2272.96 Mobile Safari/537.36 (compatible; Googlebot/2.1; +http://www.google.com/bot.html)"
207.46.13.93 - - [12/Aug/2016:07:17:50 +0200] "GET /image/bok/php-objects-patterns-and-practice.png HTTP/1.1" 200 73678 "-" "Mozilla/5.0 (compatible; bingbot/2.0; +http://www.bing.com/bingbot.htm)"
207.46.13.93 - - [12/Aug/2016:07:17:51 +0200] "GET /image/blogg/prisjakt-maria-johan.jpg HTTP/1.1" 200 111978 "-" "Mozilla/5.0 (compatible; bingbot/2.0; +http://www.bing.com/bingbot.htm)"
207.46.13.93 - - [12/Aug/2016:07:18:49 +0200] "GET /forum/viewtopic.php?p=40167 HTTP/1.1" 200 10096 "-" "Mozilla/5.0 (compatible; bingbot/2.0; +http://www.bing.com/bingbot.htm)"
207.46.13.93 - - [12/Aug/2016:07:19:05 +0200] "GET /forum/viewtopic.php?p=29721 HTTP/1.1" 200 10627 "-" "Mozilla/5.0 (compatible; bingbot/2.0; +http://www.bing.com/bingbot.htm)"
68.180.231.47 - - [12/Aug/2016:07:19:22 +0200] "GET /forum/viewtopic.php?f=18&t=5051 HTTP/1.1" 200 9405 "-" "Mozilla/5.0 (compatible; Yahoo! Slurp; http://help.yahoo.com/help/us/ysearch/slurp)"
178.150.15.194 - - [12/Aug/2016:07:19:30 +0200] "GET /opensource/cimage-and-img-php-for-image-resize-crop-and-processing-using-php-gd HTTP/1.0" 200 136776 "http://dbwebb.se/opensource/cimage-and-img-php-for-image-resize-crop-and-processing-using-php-gd" "Mozilla/5.0 (Windows NT 6.3; WOW64) AppleWebKit/537.36 (KHTML, like Gecko) Chrome/48.0.2564.109 Safari/537.36"
178.150.15.194 - - [12/Aug/2016:07:19:30 +0200] "GET /forum/viewforum.php?f=12 HTTP/1.0" 200 50973 "http://dbwebb.se/forum/viewforum.php?f=12" "Mozilla/5.0 (Windows NT 6.3; WOW64) AppleWebKit/537.36 (KHTML, like Gecko) Chrome/48.0.2564.109 Safari/537.36"
66.249.76.102 - - [12/Aug/2016:07:19:53 +0200] "GET /forum/viewtopic.php?t=28&p=56 HTTP/1.1" 200 8493 "-" "Mozilla/5.0 (compatible; Googlebot/2.1; +http://www.google.com/bot.html)"
83.248.113.248 - - [12/Aug/2016:07:19:54 +0200] "GET /blogg/hur-manga-klarar-sig-hela-vagen-in-i-mal HTTP/1.1" 200 10244 "https://www.facebook.com/l.php?u=https%3A%2F%2Fdbwebb.se%2Fblogg%2Fhur-manga-klarar-sig-hela-vagen-in-i-mal&h=6AQHpza6kAQED_bpzO9sP8sQpZtNMFKMLgbROnF7Mlxnhsg&enc=AZMhfClt-gxSP48_yYPrr1uYgv7iFzM3ai9B0PNzM6zJHyUs9eG4JjJVC8ZuXCekaNeR09yXgN_iJ_9WL_oYKG_jUWoj1JSZrMZWHVhH9SuCDgFsRfsKQO37nejVzf_5SY7LVNW9R20VpoCjt4cXuLpCf1bLl8UhBLKInEpYcMFW28rVg_a1TBJcE-r--tcy9Lg3V1njCsyjqxGr4EeQyrzY&s=1" "Mozilla/5.0 (iPad; CPU OS 9_3_3 like Mac OS X) AppleWebKit/601.1.46 (KHTML, like Gecko) Version/9.0 Mobile/13G34 Safari/601.1"
127.0.0.1 - - [12/Aug/2016:07:20:01 +0200] "POST /forum/ucp.php?mode=login HTTP/1.1" 200 18168 "-" "Mozilla/4.0 (compatible; MSIE 6.0; FreeBSD 8.1)"
127.0.0.1 - - [12/Aug/2016:07:20:01 +0200] "POST /forum/feed.php HTTP/1.1" 200 28667 "-" "Mozilla/4.0 (compatible; MSIE 6.0; FreeBSD 8.1)"
65.19.138.33 - - [12/Aug/2016:07:20:04 +0200] "GET /blogg/feed HTTP/1.1" 404 14137 "-" "Feedly/1.0 (+http://www.feedly.com/fetcher.html; like FeedFetcher-Google)"
65.19.138.33 - - [12/Aug/2016:07:20:05 +0200] "GET /blogg/feed HTTP/1.1" 404 14123 "-" "Feedly/1.0 (+http://www.feedly.com/fetcher.html; like FeedFetcher-Google)"
66.249.76.98 - - [12/Aug/2016:07:21:24 +0200] "GET /utbildning/webbutveckling-och-programmering-30hp HTTP/1.1" 200 8784 "-" "Mozilla/5.0 (Linux; Android 6.0.1; Nexus 5X Build/MMB29P) AppleWebKit/537.36 (KHTML, like Gecko) Chrome/41.0.2272.96 Mobile Safari/537.36 (compatible; Googlebot/2.1; +http://www.google.com/bot.html)"
51.255.65.14 - - [12/Aug/2016:07:21:33 +0200] "GET /forum/memberlist.php?mode=viewprofile&u=2613 HTTP/1.1" 200 8238 "-" "Mozilla/5.0 (compatible; AhrefsBot/5.1; +http://ahrefs.com/robot/)"
66.249.76.98 - - [12/Aug/2016:07:21:56 +0200] "GET /forum/viewtopic.php?f=23&t=28&view=print HTTP/1.1" 200 5127 "-" "Mozilla/5.0 (compatible; Googlebot/2.1; +http://www.google.com/bot.html)"
164.132.161.40 - - [12/Aug/2016:07:23:12 +0200] "GET /forum/viewtopic.php?p=13590 HTTP/1.1" 200 20818 "-" "Mozilla/5.0 (compatible; AhrefsBot/5.1; +http://ahrefs.com/robot/)"
83.248.113.248 - - [12/Aug/2016:07:23:18 +0200] "GET /kurser HTTP/1.1" 200 4994 "https://dbwebb.se/blogg/hur-manga-klarar-sig-hela-vagen-in-i-mal" "Mozilla/5.0 (iPad; CPU OS 9_3_3 like Mac OS X) AppleWebKit/601.1.46 (KHTML, like Gecko) Version/9.0 Mobile/13G34 Safari/601.1"
83.248.113.248 - - [12/Aug/2016:07:23:19 +0200] "GET /image/snapvt16/bth-kvall.jpg?sc=banner2 HTTP/1.1" 200 7682 "https://dbwebb.se/kurser" "Mozilla/5.0 (iPad; CPU OS 9_3_3 like Mac OS X) AppleWebKit/601.1.46 (KHTML, like Gecko) Version/9.0 Mobile/13G34 Safari/601.1"
207.46.13.93 - - [12/Aug/2016:07:23:36 +0200] "GET /f/44156 HTTP/1.1" 301 4295 "-" "Mozilla/5.0 (compatible; bingbot/2.0; +http://www.bing.com/bingbot.htm)"
83.248.113.248 - - [12/Aug/2016:07:24:39 +0200] "GET /phpmvc/kmom01 HTTP/1.1" 302 756 "https://dbwebb.se/kurser" "Mozilla/5.0 (iPad; CPU OS 9_3_3 like Mac OS X) AppleWebKit/601.1.46 (KHTML, like Gecko) Version/9.0 Mobile/13G34 Safari/601.1"
