83.248.113.248 - - [12/Aug/2016:07:24:39 +0200] "GET /kurser/phpmvc/kmom01 HTTP/1.1" 200 7218 "https://dbwebb.se/kurser" "Mozilla/5.0 (iPad; CPU OS 9_3_3 like Mac OS X) AppleWebKit/601.1.46 (KHTML, like Gecko) Version/9.0 Mobile/13G34 Safari/601.1"
83.248.113.248 - - [12/Aug/2016:07:24:39 +0200] "GET /image/snap/phpmvc-me.png?w=w2&sa=jpg HTTP/1.1" 200 103699 "https://dbwebb.se/kurser/phpmvc/kmom01" "Mozilla/5.0 (iPad; CPU OS 9_3_3 like Mac OS X) AppleWebKit/601.1.46 (KHTML, like Gecko) Version/9.0 Mobile/13G34 Safari/601.1"
164.132.161.43 - - [12/Aug/2016:07:25:10 +0200] "GET /kod-exempel/source.php?dir=gor-din-egen-img-php/cache HTTP/1.1" 301 3661 "-" "Mozilla/5.0 (compatible; AhrefsBot/5.1; +http://ahrefs.com/robot/)"
66.249.76.98 - - [12/Aug/2016:07:25:15 +0200] "GET /repo/htmlphp/example/bmo/img/550x550/begravningskonfekt_madonna_maria_o_jesus.jpg HTTP/1.1" 200 55339 "-" "Googlebot-Image/1.0"
66.249.76.98 - - [12/Aug/2016:07:25:59 +0200] "GET /oopython/kmom10 HTTP/1.1" 302 3795 "-" "Mozilla/5.0 (Linux; Android 6.0.1; Nexus 5X Build/MMB29P) AppleWebKit/537.36 (KHTML, like Gecko) Chrome/41.0.2272.96 Mobile Safari/537.36 (compatible; Googlebot/2.1; +http://www.google.com/bot.html)"
66.249.76.98 - - [12/Aug/2016:07:25:59 +0200] "GET /kurser/oopython/kmom10 HTTP/1.1" 200 6557 "-" "Mozilla/5.0 (Linux; Android 6.0.1; Nexus 5X Build/MMB29P) AppleWebKit/537.36 (KHTML, like Gecko) Chrome/41.0.2272.96 Mobile Safari/537.36 (compatible; Googlebot/2.1; +http://www.google.com/bot.html)"
51.255.65.35 - - [12/Aug/2016:07:26:29 +0200] "GET /forum/viewtopic.php?f=12&t=2324&p=44044 HTTP/1.1" 200 12169 "-" "Mozilla/5.0 (compatible; AhrefsBot/5.1; +http://ahrefs.com/robot/)"
66.249.76.98 - - [12/Aug/2016:07:26:33 +0200] "GET /kod-exempel/lessphp/ HTTP/1.1" 301 3841 "-" "Mozilla/5.0 (compatible; Googlebot/2.1; +http://www.google.com/bot.html)"
199.119.124.41 - - [12/Aug/2016:07:26:42 +0200] "GET /forum/feed.php?mode=topics HTTP/1.1" 200 30873 "-" "Mozilla/5.0 (compatible; theoldreader.com; 1 subscribers; feed-id=f4b07d8547e1ec9300c198fc)"
207.46.13.30 - - [12/Aug/2016:07:28:00 +0200] "GET /omvarldsbevakning/category/boilerplate-mvc-och-cms HTTP/1.1" 404 14873 "-" "Mozilla/5.0 (iPhone; CPU iPhone OS 7_0 like Mac OS X) AppleWebKit/537.51.1 (KHTML, like Gecko) Version/7.0 Mobile/11A465 Safari/9537.53 (compatible; bingbot/2.0; +http://www.bing.com/bingbot.htm)"
51.255.65.6 - - [12/Aug/2016:07:28:11 +0200] "GET /forum/viewtopic.php?f=12&t=2198 HTTP/1.1" 200 9855 "-" "Mozilla/5.0 (compatible; AhrefsBot/5.1; +http://ahrefs.com/robot/)"
66.249.76.98 - - [12/Aug/2016:07:28:17 +0200] "GET /image/snapshot/Sok_film_per_genre___Min_Filmdatabas.jpg HTTP/1.1" 200 111086 "-" "Googlebot-Image/1.0"
207.46.13.30 - - [12/Aug/2016:07:28:21 +0200] "GET /forum/viewtopic.php?f=12&t=3859 HTTP/1.1" 200 7624 "-" "Mozilla/5.0 (compatible; bingbot/2.0; +http://www.bing.com/bingbot.htm)"
54.237.230.39 - - [12/Aug/2016:07:28:37 +0200] "GET /forum/viewforum.php?f=1 HTTP/1.1" 200 28603 "-" "User-Agent: Mozilla/5.0 (Windows NT 6.1; WOW64) AppleWebKit/537.31 (KHTML, like Gecko) Chrome/26.0.1410.64 Safari/537.31"
40.77.167.63 - - [12/Aug/2016:07:28:41 +0200] "GET /f/37242 HTTP/1.1" 301 4295 "-" "Mozilla/5.0 (compatible; bingbot/2.0; +http://www.bing.com/bingbot.htm)"
108.241.125.56 - - [12/Aug/2016:07:29:04 +0200] "GET /kod-exempel/dynamic_php_menu HTTP/1.1" 301 3857 "https://www.google.com/" "Mozilla/5.0 (Windows NT 10.0; WOW64) AppleWebKit/537.36 (KHTML, like Gecko) Chrome/52.0.2743.116 Safari/537.36"
157.55.39.167 - - [12/Aug/2016:07:29:33 +0200] "GET /f/31804 HTTP/1.1" 301 4295 "-" "Mozilla/5.0 (compatible; bingbot/2.0; +http://www.bing.com/bingbot.htm)"
51.255.65.49 - - [12/Aug/2016:07:29:33 +0200] "GET /forum/viewtopic.php?f=23&t=4015 HTTP/1.1" 200 15439 "-" "Mozilla/5.0 (compatible; AhrefsBot/5.1; +http://ahrefs.com/robot/)"
164.132.161.40 - - [12/Aug/2016:07:29:56 +0200] "GET /forum/viewtopic.php?p=59 HTTP/1.1" 200 12487 "-" "Mozilla/5.0 (compatible; AhrefsBot/5.1; +http://ahrefs.com/robot/)"
66.249.76.98 - - [12/Aug/2016:07:30:49 +0200] "GET /kurser/design HTTP/1.1" 200 9525 "-" "Mozilla/5.0 (Linux; Android 6.0.1; Nexus 5X Build/MMB29P) AppleWebKit/537.36 (KHTML, like Gecko) Chrome/41.0.2272.96 Mobile Safari/537.36 (compatible; Googlebot/2.1; +http://www.google.com/bot.html)"
104.207.144.246 - - [12/Aug/2016:07:30:50 +0200] "GET / HTTP/1.1" 200 9703 "-" "PINGOMETER_BOT_(HTTPS://PINGOMETER.COM)"
164.132.161.75 - - [12/Aug/2016:07:31:02 +0200] "GET /t/860 HTTP/1.1" 301 3591 "-" "Mozilla/5.0 (compatible; AhrefsBot/5.1; +http://ahrefs.com/robot/)"
65.19.138.33 - - [12/Aug/2016:07:31:32 +0200] "GET /forum/feed.php?mode=topics HTTP/1.1" 200 30678 "-" "Feedly/1.0 (+http://www.feedly.com/fetcher.html; like FeedFetcher-Google)"
66.249.76.98 - - [12/Aug/2016:07:33:13 +0200] "GET /coachen/visa-felmeddelanden-pa-din-php-sida HTTP/1.1" 200 7562 "-" "Mozilla/5.0 (compatible; Googlebot/2.1; +http://www.google.com/bot.html)"
207.46.13.93 - - [12/Aug/2016:07:33:51 +0200] "GET /forum/viewtopic.php?p=34466 HTTP/1.1" 200 15106 "-" "Mozilla/5.0 (compatible; bingbot/2.0; +http://www.bing.com/bingbot.htm)"
157.55.39.167 - - [12/Aug/2016:07:34:34 +0200] "GET /image/snapht15/vb-bridged-ip-addr.png HTTP/1.1" 200 25789 "-" "Mozilla/5.0 (compatible; bingbot/2.0; +http://www.bing.com/bingbot.htm)"
66.249.76.98 - - [12/Aug/2016:07:35:24 +0200] "GET /opensource/cimage.debian HTTP/1.1" 404 14355 "-" "Mozilla/5.0 (Linux; Android 6.0.1; Nexus 5X Build/MMB29P) AppleWebKit/537.36 (KHTML, like Gecko) Chrome/41.0.2272.96 Mobile Safari/537.36 (compatible; Googlebot/2.1; +http://www.google.com/bot.html)"
164.132.161.88 - - [12/Aug/2016:07:35:39 +0200] "GET /forum/viewtopic.php?p=16095 HTTP/1.1" 200 20819 "-" "Mozilla/5.0 (compatible; AhrefsBot/5.1; +http://ahrefs.com/robot/)"
164.132.161.26 - - [12/Aug/2016:07:35:54 +0200] "GET /kod-exempel/skapa-ett-galleri-av-dina-bilder-med-php/gallery2.php?path=macos HTTP/1.1" 301 3707 "-" "Mozilla/5.0 (compatible; AhrefsBot/5.1; +http://ahrefs.com/robot/)"
207.46.13.30 - - [12/Aug/2016:07:35:57 +0200] "GET /kunskap/kom-igang-och-gor-ovningar-i-nodeschool-io HTTP/1.1" 200 8771 "-" "Mozilla/5.0 (compatible; bingbot/2.0; +http://www.bing.com/bingbot.htm)"
51.255.65.21 - - [12/Aug/2016:07:36:37 +0200] "GET /htmlphp/repo/example/login/ HTTP/1.1" 302 3573 "-" "Mozilla/5.0 (compatible; AhrefsBot/5.1; +http://ahrefs.com/robot/)"
207.46.13.93 - - [12/Aug/2016:07:37:26 +0200] "GET /phpmvc-v1/kmom06 HTTP/1.1" 302 4249 "-" "msnbot-media/1.1 (+http://search.msn.com/msnbot.htm)"
207.46.13.93 - - [12/Aug/2016:07:37:28 +0200] "GET /kurser/arkiv/phpmvc-v1/kmom06 HTTP/1.1" 200 9750 "-" "msnbot-media/1.1 (+http://search.msn.com/msnbot.htm)"
83.248.113.248 - - [12/Aug/2016:07:38:22 +0200] "GET /kunskap/boken-php-objects-patterns-and-practice HTTP/1.1" 200 7844 "https://dbwebb.se/kurser/phpmvc/kmom01" "Mozilla/5.0 (iPad; CPU OS 9_3_3 like Mac OS X) AppleWebKit/601.1.46 (KHTML, like Gecko) Version/9.0 Mobile/13G34 Safari/601.1"
83.248.113.248 - - [12/Aug/2016:07:38:23 +0200] "GET /image/bok/php-objects-patterns-and-practice.png HTTP/1.1" 200 70065 "https://dbwebb.se/kunskap/boken-php-objects-patterns-and-practice" "Mozilla/5.0 (iPad; CPU OS 9_3_3 like Mac OS X) AppleWebKit/601.1.46 (KHTML, like Gecko) Version/9.0 Mobile/13G34 Safari/601.1"
117.205.172.218 - - [12/Aug/2016:07:38:23 +0200] "GET /kod-exempel/dynamic_php_menu HTTP/1.1" 301 3857 "https://www.google.co.in/" "Mozilla/5.0 (Windows NT 6.1) AppleWebKit/537.36 (KHTML, like Gecko) Chrome/52.0.2743.116 Safari/537.36"
207.46.13.30 - - [12/Aug/2016:07:38:31 +0200] "GET /image/vimmel/examensbevis.jpg?w=w2&a=48,10,0,10&aro HTTP/1.1" 200 64111 "-" "Mozilla/5.0 (compatible; bingbot/2.0; +http://www.bing.com/bingbot.htm)"
207.46.13.30 - - [12/Aug/2016:07:38:54 +0200] "GET /image/oopython/kmom02/uml_diagrams.png?w=c5 HTTP/1.1" 200 8544 "-" "Mozilla/5.0 (compatible; bingbot/2.0; +http://www.bing.com/bingbot.htm)"
83.248.113.248 - - [12/Aug/2016:07:39:02 +0200] "GET /kunskap/principer-och-filosofier-for-programmering HTTP/1.1" 200 6133 "https://dbwebb.se/kurser/phpmvc/kmom01" "Mozilla/5.0 (iPad; CPU OS 9_3_3 like Mac OS X) AppleWebKit/601.1.46 (KHTML, like Gecko) Version/9.0 Mobile/13G34 Safari/601.1"
130.193.51.33 - - [12/Aug/2016:07:39:04 +0200] "GET /htmlphp/repo/example/stylechooser/content/post-dropdown.php HTTP/1.1" 302 3888 "-" "Mozilla/5.0 (iPhone; CPU iPhone OS 8_1 like Mac OS X) AppleWebKit/600.1.4 (KHTML, like Gecko) Version/8.0 Mobile/12B411 Safari/600.1.4 (compatible; YandexMobileBot/3.0; +http://yandex.com/bots)"
130.193.51.33 - - [12/Aug/2016:07:39:05 +0200] "GET /kurser/htmlphp/repo/example/stylechooser/content/post-dropdown.php HTTP/1.1" 404 11309 "-" "Mozilla/5.0 (iPhone; CPU iPhone OS 8_1 like Mac OS X) AppleWebKit/600.1.4 (KHTML, like Gecko) Version/8.0 Mobile/12B411 Safari/600.1.4 (compatible; YandexMobileBot/3.0; +http://yandex.com/bots)"
178.154.189.5 - - [12/Aug/2016:07:39:05 +0200] "GET /htmlphp/repo/example/stylechooser/content/post-dropdown.php HTTP/1.1" 302 3888 "-" "Mozilla/5.0 (iPhone; CPU iPhone OS 8_1 like Mac OS X) AppleWebKit/600.1.4 (KHTML, like Gecko) Version/8.0 Mobile/12B411 Safari/600.1.4 (compatible; YandexMobileBot/3.0; +http://yandex.com/bots)"
141.8.183.16 - - [12/Aug/2016:07:39:05 +0200] "GET /kurser/htmlphp/repo/example/stylechooser/content/post-dropdown.php HTTP/1.1" 404 14486 "-" "Mozilla/5.0 (iPhone; CPU iPhone OS 8_1 like Mac OS X) AppleWebKit/600.1.4 (KHTML, like Gecko) Version/8.0 Mobile/12B411 Safari/600.1.4 (compatible; YandexMobileBot/3.0; +http://yandex.com/bots)"
207.46.13.93 - - [12/Aug/2016:07:39:06 +0200] "GET /image/snapvt15/webmaster-search-analysis.png?w=w2 HTTP/1.1" 200 154529 "-" "Mozilla/5.0 (compatible; bingbot/2.0; +http://www.bing.com/bingbot.htm)"
207.46.13.30 - - [12/Aug/2016:07:39:32 +0200] "GET /img/javascript/intro/001.jpg HTTP/1.1" 200 93984 "-" "Mozilla/5.0 (compatible; bingbot/2.0; +http://www.bing.com/bingbot.htm)"
66.249.76.102 - - [12/Aug/2016:07:39:53 +0200] "GET /coachen/gor-din-forsta-sida-med-html5 HTTP/1.1" 200 7987 "-" "Mozilla/5.0 (compatible; Googlebot/2.1; +http://www.google.com/bot.html)"
127.0.0.1 - - [12/Aug/2016:07:40:01 +0200] "POST /forum/ucp.php?mode=login HTTP/1.1" 200 18168 "-" "Mozilla/4.0 (compatible; MSIE 6.0; FreeBSD 8.1)"
127.0.0.1 - - [12/Aug/2016:07:40:01 +0200] "POST /forum/feed.php HTTP/1.1" 200 28667 "-" "Mozilla/4.0 (compatible; MSIE 6.0; FreeBSD 8.1)"
66.249.76.98 - - [12/Aug/2016:07:40:13 +0200] "GET /kurser/oophp HTTP/1.1" 200 12331 "-" "Mozilla/5.0 (Linux; Android 6.0.1; Nexus 5X Build/MMB29P) AppleWebKit/537.36 (KHTML, like Gecko) Chrome/41.0.2272.96 Mobile Safari/537.36 (compatible; Googlebot/2.1; +http://www.google.com/bot.html)"
66.249.93.81 - - [12/Aug/2016:07:40:36 +0200] "GET /blogg/rss HTTP/1.1" 404 14310 "-" "FeedFetcher-Google; (+http://www.google.com/feedfetcher.html)"
66.102.6.149 - - [12/Aug/2016:07:40:36 +0200] "GET /coachen/rss HTTP/1.1" 404 14316 "-" "FeedFetcher-Google; (+http://www.google.com/feedfetcher.html)"
66.249.84.247 - - [12/Aug/2016:07:40:36 +0200] "GET /kunskap/rss HTTP/1.1" 404 14316 "-" "FeedFetcher-Google; (+http://www.google.com/feedfetcher.html)"
62.44.248.20 - - [12/Aug/2016:07:40:40 +0200] "GET /forum/viewtopic.php?p=13574 HTTP/1.1" 200 17271 "https://dbwebb.se/blogg/hur-manga-klarar-sig-hela-vagen-in-i-mal" "Mozilla/5.0 (Windows NT 6.1; WOW64) AppleWebKit/537.36 (KHTML, like Gecko) Chrome/52.0.2743.82 Safari/537.36"
62.44.248.20 - - [12/Aug/2016:07:40:40 +0200] "GET /forum/download/file.php?avatar=64_1411715806.png HTTP/1.1" 200 19183 "https://dbwebb.se/forum/viewtopic.php?p=13574" "Mozilla/5.0 (Windows NT 6.1; WOW64) AppleWebKit/537.36 (KHTML, like Gecko) Chrome/52.0.2743.82 Safari/537.36"
62.44.248.20 - - [12/Aug/2016:07:40:40 +0200] "GET /forum/download/file.php?avatar=57_1321992965.jpg HTTP/1.1" 200 32991 "https://dbwebb.se/forum/viewtopic.php?p=13574" "Mozilla/5.0 (Windows NT 6.1; WOW64) AppleWebKit/537.36 (KHTML, like Gecko) Chrome/52.0.2743.82 Safari/537.36"
62.44.248.20 - - [12/Aug/2016:07:40:41 +0200] "GET /image/snapshot/there-is-always-a-plan-b.jpg HTTP/1.1" 200 14511 "-" "Mozilla/5.0 (Windows NT 6.1; WOW64) AppleWebKit/537.36 (KHTML, like Gecko) Chrome/52.0.2743.82 Safari/537.36"
40.77.167.63 - - [12/Aug/2016:07:41:06 +0200] "GET /image/xampp/xampp-phpmyadmin.png?w=w1 HTTP/1.1" 200 138975 "-" "Mozilla/5.0 (compatible; bingbot/2.0; +http://www.bing.com/bingbot.htm)"
207.46.13.30 - - [12/Aug/2016:07:41:17 +0200] "GET /image/snapht15/firefox-os-simulator-default.png HTTP/1.1" 200 116082 "-" "Mozilla/5.0 (compatible; bingbot/2.0; +http://www.bing.com/bingbot.htm)"
40.77.167.63 - - [12/Aug/2016:07:41:55 +0200] "GET /image/bok/think_python2_medium.jpg HTTP/1.1" 200 26050 "-" "Mozilla/5.0 (compatible; bingbot/2.0; +http://www.bing.com/bingbot.htm)"
51.255.65.40 - - [12/Aug/2016:07:42:07 +0200] "GET /omvarldsbevakning/feed/can-i-use HTTP/1.1" 404 14189 "-" "Mozilla/5.0 (compatible; AhrefsBot/5.1; +http://ahrefs.com/robot/)"
66.249.76.98 - - [12/Aug/2016:07:42:19 +0200] "GET /blogg/turf-historien-bakom-ett-hobby-projekt-som-blev-pa-riktigt HTTP/1.1" 200 10714 "-" "Mozilla/5.0 (compatible; Googlebot/2.1; +http://www.google.com/bot.html)"
207.46.13.93 - - [12/Aug/2016:07:42:25 +0200] "GET /img/snapshot/clog-framsidan.png HTTP/1.1" 200 1403913 "-" "Mozilla/5.0 (compatible; bingbot/2.0; +http://www.bing.com/bingbot.htm)"
207.46.13.93 - - [12/Aug/2016:07:42:39 +0200] "GET /robots.txt HTTP/1.1" 200 4079 "-" "Mozilla/5.0 (compatible; bingbot/2.0; +http://www.bing.com/bingbot.htm)"
207.46.13.93 - - [12/Aug/2016:07:42:41 +0200] "GET /image/javascript/programmeringslab/05.jpg HTTP/1.1" 200 113503 "-" "Mozilla/5.0 (compatible; bingbot/2.0; +http://www.bing.com/bingbot.htm)"
207.46.13.93 - - [12/Aug/2016:07:42:43 +0200] "GET /img/htmlphp/kmom03/image00.png HTTP/1.1" 200 161312 "-" "Mozilla/5.0 (compatible; bingbot/2.0; +http://www.bing.com/bingbot.htm)"
59.98.56.2 - - [12/Aug/2016:07:42:49 +0200] "GET /img/loader.gif HTTP/1.1" 200 6800 "http://physioplustech.com/client/patient/view/9745" "Mozilla/5.0 (Windows NT 6.1) AppleWebKit/537.36 (KHTML, like Gecko) Chrome/52.0.2743.116 Safari/537.36"
157.55.39.167 - - [12/Aug/2016:07:43:48 +0200] "GET /forum/viewtopic.php?p=40804 HTTP/1.1" 200 9684 "-" "Mozilla/5.0 (compatible; bingbot/2.0; +http://www.bing.com/bingbot.htm)"
40.77.167.63 - - [12/Aug/2016:07:43:53 +0200] "GET /forum/viewtopic.php?p=31852 HTTP/1.1" 200 11249 "-" "Mozilla/5.0 (compatible; bingbot/2.0; +http://www.bing.com/bingbot.htm)"
207.46.13.30 - - [12/Aug/2016:07:43:59 +0200] "GET /f/35215 HTTP/1.1" 301 4295 "-" "Mozilla/5.0 (compatible; bingbot/2.0; +http://www.bing.com/bingbot.htm)"
91.121.160.220 - - [12/Aug/2016:07:44:37 +0200] "GET /forum/index.php HTTP/1.1" 200 9355 "-" "SentiBot www.sentibot.eu (compatible with Googlebot)"
66.102.9.10 - - [12/Aug/2016:07:44:37 +0200] "GET /forum/viewtopic.php?t=1113 HTTP/1.1" 200 8477 "-" "Mozilla/5.0 (X11; Linux x86_64) AppleWebKit/537.36 (KHTML, like Gecko) Chrome/49.0.2623.75 Safari/537.36 Google Favicon"
66.102.9.125 - - [12/Aug/2016:07:44:37 +0200] "GET / HTTP/1.1" 200 9698 "-" "Mozilla/5.0 (X11; Linux x86_64) AppleWebKit/537.36 (KHTML, like Gecko) Chrome/49.0.2623.75 Safari/537.36 Google Favicon"
66.102.9.21 - - [12/Aug/2016:07:44:38 +0200] "GET /favicon.ico HTTP/1.1" 200 36579 "-" "Mozilla/5.0 (X11; Linux x86_64) AppleWebKit/537.36 (KHTML, like Gecko) Chrome/49.0.2623.75 Safari/537.36 Google Favicon"
40.77.167.63 - - [12/Aug/2016:07:44:20 +0200] "GET /image/filezilla/nok-to-download.png?w=700 HTTP/1.1" 200 261939 "-" "Mozilla/5.0 (compatible; bingbot/2.0; +http://www.bing.com/bingbot.htm)"
66.249.76.102 - - [12/Aug/2016:07:44:49 +0200] "GET /kom-igang-och-rita-med-webgl-pa-en-canvas HTTP/1.1" 404 14406 "-" "Mozilla/5.0 (Linux; Android 6.0.1; Nexus 5X Build/MMB29P) AppleWebKit/537.36 (KHTML, like Gecko) Chrome/41.0.2272.96 Mobile Safari/537.36 (compatible; Googlebot/2.1; +http://www.google.com/bot.html)"
164.132.161.68 - - [12/Aug/2016:07:44:51 +0200] "GET /kod-exempel/source.php?dir=codeigniter/user_guide_src/source/images&file=file.gif HTTP/1.1" 301 3721 "-" "Mozilla/5.0 (compatible; AhrefsBot/5.1; +http://ahrefs.com/robot/)"
207.46.13.30 - - [12/Aug/2016:07:45:22 +0200] "GET /kod-exempel/cimage/webroot/img.php?src=kodim24.png&w=300&save-as=jpg&f=selective_blur HTTP/1.1" 301 4423 "-" "Mozilla/5.0 (compatible; bingbot/2.0; +http://www.bing.com/bingbot.htm)"
207.46.13.30 - - [12/Aug/2016:07:45:25 +0200] "GET /image/snapshot/sql-ovning-refmanual-alter-table.jpg HTTP/1.1" 200 214597 "-" "Mozilla/5.0 (compatible; bingbot/2.0; +http://www.bing.com/bingbot.htm)"
157.55.39.167 - - [12/Aug/2016:07:45:34 +0200] "GET /kod-exempel/cimage/webroot/img.php?src=kodim13.png&w=w1&save-as=jpg HTTP/1.1" 301 4383 "-" "Mozilla/5.0 (compatible; bingbot/2.0; +http://www.bing.com/bingbot.htm)"
104.156.247.60 - - [12/Aug/2016:07:45:47 +0200] "GET / HTTP/1.1" 200 9703 "-" "PINGOMETER_BOT_(HTTPS://PINGOMETER.COM)"
66.249.76.100 - - [12/Aug/2016:07:46:33 +0200] "GET /kunskap/kokbok-for-databasmodellering HTTP/1.1" 200 15269 "-" "Mozilla/5.0 (compatible; Googlebot/2.1; +http://www.google.com/bot.html)"
176.9.10.227 - - [12/Aug/2016:07:46:38 +0200] "GET /robots.txt HTTP/1.0" 200 3108 "-" "Mozilla/5.0 (compatible; MJ12bot/v1.4.5; http://www.majestic12.co.uk/bot.php?+)"
176.9.10.227 - - [12/Aug/2016:07:46:40 +0200] "GET /robots.txt HTTP/1.0" 200 474 "-" "Mozilla/5.0 (compatible; MJ12bot/v1.4.5; http://www.majestic12.co.uk/bot.php?+)"
176.9.10.227 - - [12/Aug/2016:07:46:41 +0200] "GET /style/?id=141&css HTTP/1.0" 404 11140 "-" "Mozilla/5.0 (compatible; MJ12bot/v1.4.5; http://www.majestic12.co.uk/bot.php?+)"
157.55.39.167 - - [12/Aug/2016:07:47:29 +0200] "GET /img/snapshot/cform-example-two-column-layout.png HTTP/1.1" 200 144944 "-" "Mozilla/5.0 (compatible; bingbot/2.0; +http://www.bing.com/bingbot.htm)"
207.46.13.30 - - [12/Aug/2016:07:47:36 +0200] "GET /img/kunskap/javascript/node-js-websocket-connect.png HTTP/1.1" 200 108806 "-" "Mozilla/5.0 (compatible; bingbot/2.0; +http://www.bing.com/bingbot.htm)"
40.77.167.63 - - [12/Aug/2016:07:47:52 +0200] "GET /f/27331 HTTP/1.1" 301 4295 "-" "Mozilla/5.0 (compatible; bingbot/2.0; +http://www.bing.com/bingbot.htm)"
66.249.76.102 - - [12/Aug/2016:07:48:17 +0200] "GET /repo/htmlphp/example/bmo/img/250/begravningskonfekt_x3_maria_jesus_samt_madonna.jpg HTTP/1.1" 200 12515 "-" "Googlebot-Image/1.0"
157.55.39.167 - - [12/Aug/2016:07:48:47 +0200] "GET /image/snapshot/mamp-phpmyadmin.jpg?w=w1 HTTP/1.1" 200 40858 "-" "Mozilla/5.0 (compatible; bingbot/2.0; +http://www.bing.com/bingbot.htm)"
157.55.39.167 - - [12/Aug/2016:07:48:55 +0200] "GET /forum/viewtopic.php?p=35891 HTTP/1.1" 200 11065 "-" "Mozilla/5.0 (compatible; bingbot/2.0; +http://www.bing.com/bingbot.htm)"
207.46.13.93 - - [12/Aug/2016:07:49:24 +0200] "GET /forum/download/file.php?avatar=420_1346533582.png HTTP/1.1" 200 18281 "-" "Mozilla/5.0 (compatible; bingbot/2.0; +http://www.bing.com/bingbot.htm)"
66.249.76.100 - - [12/Aug/2016:07:49:38 +0200] "GET /a%20href='http://www.imagemagick.org/script/index.php'%3Ehttp://www.imagemagick.org/script/index.php%3C/a HTTP/1.1" 404 14598 "-" "Mozilla/5.0 (Linux; Android 6.0.1; Nexus 5X Build/MMB29P) AppleWebKit/537.36 (KHTML, like Gecko) Chrome/41.0.2272.96 Mobile Safari/537.36 (compatible; Googlebot/2.1; +http://www.google.com/bot.html)"
207.46.13.30 - - [12/Aug/2016:07:49:42 +0200] "GET /image/kunskap/javascript/marvin-quotes.jpg HTTP/1.1" 200 71636 "-" "Mozilla/5.0 (compatible; bingbot/2.0; +http://www.bing.com/bingbot.htm)"
66.249.90.115 - - [12/Aug/2016:07:50:02 +0200] "GET /blogg/hur-manga-klarar-sig-hela-vagen-in-i-mal HTTP/1.1" 200 10439 "-" "Mozilla/5.0 (compatible) Feedfetcher-Google;(+http://www.google.com/feedfetcher.html)"
213.114.199.16 - - [12/Aug/2016:07:50:51 +0200] "GET / HTTP/1.1" 200 9503 "-" "Mozilla/5.0 (iPad; CPU OS 9_3_3 like Mac OS X) AppleWebKit/601.1.46 (KHTML, like Gecko) Version/9.0 Mobile/13G34 Safari/601.1"
213.114.199.16 - - [12/Aug/2016:07:50:51 +0200] "GET /image/snapht16/genomstromning-program.png?w=c5 HTTP/1.1" 200 6739 "https://dbwebb.se/" "Mozilla/5.0 (iPad; CPU OS 9_3_3 like Mac OS X) AppleWebKit/601.1.46 (KHTML, like Gecko) Version/9.0 Mobile/13G34 Safari/601.1"
213.114.199.16 - - [12/Aug/2016:07:50:51 +0200] "GET /image/bobba_webprog2.jpg?w=c7 HTTP/1.1" 200 9329 "https://dbwebb.se/" "Mozilla/5.0 (iPad; CPU OS 9_3_3 like Mac OS X) AppleWebKit/601.1.46 (KHTML, like Gecko) Version/9.0 Mobile/13G34 Safari/601.1"
213.114.199.16 - - [12/Aug/2016:07:50:51 +0200] "GET /image/vimmel/examensbevis.jpg?w=c5&a=10,0,40,0&aro&sharpen HTTP/1.1" 200 7640 "https://dbwebb.se/" "Mozilla/5.0 (iPad; CPU OS 9_3_3 like Mac OS X) AppleWebKit/601.1.46 (KHTML, like Gecko) Version/9.0 Mobile/13G34 Safari/601.1"
213.114.199.16 - - [12/Aug/2016:07:50:51 +0200] "GET /image/person/emma-pagwe.jpg?w=c7 HTTP/1.1" 200 4963 "https://dbwebb.se/" "Mozilla/5.0 (iPad; CPU OS 9_3_3 like Mac OS X) AppleWebKit/601.1.46 (KHTML, like Gecko) Version/9.0 Mobile/13G34 Safari/601.1"
213.114.199.16 - - [12/Aug/2016:07:50:51 +0200] "GET /image/snapvt16/kutv-vt16.png HTTP/1.1" 200 944 "https://dbwebb.se/" "Mozilla/5.0 (iPad; CPU OS 9_3_3 like Mac OS X) AppleWebKit/601.1.46 (KHTML, like Gecko) Version/9.0 Mobile/13G34 Safari/601.1"
213.114.199.16 - - [12/Aug/2016:07:50:51 +0200] "GET /image/vimmel/forsmak-ht15.jpg?w=w2&h=100&cf HTTP/1.1" 200 25700 "https://dbwebb.se/" "Mozilla/5.0 (iPad; CPU OS 9_3_3 like Mac OS X) AppleWebKit/601.1.46 (KHTML, like Gecko) Version/9.0 Mobile/13G34 Safari/601.1"
213.114.199.16 - - [12/Aug/2016:07:50:51 +0200] "GET /image/tema/trad/blad.jpg HTTP/1.1" 200 3607 "https://dbwebb.se/" "Mozilla/5.0 (iPad; CPU OS 9_3_3 like Mac OS X) AppleWebKit/601.1.46 (KHTML, like Gecko) Version/9.0 Mobile/13G34 Safari/601.1"
157.55.39.167 - - [12/Aug/2016:07:50:54 +0200] "GET /f/30577 HTTP/1.1" 301 4295 "-" "Mozilla/5.0 (compatible; bingbot/2.0; +http://www.bing.com/bingbot.htm)"
213.114.199.16 - - [12/Aug/2016:07:51:00 +0200] "GET /blogg/hur-manga-klarar-sig-hela-vagen-in-i-mal HTTP/1.1" 200 7404 "https://dbwebb.se/" "Mozilla/5.0 (iPad; CPU OS 9_3_3 like Mac OS X) AppleWebKit/601.1.46 (KHTML, like Gecko) Version/9.0 Mobile/13G34 Safari/601.1"
213.114.199.16 - - [12/Aug/2016:07:51:00 +0200] "GET /image/snapht16/genomstromning-program.png HTTP/1.1" 200 6460 "https://dbwebb.se/blogg/hur-manga-klarar-sig-hela-vagen-in-i-mal" "Mozilla/5.0 (iPad; CPU OS 9_3_3 like Mac OS X) AppleWebKit/601.1.46 (KHTML, like Gecko) Version/9.0 Mobile/13G34 Safari/601.1"
82.235.24.145 - - [12/Aug/2016:07:51:26 +0200] "GET /kod-exempel/dynamic_php_menu HTTP/1.1" 301 4104 "https://www.google.fr/url?sa=t&rct=j&q=&esrc=s&source=web&cd=1&ved=0ahUKEwiovtjFl7vOAhXG0hoKHTqSBpcQFggjMAA&url=https%3A%2F%2Fdbwebb.se%2Fkod-exempel%2Fdynamic_php_menu&usg=AFQjCNELkvTPB7VF-2zUS75kZWQfWe_Fvw&bvm=bv.129422649,d.d2s" "Mozilla/5.0 (Windows NT 6.1; WOW64; Trident/7.0; rv:11.0) like Gecko"
66.249.76.98 - - [12/Aug/2016:07:53:36 +0200] "GET /kunskap/programmering-med-grunderna-i-javascript HTTP/1.1" 200 23815 "-" "Mozilla/5.0 (compatible; Googlebot/2.1; +http://www.google.com/bot.html)"
207.46.13.30 - - [12/Aug/2016:07:53:57 +0200] "GET /uppgift/utskrift/skapa-och-hantera-kommentarer-i-databasen HTTP/1.1" 404 14897 "-" "Mozilla/5.0 (compatible; bingbot/2.0; +http://www.bing.com/bingbot.htm)"
164.132.161.80 - - [12/Aug/2016:07:53:59 +0200] "GET /kunskap/anax-som-mvc-ramverk HTTP/1.1" 200 22661 "-" "Mozilla/5.0 (compatible; AhrefsBot/5.1; +http://ahrefs.com/robot/)"
213.114.199.16 - - [12/Aug/2016:07:54:04 +0200] "GET /community HTTP/1.1" 200 4507 "https://dbwebb.se/" "Mozilla/5.0 (iPad; CPU OS 9_3_3 like Mac OS X) AppleWebKit/601.1.46 (KHTML, like Gecko) Version/9.0 Mobile/13G34 Safari/601.1"
213.114.199.16 - - [12/Aug/2016:07:54:06 +0200] "GET /forum HTTP/1.1" 301 626 "https://dbwebb.se/community" "Mozilla/5.0 (iPad; CPU OS 9_3_3 like Mac OS X) AppleWebKit/601.1.46 (KHTML, like Gecko) Version/9.0 Mobile/13G34 Safari/601.1"
213.114.199.16 - - [12/Aug/2016:07:54:06 +0200] "GET /forum/ HTTP/1.1" 200 7283 "https://dbwebb.se/community" "Mozilla/5.0 (iPad; CPU OS 9_3_3 like Mac OS X) AppleWebKit/601.1.46 (KHTML, like Gecko) Version/9.0 Mobile/13G34 Safari/601.1"
213.114.199.16 - - [12/Aug/2016:07:54:06 +0200] "GET /image/tema/trad/tree2.jpg?w=1100&h=96&cf&a=40,0,0,0 HTTP/1.1" 200 23285 "https://dbwebb.se/forum/" "Mozilla/5.0 (iPad; CPU OS 9_3_3 like Mac OS X) AppleWebKit/601.1.46 (KHTML, like Gecko) Version/9.0 Mobile/13G34 Safari/601.1"
213.114.199.16 - - [12/Aug/2016:07:54:06 +0200] "GET /js/mos-theme/responsive-menu.js HTTP/1.1" 200 1666 "https://dbwebb.se/forum/" "Mozilla/5.0 (iPad; CPU OS 9_3_3 like Mac OS X) AppleWebKit/601.1.46 (KHTML, like Gecko) Version/9.0 Mobile/13G34 Safari/601.1"
213.114.199.16 - - [12/Aug/2016:07:54:06 +0200] "GET /image/tema/trad/blad_40x38.png HTTP/1.1" 200 2712 "https://dbwebb.se/forum/" "Mozilla/5.0 (iPad; CPU OS 9_3_3 like Mac OS X) AppleWebKit/601.1.46 (KHTML, like Gecko) Version/9.0 Mobile/13G34 Safari/601.1"
213.114.199.16 - - [12/Aug/2016:07:54:06 +0200] "GET /fonts/fontawesome-webfont.woff?v=4.5.0 HTTP/1.1" 304 211 "https://dbwebb.se/forum/" "Mozilla/5.0 (iPad; CPU OS 9_3_3 like Mac OS X) AppleWebKit/601.1.46 (KHTML, like Gecko) Version/9.0 Mobile/13G34 Safari/601.1"
213.114.199.16 - - [12/Aug/2016:07:54:06 +0200] "GET /forum/styles/dbwebb_v2.0/imageset/forum_read.gif HTTP/1.1" 200 1239 "https://dbwebb.se/forum/" "Mozilla/5.0 (iPad; CPU OS 9_3_3 like Mac OS X) AppleWebKit/601.1.46 (KHTML, like Gecko) Version/9.0 Mobile/13G34 Safari/601.1"
66.249.76.102 - - [12/Aug/2016:07:54:14 +0200] "GET /design/kmom01 HTTP/1.1" 302 3791 "-" "Mozilla/5.0 (Linux; Android 6.0.1; Nexus 5X Build/MMB29P) AppleWebKit/537.36 (KHTML, like Gecko) Chrome/41.0.2272.96 Mobile Safari/537.36 (compatible; Googlebot/2.1; +http://www.google.com/bot.html)"
66.249.76.98 - - [12/Aug/2016:07:54:14 +0200] "GET /kurser/design/kmom01 HTTP/1.1" 200 9634 "-" "Mozilla/5.0 (Linux; Android 6.0.1; Nexus 5X Build/MMB29P) AppleWebKit/537.36 (KHTML, like Gecko) Chrome/41.0.2272.96 Mobile Safari/537.36 (compatible; Googlebot/2.1; +http://www.google.com/bot.html)"
91.121.160.220 - - [12/Aug/2016:07:54:24 +0200] "GET /forum/viewtopic.php?f=11&t=3042&view=print HTTP/1.1" 200 5483 "-" "SentiBot www.sentibot.eu (compatible with Googlebot)"
213.114.199.16 - - [12/Aug/2016:07:54:27 +0200] "GET /forum/viewforum.php?f=18&sid=726b794ef0b9324ff2f22dcf0e07688e HTTP/1.1" 200 7060 "https://dbwebb.se/forum/" "Mozilla/5.0 (iPad; CPU OS 9_3_3 like Mac OS X) AppleWebKit/601.1.46 (KHTML, like Gecko) Version/9.0 Mobile/13G34 Safari/601.1"
213.114.199.16 - - [12/Aug/2016:07:54:27 +0200] "GET //forum/styles/dbwebb_v2.0/imageset/sv/button_topic_new.gif HTTP/1.1" 200 2089 "https://dbwebb.se/forum/viewforum.php?f=18&sid=726b794ef0b9324ff2f22dcf0e07688e" "Mozilla/5.0 (iPad; CPU OS 9_3_3 like Mac OS X) AppleWebKit/601.1.46 (KHTML, like Gecko) Version/9.0 Mobile/13G34 Safari/601.1"
213.114.199.16 - - [12/Aug/2016:07:54:27 +0200] "GET /fonts/fontawesome-webfont.woff?v=4.5.0 HTTP/1.1" 304 211 "https://dbwebb.se/forum/" "Mozilla/5.0 (iPad; CPU OS 9_3_3 like Mac OS X) AppleWebKit/601.1.46 (KHTML, like Gecko) Version/9.0 Mobile/13G34 Safari/601.1"
213.114.199.16 - - [12/Aug/2016:07:54:28 +0200] "GET /forum/styles/dbwebb_v2.0/imageset/announce_read.gif HTTP/1.1" 200 1305 "https://dbwebb.se/forum/viewforum.php?f=18&sid=726b794ef0b9324ff2f22dcf0e07688e" "Mozilla/5.0 (iPad; CPU OS 9_3_3 like Mac OS X) AppleWebKit/601.1.46 (KHTML, like Gecko) Version/9.0 Mobile/13G34 Safari/601.1"
213.114.199.16 - - [12/Aug/2016:07:54:28 +0200] "GET /forum/styles/dbwebb_v2.0/imageset/topic_read.gif HTTP/1.1" 200 1230 "https://dbwebb.se/forum/viewforum.php?f=18&sid=726b794ef0b9324ff2f22dcf0e07688e" "Mozilla/5.0 (iPad; CPU OS 9_3_3 like Mac OS X) AppleWebKit/601.1.46 (KHTML, like Gecko) Version/9.0 Mobile/13G34 Safari/601.1"
213.114.199.16 - - [12/Aug/2016:07:54:33 +0200] "GET /forum/viewtopic.php?f=18&t=5403 HTTP/1.1" 200 5962 "https://dbwebb.se/forum/viewforum.php?f=18&sid=726b794ef0b9324ff2f22dcf0e07688e" "Mozilla/5.0 (iPad; CPU OS 9_3_3 like Mac OS X) AppleWebKit/601.1.46 (KHTML, like Gecko) Version/9.0 Mobile/13G34 Safari/601.1"
213.114.199.16 - - [12/Aug/2016:07:54:34 +0200] "GET /forum/styles/dbwebb_v2.0/theme/images/icon_print.gif HTTP/1.1" 200 822 "https://dbwebb.se/forum/viewtopic.php?f=18&t=5403" "Mozilla/5.0 (iPad; CPU OS 9_3_3 like Mac OS X) AppleWebKit/601.1.46 (KHTML, like Gecko) Version/9.0 Mobile/13G34 Safari/601.1"
213.114.199.16 - - [12/Aug/2016:07:54:34 +0200] "GET /forum/styles/dbwebb_v2.0/theme/images/phpbb.png HTTP/1.1" 200 6757 "https://dbwebb.se/forum/viewtopic.php?f=18&t=5403" "Mozilla/5.0 (iPad; CPU OS 9_3_3 like Mac OS X) AppleWebKit/601.1.46 (KHTML, like Gecko) Version/9.0 Mobile/13G34 Safari/601.1"
213.114.199.16 - - [12/Aug/2016:07:55:20 +0200] "GET /forum/viewforum.php?f=32&sid=726b794ef0b9324ff2f22dcf0e07688e HTTP/1.1" 200 7335 "https://dbwebb.se/forum/" "Mozilla/5.0 (iPad; CPU OS 9_3_3 like Mac OS X) AppleWebKit/601.1.46 (KHTML, like Gecko) Version/9.0 Mobile/13G34 Safari/601.1"
213.114.199.16 - - [12/Aug/2016:07:55:20 +0200] "GET /forum/styles/dbwebb_v2.0/imageset/topic_read_locked.gif HTTP/1.1" 200 1161 "https://dbwebb.se/forum/viewforum.php?f=32&sid=726b794ef0b9324ff2f22dcf0e07688e" "Mozilla/5.0 (iPad; CPU OS 9_3_3 like Mac OS X) AppleWebKit/601.1.46 (KHTML, like Gecko) Version/9.0 Mobile/13G34 Safari/601.1"
213.114.199.16 - - [12/Aug/2016:07:55:20 +0200] "GET /forum/styles/dbwebb_v2.0/imageset/topic_read_hot.gif HTTP/1.1" 200 2021 "https://dbwebb.se/forum/viewforum.php?f=32&sid=726b794ef0b9324ff2f22dcf0e07688e" "Mozilla/5.0 (iPad; CPU OS 9_3_3 like Mac OS X) AppleWebKit/601.1.46 (KHTML, like Gecko) Version/9.0 Mobile/13G34 Safari/601.1"
213.114.199.16 - - [12/Aug/2016:07:55:24 +0200] "GET /forum/viewtopic.php?f=32&t=4964 HTTP/1.1" 200 11406 "https://dbwebb.se/forum/viewforum.php?f=32&sid=726b794ef0b9324ff2f22dcf0e07688e" "Mozilla/5.0 (iPad; CPU OS 9_3_3 like Mac OS X) AppleWebKit/601.1.46 (KHTML, like Gecko) Version/9.0 Mobile/13G34 Safari/601.1"
213.114.199.16 - - [12/Aug/2016:07:55:24 +0200] "GET //forum/styles/dbwebb_v2.0/imageset/icon_contact_dbwebb.png HTTP/1.1" 200 6555 "https://dbwebb.se/forum/viewtopic.php?f=32&t=4964" "Mozilla/5.0 (iPad; CPU OS 9_3_3 like Mac OS X) AppleWebKit/601.1.46 (KHTML, like Gecko) Version/9.0 Mobile/13G34 Safari/601.1"
213.114.199.16 - - [12/Aug/2016:07:55:24 +0200] "GET //forum/styles/dbwebb_v2.0/imageset/icon_contact_www.png HTTP/1.1" 200 2877 "https://dbwebb.se/forum/viewtopic.php?f=32&t=4964" "Mozilla/5.0 (iPad; CPU OS 9_3_3 like Mac OS X) AppleWebKit/601.1.46 (KHTML, like Gecko) Version/9.0 Mobile/13G34 Safari/601.1"
23.238.205.146 - - [12/Aug/2016:07:55:47 +0200] "GET /forum/viewtopic.php?t=1702 HTTP/1.1" 200 21070 "-" "Mozilla/5.0 (Windows NT 6.1; WOW64) AppleWebKit/537.36 (KHTML, like Gecko) Dragon/36.1.1.21 Chrome/36.0.1985.97 Safari/537.36"
23.238.205.146 - - [12/Aug/2016:07:55:47 +0200] "GET /forum/memberlist.php?mode=viewprofile&u=2&sid=27f47fda2f723008a5b99be30e7c813d&order=DESC&sk=c&sd=d HTTP/1.1" 200 4952 "https://dbwebb.se/" "Mozilla/5.0 (Windows NT 6.1; WOW64) AppleWebKit/537.36 (KHTML, like Gecko) Dragon/36.1.1.21 Chrome/36.0.1985.97 Safari/537.36"
23.238.205.146 - - [12/Aug/2016:07:55:48 +0200] "GET /forum/index.php HTTP/1.1" 200 6827 "https://dbwebb.se/" "Mozilla/5.0 (Windows NT 6.1; WOW64) AppleWebKit/537.36 (KHTML, like Gecko) Dragon/36.1.1.21 Chrome/36.0.1985.97 Safari/537.36"
23.238.205.146 - - [12/Aug/2016:07:55:49 +0200] "GET /forum/profile.php?mode=editprofile HTTP/1.1" 404 11162 "https://dbwebb.se/" "Mozilla/5.0 (Windows NT 6.1; WOW64) AppleWebKit/537.36 (KHTML, like Gecko) Dragon/36.1.1.21 Chrome/36.0.1985.97 Safari/537.36"
66.249.76.100 - - [12/Aug/2016:07:56:19 +0200] "GET /img/snapht14/workbench-ssh-keepalive.png HTTP/1.1" 200 26954 "-" "Googlebot-Image/1.0"
164.132.161.71 - - [12/Aug/2016:07:56:41 +0200] "GET /forum/feed.php?f=43&t=2284 HTTP/1.1" 200 5274 "-" "Mozilla/5.0 (compatible; AhrefsBot/5.1; +http://ahrefs.com/robot/)"
207.46.13.93 - - [12/Aug/2016:07:58:03 +0200] "GET /t/3538 HTTP/1.1" 301 4279 "-" "Mozilla/5.0 (compatible; bingbot/2.0; +http://www.bing.com/bingbot.htm)"
91.121.160.220 - - [12/Aug/2016:07:58:34 +0200] "GET /forum/viewtopic.php?f=14&t=180 HTTP/1.1" 200 11291 "-" "SentiBot www.sentibot.eu (compatible with Googlebot)"
213.114.199.16 - - [12/Aug/2016:07:58:37 +0200] "GET /forum/viewforum.php?f=49&sid=726b794ef0b9324ff2f22dcf0e07688e HTTP/1.1" 200 10181 "https://dbwebb.se/forum/" "Mozilla/5.0 (iPad; CPU OS 9_3_3 like Mac OS X) AppleWebKit/601.1.46 (KHTML, like Gecko) Version/9.0 Mobile/13G34 Safari/601.1"
213.114.199.16 - - [12/Aug/2016:07:58:38 +0200] "GET /forum/styles/dbwebb_v2.0/imageset/icon_topic_attach.gif HTTP/1.1" 200 717 "https://dbwebb.se/forum/viewforum.php?f=49&sid=726b794ef0b9324ff2f22dcf0e07688e" "Mozilla/5.0 (iPad; CPU OS 9_3_3 like Mac OS X) AppleWebKit/601.1.46 (KHTML, like Gecko) Version/9.0 Mobile/13G34 Safari/601.1"
213.114.199.16 - - [12/Aug/2016:07:58:43 +0200] "GET /forum/viewtopic.php?f=49&t=5485 HTTP/1.1" 200 6064 "https://dbwebb.se/forum/viewforum.php?f=49&sid=726b794ef0b9324ff2f22dcf0e07688e" "Mozilla/5.0 (iPad; CPU OS 9_3_3 like Mac OS X) AppleWebKit/601.1.46 (KHTML, like Gecko) Version/9.0 Mobile/13G34 Safari/601.1"
51.255.65.25 - - [12/Aug/2016:07:59:04 +0200] "GET /forum/feed.php?f=14&t=1660 HTTP/1.1" 200 6916 "-" "Mozilla/5.0 (compatible; AhrefsBot/5.1; +http://ahrefs.com/robot/)"
66.249.76.100 - - [12/Aug/2016:07:59:04 +0200] "GET /oopython/kmom06 HTTP/1.1" 302 3795 "-" "Mozilla/5.0 (Linux; Android 6.0.1; Nexus 5X Build/MMB29P) AppleWebKit/537.36 (KHTML, like Gecko) Chrome/41.0.2272.96 Mobile Safari/537.36 (compatible; Googlebot/2.1; +http://www.google.com/bot.html)"
66.249.76.100 - - [12/Aug/2016:07:59:05 +0200] "GET /kurser/oopython/kmom06 HTTP/1.1" 200 4978 "-" "Mozilla/5.0 (Linux; Android 6.0.1; Nexus 5X Build/MMB29P) AppleWebKit/537.36 (KHTML, like Gecko) Chrome/41.0.2272.96 Mobile Safari/537.36 (compatible; Googlebot/2.1; +http://www.google.com/bot.html)"
213.114.199.16 - - [12/Aug/2016:07:59:31 +0200] "POST /forum/ucp.php?mode=login&sid=726b794ef0b9324ff2f22dcf0e07688e HTTP/1.1" 200 4772 "https://dbwebb.se/forum/" "Mozilla/5.0 (iPad; CPU OS 9_3_3 like Mac OS X) AppleWebKit/601.1.46 (KHTML, like Gecko) Version/9.0 Mobile/13G34 Safari/601.1"
111.93.219.250 - - [12/Aug/2016:07:59:32 +0200] "GET /img/loader.gif HTTP/1.1" 200 7042 "-" "-"
213.114.199.16 - - [12/Aug/2016:07:59:35 +0200] "GET /forum/index.php?sid=62c3b956936b05702ea51126d51f2831 HTTP/1.1" 200 7880 "https://dbwebb.se/forum/ucp.php?mode=login&sid=726b794ef0b9324ff2f22dcf0e07688e" "Mozilla/5.0 (iPad; CPU OS 9_3_3 like Mac OS X) AppleWebKit/601.1.46 (KHTML, like Gecko) Version/9.0 Mobile/13G34 Safari/601.1"
213.114.199.16 - - [12/Aug/2016:07:59:35 +0200] "GET /forum/styles/dbwebb_v2.0/imageset/forum_unread.gif HTTP/1.1" 200 1106 "https://dbwebb.se/forum/index.php?sid=62c3b956936b05702ea51126d51f2831" "Mozilla/5.0 (iPad; CPU OS 9_3_3 like Mac OS X) AppleWebKit/601.1.46 (KHTML, like Gecko) Version/9.0 Mobile/13G34 Safari/601.1"
213.114.199.16 - - [12/Aug/2016:07:59:35 +0200] "GET /forum/styles/dbwebb_v2.0/imageset/forum_unread_subforum.gif HTTP/1.1" 200 1302 "https://dbwebb.se/forum/index.php?sid=62c3b956936b05702ea51126d51f2831" "Mozilla/5.0 (iPad; CPU OS 9_3_3 like Mac OS X) AppleWebKit/601.1.46 (KHTML, like Gecko) Version/9.0 Mobile/13G34 Safari/601.1"
213.114.199.16 - - [12/Aug/2016:07:59:54 +0200] "GET /forum/viewforum.php?f=40 HTTP/1.1" 200 8036 "https://dbwebb.se/forum/index.php?sid=62c3b956936b05702ea51126d51f2831" "Mozilla/5.0 (iPad; CPU OS 9_3_3 like Mac OS X) AppleWebKit/601.1.46 (KHTML, like Gecko) Version/9.0 Mobile/13G34 Safari/601.1"
213.114.199.16 - - [12/Aug/2016:07:59:54 +0200] "GET /forum/styles/dbwebb_v2.0/theme/images/icon_subscribe.gif HTTP/1.1" 200 809 "https://dbwebb.se/forum/viewforum.php?f=40" "Mozilla/5.0 (iPad; CPU OS 9_3_3 like Mac OS X) AppleWebKit/601.1.46 (KHTML, like Gecko) Version/9.0 Mobile/13G34 Safari/601.1"
213.114.199.16 - - [12/Aug/2016:07:59:54 +0200] "GET /forum/styles/dbwebb_v2.0/imageset/announce_unread.gif HTTP/1.1" 200 1307 "https://dbwebb.se/forum/viewforum.php?f=40" "Mozilla/5.0 (iPad; CPU OS 9_3_3 like Mac OS X) AppleWebKit/601.1.46 (KHTML, like Gecko) Version/9.0 Mobile/13G34 Safari/601.1"
213.114.199.16 - - [12/Aug/2016:07:59:54 +0200] "GET /forum/styles/dbwebb_v2.0/imageset/topic_unread_locked.gif HTTP/1.1" 200 1296 "https://dbwebb.se/forum/viewforum.php?f=40" "Mozilla/5.0 (iPad; CPU OS 9_3_3 like Mac OS X) AppleWebKit/601.1.46 (KHTML, like Gecko) Version/9.0 Mobile/13G34 Safari/601.1"
213.114.199.16 - - [12/Aug/2016:07:59:54 +0200] "GET /forum/styles/dbwebb_v2.0/imageset/topic_moved.gif HTTP/1.1" 200 1244 "https://dbwebb.se/forum/viewforum.php?f=40" "Mozilla/5.0 (iPad; CPU OS 9_3_3 like Mac OS X) AppleWebKit/601.1.46 (KHTML, like Gecko) Version/9.0 Mobile/13G34 Safari/601.1"
213.114.199.16 - - [12/Aug/2016:07:59:54 +0200] "GET /forum/styles/dbwebb_v2.0/imageset/topic_unread.gif HTTP/1.1" 200 1229 "https://dbwebb.se/forum/viewforum.php?f=40" "Mozilla/5.0 (iPad; CPU OS 9_3_3 like Mac OS X) AppleWebKit/601.1.46 (KHTML, like Gecko) Version/9.0 Mobile/13G34 Safari/601.1"
213.114.199.16 - - [12/Aug/2016:07:59:54 +0200] "GET /forum/styles/dbwebb_v2.0/imageset/topic_read_mine.gif HTTP/1.1" 200 1246 "https://dbwebb.se/forum/viewforum.php?f=40" "Mozilla/5.0 (iPad; CPU OS 9_3_3 like Mac OS X) AppleWebKit/601.1.46 (KHTML, like Gecko) Version/9.0 Mobile/13G34 Safari/601.1"
127.0.0.1 - - [12/Aug/2016:08:00:01 +0200] "POST /forum/ucp.php?mode=login HTTP/1.1" 200 18168 "-" "Mozilla/4.0 (compatible; MSIE 6.0; FreeBSD 8.1)"
127.0.0.1 - - [12/Aug/2016:08:00:01 +0200] "POST /forum/feed.php HTTP/1.1" 200 28667 "-" "Mozilla/4.0 (compatible; MSIE 6.0; FreeBSD 8.1)"
40.77.167.63 - - [12/Aug/2016:08:00:07 +0200] "GET /forum/viewtopic.php?p=19581 HTTP/1.1" 200 10290 "-" "Mozilla/5.0 (compatible; bingbot/2.0; +http://www.bing.com/bingbot.htm)"
69.30.210.242 - - [12/Aug/2016:08:00:08 +0200] "GET /robots.txt HTTP/1.0" 200 3108 "-" "Mozilla/5.0 (compatible; MJ12bot/v1.4.5; http://www.majestic12.co.uk/bot.php?+)"
69.30.210.242 - - [12/Aug/2016:08:00:10 +0200] "GET /blogg HTTP/1.1" 200 23537 "-" "Mozilla/5.0 (compatible; MJ12bot/v1.4.5; http://www.majestic12.co.uk/bot.php?+)"
69.30.210.242 - - [12/Aug/2016:08:00:11 +0200] "GET /robots.txt HTTP/1.0" 200 474 "-" "Mozilla/5.0 (compatible; MJ12bot/v1.4.5; http://www.majestic12.co.uk/bot.php?+)"
213.114.199.16 - - [12/Aug/2016:08:00:12 +0200] "GET /forum/viewtopic.php?f=40&t=5396 HTTP/1.1" 200 9902 "https://dbwebb.se/forum/viewforum.php?f=40" "Mozilla/5.0 (iPad; CPU OS 9_3_3 like Mac OS X) AppleWebKit/601.1.46 (KHTML, like Gecko) Version/9.0 Mobile/13G34 Safari/601.1"
213.114.199.16 - - [12/Aug/2016:08:00:12 +0200] "GET /forum/download/file.php?avatar=3221_1459800937.jpg HTTP/1.1" 200 5472 "https://dbwebb.se/forum/viewtopic.php?f=40&t=5396" "Mozilla/5.0 (iPad; CPU OS 9_3_3 like Mac OS X) AppleWebKit/601.1.46 (KHTML, like Gecko) Version/9.0 Mobile/13G34 Safari/601.1"
213.114.199.16 - - [12/Aug/2016:08:00:12 +0200] "GET /forum/images/smilies/icon_e_smile.gif HTTP/1.1" 200 1043 "https://dbwebb.se/forum/viewtopic.php?f=40&t=5396" "Mozilla/5.0 (iPad; CPU OS 9_3_3 like Mac OS X) AppleWebKit/601.1.46 (KHTML, like Gecko) Version/9.0 Mobile/13G34 Safari/601.1"
213.114.199.16 - - [12/Aug/2016:08:00:12 +0200] "GET /forum/styles/dbwebb_v2.0/imageset/sv/icon_user_online.png HTTP/1.1" 200 2017 "https://dbwebb.se/forum/viewtopic.php?f=40&t=5396" "Mozilla/5.0 (iPad; CPU OS 9_3_3 like Mac OS X) AppleWebKit/601.1.46 (KHTML, like Gecko) Version/9.0 Mobile/13G34 Safari/601.1"
213.114.199.16 - - [12/Aug/2016:08:00:12 +0200] "GET //forum/styles/dbwebb_v2.0/imageset/sv/icon_post_quote.gif HTTP/1.1" 200 1839 "https://dbwebb.se/forum/viewtopic.php?f=40&t=5396" "Mozilla/5.0 (iPad; CPU OS 9_3_3 like Mac OS X) AppleWebKit/601.1.46 (KHTML, like Gecko) Version/9.0 Mobile/13G34 Safari/601.1"
213.114.199.16 - - [12/Aug/2016:08:00:12 +0200] "GET //forum/styles/dbwebb_v2.0/imageset/icon_post_report.png HTTP/1.1" 200 2132 "https://dbwebb.se/forum/viewtopic.php?f=40&t=5396" "Mozilla/5.0 (iPad; CPU OS 9_3_3 like Mac OS X) AppleWebKit/601.1.46 (KHTML, like Gecko) Version/9.0 Mobile/13G34 Safari/601.1"
213.114.199.16 - - [12/Aug/2016:08:00:12 +0200] "GET //forum/styles/dbwebb_v2.0/imageset/sv/icon_post_edit.gif HTTP/1.1" 200 1686 "https://dbwebb.se/forum/viewtopic.php?f=40&t=5396" "Mozilla/5.0 (iPad; CPU OS 9_3_3 like Mac OS X) AppleWebKit/601.1.46 (KHTML, like Gecko) Version/9.0 Mobile/13G34 Safari/601.1"
213.114.199.16 - - [12/Aug/2016:08:00:12 +0200] "GET /forum/styles/dbwebb_v2.0/theme/images/icon_bookmark.gif HTTP/1.1" 200 2013 "https://dbwebb.se/forum/viewtopic.php?f=40&t=5396" "Mozilla/5.0 (iPad; CPU OS 9_3_3 like Mac OS X) AppleWebKit/601.1.46 (KHTML, like Gecko) Version/9.0 Mobile/13G34 Safari/601.1"
69.30.210.242 - - [12/Aug/2016:08:00:15 +0200] "GET /blogg/antalet-registrerade-pa-kurser-under-varen-2015 HTTP/1.0" 200 21028 "-" "Mozilla/5.0 (compatible; MJ12bot/v1.4.5; http://www.majestic12.co.uk/bot.php?+)"
104.207.144.246 - - [12/Aug/2016:08:00:33 +0200] "GET / HTTP/1.1" 200 9703 "-" "PINGOMETER_BOT_(HTTPS://PINGOMETER.COM)"
66.249.76.98 - - [12/Aug/2016:08:00:40 +0200] "GET /forum/viewtopic.php?f=32&t=274 HTTP/1.1" 200 9607 "-" "Mozilla/5.0 (compatible; Googlebot/2.1; +http://www.google.com/bot.html)"
213.114.199.16 - - [12/Aug/2016:08:01:13 +0200] "GET /forum/viewtopic.php?f=40&t=4420 HTTP/1.1" 200 52060 "https://dbwebb.se/forum/viewforum.php?f=40" "Mozilla/5.0 (iPad; CPU OS 9_3_3 like Mac OS X) AppleWebKit/601.1.46 (KHTML, like Gecko) Version/9.0 Mobile/13G34 Safari/601.1"
213.114.199.16 - - [12/Aug/2016:08:01:13 +0200] "GET /forum/download/file.php?avatar=1417_1390965509.png HTTP/1.1" 200 14052 "https://dbwebb.se/forum/viewtopic.php?f=40&t=4420" "Mozilla/5.0 (iPad; CPU OS 9_3_3 like Mac OS X) AppleWebKit/601.1.46 (KHTML, like Gecko) Version/9.0 Mobile/13G34 Safari/601.1"
213.114.199.16 - - [12/Aug/2016:08:01:13 +0200] "GET /forum/download/file.php?avatar=2613_1441101904.png HTTP/1.1" 200 7005 "https://dbwebb.se/forum/viewtopic.php?f=40&t=4420" "Mozilla/5.0 (iPad; CPU OS 9_3_3 like Mac OS X) AppleWebKit/601.1.46 (KHTML, like Gecko) Version/9.0 Mobile/13G34 Safari/601.1"
213.114.199.16 - - [12/Aug/2016:08:01:13 +0200] "GET /forum/images/smilies/icon_e_biggrin.gif HTTP/1.1" 200 1040 "https://dbwebb.se/forum/viewtopic.php?f=40&t=4420" "Mozilla/5.0 (iPad; CPU OS 9_3_3 like Mac OS X) AppleWebKit/601.1.46 (KHTML, like Gecko) Version/9.0 Mobile/13G34 Safari/601.1"
213.114.199.16 - - [12/Aug/2016:08:01:13 +0200] "GET /forum/images/smilies/icon_razz.gif HTTP/1.1" 200 1058 "https://dbwebb.se/forum/viewtopic.php?f=40&t=4420" "Mozilla/5.0 (iPad; CPU OS 9_3_3 like Mac OS X) AppleWebKit/601.1.46 (KHTML, like Gecko) Version/9.0 Mobile/13G34 Safari/601.1"
213.114.199.16 - - [12/Aug/2016:08:01:13 +0200] "GET /forum/download/file.php?avatar=1725_1408723324.jpg HTTP/1.1" 200 6761 "https://dbwebb.se/forum/viewtopic.php?f=40&t=4420" "Mozilla/5.0 (iPad; CPU OS 9_3_3 like Mac OS X) AppleWebKit/601.1.46 (KHTML, like Gecko) Version/9.0 Mobile/13G34 Safari/601.1"
213.114.199.16 - - [12/Aug/2016:08:01:13 +0200] "GET /forum/images/avatars/gallery/cartoon_animals/yellow_frog.jpg HTTP/1.1" 200 6916 "https://dbwebb.se/forum/viewtopic.php?f=40&t=4420" "Mozilla/5.0 (iPad; CPU OS 9_3_3 like Mac OS X) AppleWebKit/601.1.46 (KHTML, like Gecko) Version/9.0 Mobile/13G34 Safari/601.1"
213.114.199.16 - - [12/Aug/2016:08:01:13 +0200] "GET /forum/download/file.php?avatar=2366_1439388652.jpg HTTP/1.1" 200 6249 "https://dbwebb.se/forum/viewtopic.php?f=40&t=4420" "Mozilla/5.0 (iPad; CPU OS 9_3_3 like Mac OS X) AppleWebKit/601.1.46 (KHTML, like Gecko) Version/9.0 Mobile/13G34 Safari/601.1"
213.114.199.16 - - [12/Aug/2016:08:01:13 +0200] "GET /forum/download/file.php?avatar=1084_1377100238.jpg HTTP/1.1" 200 20468 "https://dbwebb.se/forum/viewtopic.php?f=40&t=4420" "Mozilla/5.0 (iPad; CPU OS 9_3_3 like Mac OS X) AppleWebKit/601.1.46 (KHTML, like Gecko) Version/9.0 Mobile/13G34 Safari/601.1"
213.114.199.16 - - [12/Aug/2016:08:01:13 +0200] "GET /forum/download/file.php?avatar=2911_1454165523.jpg HTTP/1.1" 200 8657 "https://dbwebb.se/forum/viewtopic.php?f=40&t=4420" "Mozilla/5.0 (iPad; CPU OS 9_3_3 like Mac OS X) AppleWebKit/601.1.46 (KHTML, like Gecko) Version/9.0 Mobile/13G34 Safari/601.1"
213.114.199.16 - - [12/Aug/2016:08:01:13 +0200] "GET //forum/styles/dbwebb_v2.0/imageset/sv/button_topic_locked.gif HTTP/1.1" 200 1907 "https://dbwebb.se/forum/viewtopic.php?f=40&t=4420" "Mozilla/5.0 (iPad; CPU OS 9_3_3 like Mac OS X) AppleWebKit/601.1.46 (KHTML, like Gecko) Version/9.0 Mobile/13G34 Safari/601.1"
213.114.199.16 - - [12/Aug/2016:08:01:13 +0200] "GET /forum/download/file.php?avatar=2364_1420837989.jpg HTTP/1.1" 200 12749 "https://dbwebb.se/forum/viewtopic.php?f=40&t=4420" "Mozilla/5.0 (iPad; CPU OS 9_3_3 like Mac OS X) AppleWebKit/601.1.46 (KHTML, like Gecko) Version/9.0 Mobile/13G34 Safari/601.1"
213.114.199.16 - - [12/Aug/2016:08:01:13 +0200] "GET /forum/download/file.php?avatar=2354_1448874911.jpg HTTP/1.1" 200 15492 "https://dbwebb.se/forum/viewtopic.php?f=40&t=4420" "Mozilla/5.0 (iPad; CPU OS 9_3_3 like Mac OS X) AppleWebKit/601.1.46 (KHTML, like Gecko) Version/9.0 Mobile/13G34 Safari/601.1"
213.114.199.16 - - [12/Aug/2016:08:01:13 +0200] "GET /forum/download/file.php?avatar=1268_1421743580.jpg HTTP/1.1" 200 11146 "https://dbwebb.se/forum/viewtopic.php?f=40&t=4420" "Mozilla/5.0 (iPad; CPU OS 9_3_3 like Mac OS X) AppleWebKit/601.1.46 (KHTML, like Gecko) Version/9.0 Mobile/13G34 Safari/601.1"
213.114.199.16 - - [12/Aug/2016:08:01:13 +0200] "GET /forum/download/file.php?avatar=1797_1409676138.jpg HTTP/1.1" 200 12221 "https://dbwebb.se/forum/viewtopic.php?f=40&t=4420" "Mozilla/5.0 (iPad; CPU OS 9_3_3 like Mac OS X) AppleWebKit/601.1.46 (KHTML, like Gecko) Version/9.0 Mobile/13G34 Safari/601.1"
117.239.83.193 - - [12/Aug/2016:08:01:33 +0200] "GET /kod-exempel/dynamic_php_menu HTTP/1.1" 301 3857 "https://www.google.co.in/" "Mozilla/5.0 (Windows NT 6.3; Win64; x64) AppleWebKit/537.36 (KHTML, like Gecko) Chrome/52.0.2743.116 Safari/537.36"
23.238.205.146 - - [12/Aug/2016:08:01:51 +0200] "GET /kunskap/anvand-php-pa-kommandoraden HTTP/1.1" 200 10208 "-" "Mozilla/5.0 (Windows NT 6.1; WOW64) AppleWebKit/537.36 (KHTML, like Gecko) Dragon/36.1.1.21 Chrome/36.0.1985.97 Safari/537.36"
207.46.13.30 - - [12/Aug/2016:08:02:08 +0200] "GET /htmlphp/me/kmom05/blokket.php?p=read-all HTTP/1.1" 302 4333 "-" "Mozilla/5.0 (compatible; bingbot/2.0; +http://www.bing.com/bingbot.htm)"
178.73.197.115 - - [12/Aug/2016:08:02:08 +0200] "GET /kunskap/anax-en-hallbar-struktur-for-dina-webbapplikationer HTTP/1.1" 200 23893 "-" "Mozilla/5.0 (Macintosh; Intel Mac OS X 10_11_4) AppleWebKit/601.5.17 (KHTML, like Gecko)"
178.73.197.115 - - [12/Aug/2016:08:02:09 +0200] "GET /apple-touch-icon-precomposed.png HTTP/1.1" 404 14184 "-" "Safari/11601.5.17.1 CFNetwork/760.4.2 Darwin/15.4.0 (x86_64)"
178.73.197.115 - - [12/Aug/2016:08:02:09 +0200] "GET /apple-touch-icon.png HTTP/1.1" 404 11308 "-" "Safari/11601.5.17.1 CFNetwork/760.4.2 Darwin/15.4.0 (x86_64)"
178.73.197.115 - - [12/Aug/2016:08:02:09 +0200] "GET /kunskap/anax-en-hallbar-struktur-for-dina-webbapplikationer HTTP/1.1" 200 20915 "-" "Mozilla/5.0 (iPhone; CPU iPhone OS 9_3 like Mac OS X) AppleWebKit/601.1.46 (KHTML, like Gecko) Version/9.0 Mobile/13E188a Safari/601.1"
178.73.197.115 - - [12/Aug/2016:08:02:09 +0200] "GET /apple-touch-icon-precomposed.png HTTP/1.1" 404 11344 "-" "Safari/11601.5.17.1 CFNetwork/760.4.2 Darwin/15.4.0 (x86_64)"
178.73.197.115 - - [12/Aug/2016:08:02:09 +0200] "GET /apple-touch-icon.png HTTP/1.1" 404 11308 "-" "Safari/11601.5.17.1 CFNetwork/760.4.2 Darwin/15.4.0 (x86_64)"
207.46.13.30 - - [12/Aug/2016:08:02:10 +0200] "GET /uppgift/skapa-en-me-sida-i-kursen-htmlphp/kmom05/blokket.php?p=read-all HTTP/1.1" 404 14903 "-" "Mozilla/5.0 (compatible; bingbot/2.0; +http://www.bing.com/bingbot.htm)"
66.249.76.100 - - [12/Aug/2016:08:02:28 +0200] "GET /forum/feed.php?f=32&t=274 HTTP/1.1" 200 10003 "-" "Mozilla/5.0 (compatible; Googlebot/2.1; +http://www.google.com/bot.html)"
66.249.76.98 - - [12/Aug/2016:08:03:38 +0200] "GET /kurser/htmlphp/labbmiljo/texteditor HTTP/1.1" 200 6922 "-" "Mozilla/5.0 (Linux; Android 6.0.1; Nexus 5X Build/MMB29P) AppleWebKit/537.36 (KHTML, like Gecko) Chrome/41.0.2272.96 Mobile Safari/537.36 (compatible; Googlebot/2.1; +http://www.google.com/bot.html)"
178.255.215.98 - - [12/Aug/2016:08:03:43 +0200] "GET / HTTP/1.1" 200 9703 "-" "Mozilla/5.0 (X11; Linux x86_64) AppleWebKit/538.1 (KHTML, like Gecko) NG/6.5.24024 Safari/538.1"
178.255.215.98 - - [12/Aug/2016:08:03:43 +0200] "GET /image/snapht16/genomstromning-program.png?w=c5 HTTP/1.1" 200 6739 "https://dbwebb.se/" "Mozilla/5.0 (X11; Linux x86_64) AppleWebKit/538.1 (KHTML, like Gecko) NG/6.5.24024 Safari/538.1"
178.255.215.98 - - [12/Aug/2016:08:03:43 +0200] "GET /image/vimmel/forsmak-ht15.jpg?w=w2&h=100&cf HTTP/1.1" 200 25562 "https://dbwebb.se/" "Mozilla/5.0 (X11; Linux x86_64) AppleWebKit/538.1 (KHTML, like Gecko) NG/6.5.24024 Safari/538.1"
178.255.215.98 - - [12/Aug/2016:08:03:44 +0200] "GET /image/tema/trad/blad.jpg HTTP/1.1" 200 3612 "https://dbwebb.se/" "Mozilla/5.0 (X11; Linux x86_64) AppleWebKit/538.1 (KHTML, like Gecko) NG/6.5.24024 Safari/538.1"
178.255.215.98 - - [12/Aug/2016:08:03:44 +0200] "GET /image/snapvt16/kutv-vt16.png HTTP/1.1" 200 949 "https://dbwebb.se/" "Mozilla/5.0 (X11; Linux x86_64) AppleWebKit/538.1 (KHTML, like Gecko) NG/6.5.24024 Safari/538.1"
178.255.215.98 - - [12/Aug/2016:08:03:44 +0200] "GET /image/snapvt16/kabbe-vilar.jpg?w=c5&a=55,40,25,40 HTTP/1.1" 200 7198 "https://dbwebb.se/" "Mozilla/5.0 (X11; Linux x86_64) AppleWebKit/538.1 (KHTML, like Gecko) NG/6.5.24024 Safari/538.1"
